WARNING: A restricted method in java.lang.System has been called
WARNING: java.lang.System::load has been called by org.fusesource.jansi.internal.JansiLoader in an unnamed module (file:/Users/chandu/.m2/wrapper/dists/apache-maven-3.8.4-bin/52ccbt68d252mdldqsfsn03jlf/apache-maven-3.8.4/lib/jansi-2.4.0.jar)
WARNING: Use --enable-native-access=ALL-UNNAMED to avoid a warning for callers in this module
WARNING: Restricted methods will be blocked in a future release unless native access is enabled

WARNING: A terminally deprecated method in sun.misc.Unsafe has been called
WARNING: sun.misc.Unsafe::objectFieldOffset has been called by com.google.common.util.concurrent.AbstractFuture$UnsafeAtomicHelper (file:/Users/chandu/.m2/wrapper/dists/apache-maven-3.8.4-bin/52ccbt68d252mdldqsfsn03jlf/apache-maven-3.8.4/lib/guava-25.1-android.jar)
WARNING: Please consider reporting this to the maintainers of class com.google.common.util.concurrent.AbstractFuture$UnsafeAtomicHelper
WARNING: sun.misc.Unsafe::objectFieldOffset will be removed in a future release
[INFO] Scanning for projects...
[INFO] 
[INFO] ------------------------< com.jpmc:midas-core >-------------------------
[INFO] Building midas-core 1.0.0
[INFO] --------------------------------[ jar ]---------------------------------
[INFO] 
[INFO] --- maven-clean-plugin:3.3.2:clean (default-clean) @ midas-core ---
[INFO] Deleting /Users/chandu/Project/github/forage-midas-chandu/target
[INFO] 
[INFO] --- maven-resources-plugin:3.3.1:resources (default-resources) @ midas-core ---
[INFO] skip non existing resourceDirectory /Users/chandu/Project/github/forage-midas-chandu/src/main/resources
[INFO] skip non existing resourceDirectory /Users/chandu/Project/github/forage-midas-chandu/src/main/resources
[INFO] 
[INFO] --- maven-compiler-plugin:3.11.0:compile (default-compile) @ midas-core ---
[INFO] Changes detected - recompiling the module! :source
[INFO] Compiling 9 source files with javac [debug release 17] to target/classes
[INFO] 
[INFO] --- maven-resources-plugin:3.3.1:testResources (default-testResources) @ midas-core ---
[INFO] Copying 5 resources from src/test/resources to target/test-classes
[INFO] 
[INFO] --- maven-compiler-plugin:3.11.0:testCompile (default-testCompile) @ midas-core ---
[INFO] Changes detected - recompiling the module! :dependency
[INFO] Compiling 9 source files with javac [debug release 17] to target/test-classes
[INFO] 
[INFO] --- maven-surefire-plugin:3.1.2:test (default-test) @ midas-core ---
[INFO] Using auto detected provider org.apache.maven.surefire.junitplatform.JUnitPlatformProvider
[INFO] 
[INFO] -------------------------------------------------------
[INFO]  T E S T S
[INFO] -------------------------------------------------------
[INFO] Running com.jpmc.midascore.TaskThreeTests
19:53:42.451 [main] INFO org.springframework.test.context.support.AnnotationConfigContextLoaderUtils -- Could not detect default configuration classes for test class [com.jpmc.midascore.TaskThreeTests]: TaskThreeTests does not declare any static, non-private, non-final, nested classes annotated with @Configuration.
19:53:42.496 [main] INFO org.springframework.boot.test.context.SpringBootTestContextBootstrapper -- Found @SpringBootConfiguration com.jpmc.midascore.MidasCoreApplication for test class com.jpmc.midascore.TaskThreeTests

  .   ____          _            __ _ _
 /\\ / ___'_ __ _ _(_)_ __  __ _ \ \ \ \
( ( )\___ | '_ | '_| | '_ \/ _` | \ \ \ \
 \\/  ___)| |_)| | | | | || (_| |  ) ) ) )
  '  |____| .__|_| |_|_| |_\__, | / / / /
 =========|_|==============|___/=/_/_/_/
 :: Spring Boot ::                (v3.2.5)

2026-01-30T19:53:42.869+05:30  INFO 41816 --- [           main] k.utils.Log4jControllerRegistration$     : Registered kafka:type=kafka.Log4jController MBean
2026-01-30T19:53:42.883+05:30  INFO 41816 --- [           main] org.apache.zookeeper.common.X509Util     : Setting -D jdk.tls.rejectClientInitiatedRenegotiation=true to disable client-initiated TLS renegotiation
2026-01-30T19:53:42.947+05:30  INFO 41816 --- [-kit-executor-1] kafka.server.ControllerServer            : Formatting /var/folders/7k/x4crv6tn66s6j0tcy7vqrdlc0000gn/T/kafka-13239522964465261832/controller_0 with metadata.version 3.3-IV0.
2026-01-30T19:53:42.948+05:30  INFO 41816 --- [-kit-executor-3] kafka.server.BrokerServer                : [BrokerServer id=0] Transition from SHUTDOWN to STARTING
2026-01-30T19:53:42.948+05:30  INFO 41816 --- [-kit-executor-2] kafka.server.ControllerServer            : [ControllerServer id=0] Starting controller
2026-01-30T19:53:42.948+05:30  INFO 41816 --- [-kit-executor-3] kafka.server.SharedServer                : [SharedServer id=0] Starting SharedServer
2026-01-30T19:53:42.958+05:30  INFO 41816 --- [-kit-executor-2] o.a.k.s.network.EndpointReadyFutures     : authorizerStart completed for endpoint CONTROLLER. Endpoint is now READY.
2026-01-30T19:53:43.000+05:30  INFO 41816 --- [-kit-executor-3] kafka.log.UnifiedLog$                    : [LogLoader partition=__cluster_metadata-0, dir=/var/folders/7k/x4crv6tn66s6j0tcy7vqrdlc0000gn/T/kafka-13239522964465261832/controller_0] Loading producer state till offset 0 with message format version 2
2026-01-30T19:53:43.000+05:30  INFO 41816 --- [-kit-executor-3] kafka.log.UnifiedLog$                    : [LogLoader partition=__cluster_metadata-0, dir=/var/folders/7k/x4crv6tn66s6j0tcy7vqrdlc0000gn/T/kafka-13239522964465261832/controller_0] Reloading from producer snapshot and rebuilding producer state from offset 0
2026-01-30T19:53:43.000+05:30  INFO 41816 --- [-kit-executor-3] kafka.log.UnifiedLog$                    : [LogLoader partition=__cluster_metadata-0, dir=/var/folders/7k/x4crv6tn66s6j0tcy7vqrdlc0000gn/T/kafka-13239522964465261832/controller_0] Producer state recovery took 0ms for snapshot load and 0ms for segment recovery from offset 0
2026-01-30T19:53:43.017+05:30  INFO 41816 --- [-kit-executor-3] kafka.raft.KafkaMetadataLog$             : Initialized snapshots with IDs SortedSet() from /var/folders/7k/x4crv6tn66s6j0tcy7vqrdlc0000gn/T/kafka-13239522964465261832/controller_0/__cluster_metadata-0
2026-01-30T19:53:43.030+05:30  INFO 41816 --- [piration-reaper] ExpirationService$ExpiredOperationReaper : [raft-expiration-reaper]: Starting
2026-01-30T19:53:43.057+05:30  INFO 41816 --- [-kit-executor-3] org.apache.kafka.raft.QuorumState        : [RaftManager id=0] Completed transition to Unattached(epoch=0, voters=[0], electionTimeoutMs=1269) from null
2026-01-30T19:53:43.062+05:30  INFO 41816 --- [-kit-executor-3] org.apache.kafka.raft.QuorumState        : [RaftManager id=0] Completed transition to CandidateState(localId=0, epoch=1, retries=1, voteStates={0=GRANTED}, highWatermark=Optional.empty, electionTimeoutMs=1168) from Unattached(epoch=0, voters=[0], electionTimeoutMs=1269)
2026-01-30T19:53:43.067+05:30  INFO 41816 --- [-kit-executor-3] org.apache.kafka.raft.QuorumState        : [RaftManager id=0] Completed transition to Leader(localId=0, epoch=1, epochStartOffset=0, highWatermark=Optional.empty, voterStates={0=ReplicaState(nodeId=0, endOffset=Optional.empty, lastFetchTimestamp=-1, lastCaughtUpTimestamp=-1, hasAcknowledgedLeader=true)}) from CandidateState(localId=0, epoch=1, retries=1, voteStates={0=GRANTED}, highWatermark=Optional.empty, electionTimeoutMs=1168)
2026-01-30T19:53:43.099+05:30  INFO 41816 --- [-kit-executor-2] kafka.network.ConnectionQuotas           : Updated connection-accept-rate max connection creation rate to 2147483647
2026-01-30T19:53:43.111+05:30  INFO 41816 --- [-kit-executor-2] kafka.network.DataPlaneAcceptor          : Awaiting socket connections on localhost:60621.
2026-01-30T19:53:43.112+05:30  INFO 41816 --- [-kit-executor-2] kafka.network.DataPlaneAcceptor          : Opened wildcard endpoint localhost:60621
2026-01-30T19:53:43.118+05:30  INFO 41816 --- [-kit-executor-2] kafka.network.SocketServer               : [SocketServer listenerType=CONTROLLER, nodeId=0] Created data-plane acceptor and processors for endpoint : ListenerName(CONTROLLER)
2026-01-30T19:53:43.120+05:30  INFO 41816 --- [-request-thread] kafka.raft.RaftSendThread                : [kafka-0-raft-outbound-request-thread]: Starting
2026-01-30T19:53:43.120+05:30  INFO 41816 --- [-raft-io-thread] k.raft.KafkaRaftManager$RaftIoThread     : [kafka-0-raft-io-thread]: Starting
2026-01-30T19:53:43.126+05:30  INFO 41816 --- [-raft-io-thread] org.apache.kafka.raft.LeaderState        : [RaftManager id=0] High watermark set to LogOffsetMetadata(offset=1, metadata=Optional[(segmentBaseOffset=0,relativePositionInSegment=91)]) for the first time for epoch 1 based on indexOfHw 0 and voters [ReplicaState(nodeId=0, endOffset=Optional[LogOffsetMetadata(offset=1, metadata=Optional[(segmentBaseOffset=0,relativePositionInSegment=91)])], lastFetchTimestamp=-1, lastCaughtUpTimestamp=-1, hasAcknowledgedLeader=true)]
2026-01-30T19:53:43.129+05:30  INFO 41816 --- [r-event-handler] o.a.kafka.image.loader.MetadataLoader    : [MetadataLoader id=0] initializeNewPublishers: The loader is still catching up because we have loaded up to offset -1, but the high water mark is 1
2026-01-30T19:53:43.129+05:30  INFO 41816 --- [-kit-executor-3] kafka.server.BrokerServer                : [BrokerServer id=0] Starting broker
2026-01-30T19:53:43.129+05:30  INFO 41816 --- [-kit-executor-2] kafka.server.ControllerServer            : [ControllerServer id=0] Waiting for controller quorum voters future
2026-01-30T19:53:43.129+05:30  INFO 41816 --- [-kit-executor-2] kafka.server.ControllerServer            : [ControllerServer id=0] Finished waiting for controller quorum voters future
2026-01-30T19:53:43.133+05:30  INFO 41816 --- [-raft-io-thread] org.apache.kafka.raft.KafkaRaftClient    : [RaftManager id=0] Registered the listener org.apache.kafka.image.loader.MetadataLoader@612153153
2026-01-30T19:53:43.135+05:30  INFO 41816 --- [nelReaper-Fetch] lientQuotaManager$ThrottledChannelReaper : [broker-0-ThrottledChannelReaper-Fetch]: Starting
2026-01-30T19:53:43.135+05:30  INFO 41816 --- [lReaper-Produce] lientQuotaManager$ThrottledChannelReaper : [broker-0-ThrottledChannelReaper-Produce]: Starting
2026-01-30T19:53:43.136+05:30  INFO 41816 --- [lReaper-Request] lientQuotaManager$ThrottledChannelReaper : [broker-0-ThrottledChannelReaper-Request]: Starting
2026-01-30T19:53:43.136+05:30  INFO 41816 --- [r-event-handler] o.a.kafka.image.loader.MetadataLoader    : [MetadataLoader id=0] maybePublishMetadata(LOG_DELTA): The loader is still catching up because we have not loaded a controller record as of offset 0 and high water mark is 1
2026-01-30T19:53:43.136+05:30  INFO 41816 --- [trollerMutation] lientQuotaManager$ThrottledChannelReaper : [broker-0-ThrottledChannelReaper-ControllerMutation]: Starting
2026-01-30T19:53:43.140+05:30  INFO 41816 --- [-kit-executor-2] o.a.kafka.controller.QuorumController    : [QuorumController id=0] Creating new QuorumController with clusterId dTl366OXQtiL2mg8Sameww.
2026-01-30T19:53:43.141+05:30  INFO 41816 --- [-raft-io-thread] org.apache.kafka.raft.KafkaRaftClient    : [RaftManager id=0] Registered the listener org.apache.kafka.controller.QuorumController$QuorumMetaLogListener@2082240246
2026-01-30T19:53:43.141+05:30  INFO 41816 --- [lReaper-Produce] lientQuotaManager$ThrottledChannelReaper : [controller-0-ThrottledChannelReaper-Produce]: Starting
2026-01-30T19:53:43.141+05:30  INFO 41816 --- [trollerMutation] lientQuotaManager$ThrottledChannelReaper : [controller-0-ThrottledChannelReaper-ControllerMutation]: Starting
2026-01-30T19:53:43.141+05:30  INFO 41816 --- [nelReaper-Fetch] lientQuotaManager$ThrottledChannelReaper : [controller-0-ThrottledChannelReaper-Fetch]: Starting
2026-01-30T19:53:43.141+05:30  INFO 41816 --- [lReaper-Request] lientQuotaManager$ThrottledChannelReaper : [controller-0-ThrottledChannelReaper-Request]: Starting
2026-01-30T19:53:43.142+05:30  INFO 41816 --- [0-event-handler] o.a.kafka.controller.QuorumController    : [QuorumController id=0] Becoming the active controller at epoch 1, next write offset 1.
2026-01-30T19:53:43.143+05:30  INFO 41816 --- [-kit-executor-3] kafka.log.LogManager                     : Log directory /var/folders/7k/x4crv6tn66s6j0tcy7vqrdlc0000gn/T/kafka-13239522964465261832/broker_0_data0 not found, creating it.
2026-01-30T19:53:43.144+05:30  WARN 41816 --- [0-event-handler] o.a.kafka.controller.QuorumController    : [QuorumController id=0] Performing controller activation. The metadata log appears to be empty. Appending 1 bootstrap record(s) in metadata transaction at metadata.version 3.6-IV2 from bootstrap source 'testkit'. Setting the ZK migration state to NONE since this is a de-novo KRaft cluster.
2026-01-30T19:53:43.144+05:30  INFO 41816 --- [0-event-handler] o.a.k.controller.OffsetControlManager    : [QuorumController id=0] Replayed BeginTransactionRecord(name='Bootstrap records') at offset 1.
2026-01-30T19:53:43.145+05:30  INFO 41816 --- [0-event-handler] o.a.k.controller.FeatureControlManager   : [QuorumController id=0] Replayed a FeatureLevelRecord setting metadata version to 3.6-IV2
2026-01-30T19:53:43.145+05:30  INFO 41816 --- [0-event-handler] o.a.k.controller.OffsetControlManager    : [QuorumController id=0] Replayed EndTransactionRecord() at offset 4.
2026-01-30T19:53:43.147+05:30  INFO 41816 --- [per-0-AlterAcls] perationPurgatory$ExpiredOperationReaper : [ExpirationReaper-0-AlterAcls]: Starting
2026-01-30T19:53:43.148+05:30  INFO 41816 --- [-kit-executor-3] kafka.server.BrokerServer                : [BrokerServer id=0] Waiting for controller quorum voters future
2026-01-30T19:53:43.149+05:30  INFO 41816 --- [-kit-executor-3] kafka.server.BrokerServer                : [BrokerServer id=0] Finished waiting for controller quorum voters future
2026-01-30T19:53:43.151+05:30  INFO 41816 --- [channel-manager] k.s.BrokerToControllerRequestThread      : [broker-0-to-controller-forwarding-channel-manager]: Starting
2026-01-30T19:53:43.151+05:30  INFO 41816 --- [channel-manager] k.s.BrokerToControllerRequestThread      : [broker-0-to-controller-forwarding-channel-manager]: Recorded new controller, from now on will use node localhost:60621 (id: 0 rack: null)
2026-01-30T19:53:43.151+05:30  INFO 41816 --- [-kit-executor-2] kafka.server.ControllerServer            : [ControllerServer id=0] Waiting for the controller metadata publishers to be installed
2026-01-30T19:53:43.152+05:30  INFO 41816 --- [r-event-handler] o.a.kafka.image.loader.MetadataLoader    : [MetadataLoader id=0] initializeNewPublishers: The loader finished catching up to the current high water mark of 1
2026-01-30T19:53:43.152+05:30  INFO 41816 --- [-kit-executor-2] kafka.server.ControllerServer            : [ControllerServer id=0] Finished waiting for the controller metadata publishers to be installed
2026-01-30T19:53:43.152+05:30  INFO 41816 --- [-kit-executor-2] kafka.network.SocketServer               : [SocketServer listenerType=CONTROLLER, nodeId=0] Enabling request processing.
2026-01-30T19:53:43.153+05:30  INFO 41816 --- [-kit-executor-2] kafka.server.ControllerServer            : [ControllerServer id=0] Waiting for all of the authorizer futures to be completed
2026-01-30T19:53:43.153+05:30  INFO 41816 --- [-kit-executor-2] kafka.server.ControllerServer            : [ControllerServer id=0] Finished waiting for all of the authorizer futures to be completed
2026-01-30T19:53:43.153+05:30  INFO 41816 --- [-kit-executor-2] kafka.server.ControllerServer            : [ControllerServer id=0] Waiting for all of the SocketServer Acceptors to be started
2026-01-30T19:53:43.153+05:30  INFO 41816 --- [-kit-executor-2] kafka.server.ControllerServer            : [ControllerServer id=0] Finished waiting for all of the SocketServer Acceptors to be started
2026-01-30T19:53:43.154+05:30  INFO 41816 --- [r-event-handler] o.a.kafka.image.loader.MetadataLoader    : [MetadataLoader id=0] InitializeNewPublishers: initializing SnapshotGenerator with a snapshot at offset 0
2026-01-30T19:53:43.154+05:30  INFO 41816 --- [r-event-handler] o.a.kafka.image.loader.MetadataLoader    : [MetadataLoader id=0] InitializeNewPublishers: initializing FeaturesPublisher with a snapshot at offset 0
2026-01-30T19:53:43.154+05:30  INFO 41816 --- [r-event-handler] o.a.kafka.image.loader.MetadataLoader    : [MetadataLoader id=0] InitializeNewPublishers: initializing DynamicConfigPublisher controller id=0 with a snapshot at offset 0
2026-01-30T19:53:43.154+05:30  INFO 41816 --- [r-event-handler] o.a.kafka.image.loader.MetadataLoader    : [MetadataLoader id=0] InitializeNewPublishers: initializing DynamicClientQuotaPublisher controller id=0 with a snapshot at offset 0
2026-01-30T19:53:43.155+05:30  INFO 41816 --- [r-event-handler] o.a.kafka.image.loader.MetadataLoader    : [MetadataLoader id=0] InitializeNewPublishers: initializing ScramPublisher controller id=0 with a snapshot at offset 0
2026-01-30T19:53:43.155+05:30  INFO 41816 --- [r-event-handler] o.a.kafka.image.loader.MetadataLoader    : [MetadataLoader id=0] InitializeNewPublishers: initializing DelegationTokenPublisher controller id=0 with a snapshot at offset 0
2026-01-30T19:53:43.156+05:30  INFO 41816 --- [r-event-handler] o.a.kafka.image.loader.MetadataLoader    : [MetadataLoader id=0] InitializeNewPublishers: initializing ControllerMetadataMetricsPublisher with a snapshot at offset 0
2026-01-30T19:53:43.156+05:30  INFO 41816 --- [r-event-handler] o.a.kafka.image.loader.MetadataLoader    : [MetadataLoader id=0] InitializeNewPublishers: initializing AclPublisher controller id=0 with a snapshot at offset 0
2026-01-30T19:53:43.160+05:30  INFO 41816 --- [-kit-executor-3] kafka.network.ConnectionQuotas           : Updated connection-accept-rate max connection creation rate to 2147483647
2026-01-30T19:53:43.160+05:30  INFO 41816 --- [-kit-executor-3] kafka.network.DataPlaneAcceptor          : Awaiting socket connections on localhost:60622.
2026-01-30T19:53:43.160+05:30  INFO 41816 --- [-kit-executor-3] kafka.network.DataPlaneAcceptor          : Opened wildcard endpoint localhost:60622
2026-01-30T19:53:43.161+05:30  INFO 41816 --- [-kit-executor-3] kafka.network.SocketServer               : [SocketServer listenerType=BROKER, nodeId=0] Created data-plane acceptor and processors for endpoint : ListenerName(EXTERNAL)
2026-01-30T19:53:43.163+05:30  INFO 41816 --- [channel-manager] k.s.BrokerToControllerRequestThread      : [broker-0-to-controller-alter-partition-channel-manager]: Starting
2026-01-30T19:53:43.163+05:30  INFO 41816 --- [channel-manager] k.s.BrokerToControllerRequestThread      : [broker-0-to-controller-alter-partition-channel-manager]: Recorded new controller, from now on will use node localhost:60621 (id: 0 rack: null)
2026-01-30T19:53:43.173+05:30  INFO 41816 --- [eaper-0-Produce] perationPurgatory$ExpiredOperationReaper : [ExpirationReaper-0-Produce]: Starting
2026-01-30T19:53:43.173+05:30  INFO 41816 --- [nReaper-0-Fetch] perationPurgatory$ExpiredOperationReaper : [ExpirationReaper-0-Fetch]: Starting
2026-01-30T19:53:43.173+05:30  INFO 41816 --- [0-DeleteRecords] perationPurgatory$ExpiredOperationReaper : [ExpirationReaper-0-DeleteRecords]: Starting
2026-01-30T19:53:43.174+05:30  INFO 41816 --- [r-0-ElectLeader] perationPurgatory$ExpiredOperationReaper : [ExpirationReaper-0-ElectLeader]: Starting
2026-01-30T19:53:43.174+05:30  INFO 41816 --- [r-0-RemoteFetch] perationPurgatory$ExpiredOperationReaper : [ExpirationReaper-0-RemoteFetch]: Starting
2026-01-30T19:53:43.182+05:30  INFO 41816 --- [per-0-Heartbeat] perationPurgatory$ExpiredOperationReaper : [ExpirationReaper-0-Heartbeat]: Starting
2026-01-30T19:53:43.182+05:30  INFO 41816 --- [per-0-Rebalance] perationPurgatory$ExpiredOperationReaper : [ExpirationReaper-0-Rebalance]: Starting
2026-01-30T19:53:43.194+05:30  INFO 41816 --- [channel-manager] k.s.BrokerToControllerRequestThread      : [broker-0-to-controller-heartbeat-channel-manager]: Starting
2026-01-30T19:53:43.194+05:30  INFO 41816 --- [channel-manager] k.s.BrokerToControllerRequestThread      : [broker-0-to-controller-heartbeat-channel-manager]: Recorded new controller, from now on will use node localhost:60621 (id: 0 rack: null)
2026-01-30T19:53:43.195+05:30  INFO 41816 --- [r-event-handler] kafka.server.BrokerLifecycleManager      : [BrokerLifecycleManager id=0] Incarnation dJC_Xl4nSua6POeX0C6qwQ of broker 0 in cluster dTl366OXQtiL2mg8Sameww is now STARTING.
2026-01-30T19:53:43.202+05:30  INFO 41816 --- [per-0-AlterAcls] perationPurgatory$ExpiredOperationReaper : [ExpirationReaper-0-AlterAcls]: Starting
2026-01-30T19:53:43.209+05:30  INFO 41816 --- [-kit-executor-3] kafka.server.BrokerServer                : [BrokerServer id=0] Waiting for the broker metadata publishers to be installed
2026-01-30T19:53:43.209+05:30  INFO 41816 --- [-kit-executor-3] kafka.server.BrokerServer                : [BrokerServer id=0] Finished waiting for the broker metadata publishers to be installed
2026-01-30T19:53:43.209+05:30  INFO 41816 --- [-kit-executor-3] kafka.server.BrokerServer                : [BrokerServer id=0] Waiting for the controller to acknowledge that we are caught up
2026-01-30T19:53:43.209+05:30  INFO 41816 --- [r-event-handler] o.a.kafka.image.loader.MetadataLoader    : [MetadataLoader id=0] InitializeNewPublishers: initializing BrokerMetadataPublisher with a snapshot at offset 4
2026-01-30T19:53:43.209+05:30  INFO 41816 --- [r-event-handler] k.s.metadata.BrokerMetadataPublisher     : [BrokerMetadataPublisher id=0] Publishing initial metadata at offset OffsetAndEpoch(offset=4, epoch=1) with metadata.version 3.6-IV2.
2026-01-30T19:53:43.210+05:30  INFO 41816 --- [r-event-handler] kafka.log.LogManager                     : Loading logs from log dirs ArraySeq(/var/folders/7k/x4crv6tn66s6j0tcy7vqrdlc0000gn/T/kafka-13239522964465261832/broker_0_data0)
2026-01-30T19:53:43.211+05:30  INFO 41816 --- [r-event-handler] kafka.log.LogManager                     : No logs found to be loaded in /var/folders/7k/x4crv6tn66s6j0tcy7vqrdlc0000gn/T/kafka-13239522964465261832/broker_0_data0
2026-01-30T19:53:43.213+05:30  INFO 41816 --- [r-event-handler] kafka.log.LogManager                     : Loaded 0 logs in 3ms
2026-01-30T19:53:43.213+05:30  INFO 41816 --- [r-event-handler] kafka.log.LogManager                     : Starting log cleanup with a period of 300000 ms.
2026-01-30T19:53:43.213+05:30  INFO 41816 --- [r-event-handler] kafka.log.LogManager                     : Starting log flusher with a default period of 9223372036854775807 ms.
2026-01-30T19:53:43.217+05:30  INFO 41816 --- [0-event-handler] o.a.k.controller.ClusterControlManager   : [QuorumController id=0] Replayed initial RegisterBrokerRecord for broker 0: RegisterBrokerRecord(brokerId=0, isMigratingZkBroker=false, incarnationId=dJC_Xl4nSua6POeX0C6qwQ, brokerEpoch=5, endPoints=[BrokerEndpoint(name='EXTERNAL', host='localhost', port=60622, securityProtocol=0)], features=[BrokerFeature(name='metadata.version', minSupportedVersion=1, maxSupportedVersion=14)], rack=null, fenced=true, inControlledShutdown=false)
2026-01-30T19:53:43.217+05:30  INFO 41816 --- [r-event-handler] kafka.log.LogCleaner                     : Starting the log cleaner
2026-01-30T19:53:43.220+05:30  INFO 41816 --- [leaner-thread-0] kafka.log.LogCleaner$CleanerThread       : [kafka-log-cleaner-thread-0]: Starting
2026-01-30T19:53:43.220+05:30  INFO 41816 --- [rFailureHandler] k.s.ReplicaManager$LogDirFailureHandler  : [LogDirFailureHandler]: Starting
2026-01-30T19:53:43.220+05:30  INFO 41816 --- [nSenderThread-0] kafka.server.AddPartitionsToTxnManager   : [AddPartitionsToTxnSenderThread-0]: Starting
2026-01-30T19:53:43.220+05:30  INFO 41816 --- [r-event-handler] k.coordinator.group.GroupCoordinator     : [GroupCoordinator 0]: Starting up.
2026-01-30T19:53:43.221+05:30  INFO 41816 --- [r-event-handler] k.coordinator.group.GroupCoordinator     : [GroupCoordinator 0]: Startup complete.
2026-01-30T19:53:43.221+05:30  INFO 41816 --- [r-event-handler] k.c.transaction.TransactionCoordinator   : [TransactionCoordinator id=0] Starting up.
2026-01-30T19:53:43.222+05:30  INFO 41816 --- [rSenderThread-0] k.c.t.TransactionMarkerChannelManager    : [TxnMarkerSenderThread-0]: Starting
2026-01-30T19:53:43.222+05:30  INFO 41816 --- [r-event-handler] k.c.transaction.TransactionCoordinator   : [TransactionCoordinator id=0] Startup complete.
2026-01-30T19:53:43.222+05:30  INFO 41816 --- [r-event-handler] k.s.metadata.BrokerMetadataPublisher     : [BrokerMetadataPublisher id=0] Updating metadata.version to 14 at offset OffsetAndEpoch(offset=4, epoch=1).
2026-01-30T19:53:43.249+05:30  INFO 41816 --- [channel-manager] kafka.server.BrokerLifecycleManager      : [BrokerLifecycleManager id=0] Successfully registered broker 0 with broker epoch 5
2026-01-30T19:53:43.251+05:30  INFO 41816 --- [channel-manager] kafka.server.BrokerLifecycleManager      : [BrokerLifecycleManager id=0] The broker has caught up. Transitioning from STARTING to RECOVERY.
2026-01-30T19:53:43.251+05:30  INFO 41816 --- [-kit-executor-3] kafka.server.BrokerServer                : [BrokerServer id=0] Finished waiting for the controller to acknowledge that we are caught up
2026-01-30T19:53:43.251+05:30  INFO 41816 --- [-kit-executor-3] kafka.server.BrokerServer                : [BrokerServer id=0] Waiting for the initial broker metadata update to be published
2026-01-30T19:53:43.251+05:30  INFO 41816 --- [-kit-executor-3] kafka.server.BrokerServer                : [BrokerServer id=0] Finished waiting for the initial broker metadata update to be published
2026-01-30T19:53:43.252+05:30  INFO 41816 --- [-kit-executor-3] kafka.server.KafkaConfig                 : KafkaConfig values: 
	advertised.listeners = null
	alter.config.policy.class.name = null
	alter.log.dirs.replication.quota.window.num = 11
	alter.log.dirs.replication.quota.window.size.seconds = 1
	authorizer.class.name = 
	auto.create.topics.enable = true
	auto.include.jmx.reporter = true
	auto.leader.rebalance.enable = true
	background.threads = 10
	broker.heartbeat.interval.ms = 2000
	broker.id = 0
	broker.id.generation.enable = true
	broker.rack = null
	broker.session.timeout.ms = 9000
	client.quota.callback.class = null
	compression.type = producer
	connection.failed.authentication.delay.ms = 100
	connections.max.idle.ms = 600000
	connections.max.reauth.ms = 0
	control.plane.listener.name = null
	controlled.shutdown.enable = true
	controlled.shutdown.max.retries = 3
	controlled.shutdown.retry.backoff.ms = 5000
	controller.listener.names = CONTROLLER
	controller.quorum.append.linger.ms = 25
	controller.quorum.election.backoff.max.ms = 1000
	controller.quorum.election.timeout.ms = 1000
	controller.quorum.fetch.timeout.ms = 2000
	controller.quorum.request.timeout.ms = 2000
	controller.quorum.retry.backoff.ms = 20
	controller.quorum.voters = [0@0.0.0.0:0]
	controller.quota.window.num = 11
	controller.quota.window.size.seconds = 1
	controller.socket.timeout.ms = 30000
	create.topic.policy.class.name = null
	default.replication.factor = 1
	delegation.token.expiry.check.interval.ms = 3600000
	delegation.token.expiry.time.ms = 86400000
	delegation.token.master.key = null
	delegation.token.max.lifetime.ms = 604800000
	delegation.token.secret.key = null
	delete.records.purgatory.purge.interval.requests = 1
	delete.topic.enable = true
	early.start.listeners = null
	fetch.max.bytes = 57671680
	fetch.purgatory.purge.interval.requests = 1000
	group.consumer.assignors = [org.apache.kafka.coordinator.group.assignor.RangeAssignor]
	group.consumer.heartbeat.interval.ms = 5000
	group.consumer.max.heartbeat.interval.ms = 15000
	group.consumer.max.session.timeout.ms = 60000
	group.consumer.max.size = 2147483647
	group.consumer.min.heartbeat.interval.ms = 5000
	group.consumer.min.session.timeout.ms = 45000
	group.consumer.session.timeout.ms = 45000
	group.coordinator.new.enable = false
	group.coordinator.threads = 1
	group.initial.rebalance.delay.ms = 0
	group.max.session.timeout.ms = 1800000
	group.max.size = 2147483647
	group.min.session.timeout.ms = 6000
	initial.broker.registration.timeout.ms = 60000
	inter.broker.listener.name = EXTERNAL
	inter.broker.protocol.version = 3.6-IV2
	kafka.metrics.polling.interval.secs = 10
	kafka.metrics.reporters = []
	leader.imbalance.check.interval.seconds = 300
	leader.imbalance.per.broker.percentage = 10
	listener.security.protocol.map = EXTERNAL:PLAINTEXT,CONTROLLER:PLAINTEXT
	listeners = EXTERNAL://localhost:0,CONTROLLER://localhost:0
	log.cleaner.backoff.ms = 15000
	log.cleaner.dedupe.buffer.size = 2097152
	log.cleaner.delete.retention.ms = 86400000
	log.cleaner.enable = true
	log.cleaner.io.buffer.load.factor = 0.9
	log.cleaner.io.buffer.size = 524288
	log.cleaner.io.max.bytes.per.second = 1.7976931348623157E308
	log.cleaner.max.compaction.lag.ms = 9223372036854775807
	log.cleaner.min.cleanable.ratio = 0.5
	log.cleaner.min.compaction.lag.ms = 0
	log.cleaner.threads = 1
	log.cleanup.policy = [delete]
	log.dir = /tmp/kafka-logs
	log.dirs = /var/folders/7k/x4crv6tn66s6j0tcy7vqrdlc0000gn/T/kafka-13239522964465261832/broker_0_data0
	log.flush.interval.messages = 9223372036854775807
	log.flush.interval.ms = null
	log.flush.offset.checkpoint.interval.ms = 60000
	log.flush.scheduler.interval.ms = 9223372036854775807
	log.flush.start.offset.checkpoint.interval.ms = 60000
	log.index.interval.bytes = 4096
	log.index.size.max.bytes = 10485760
	log.local.retention.bytes = -2
	log.local.retention.ms = -2
	log.message.downconversion.enable = true
	log.message.format.version = 3.0-IV1
	log.message.timestamp.after.max.ms = 9223372036854775807
	log.message.timestamp.before.max.ms = 9223372036854775807
	log.message.timestamp.difference.max.ms = 9223372036854775807
	log.message.timestamp.type = CreateTime
	log.preallocate = false
	log.retention.bytes = -1
	log.retention.check.interval.ms = 300000
	log.retention.hours = 168
	log.retention.minutes = null
	log.retention.ms = null
	log.roll.hours = 168
	log.roll.jitter.hours = 0
	log.roll.jitter.ms = null
	log.roll.ms = null
	log.segment.bytes = 1073741824
	log.segment.delete.delay.ms = 60000
	max.connection.creation.rate = 2147483647
	max.connections = 2147483647
	max.connections.per.ip = 2147483647
	max.connections.per.ip.overrides = 
	max.incremental.fetch.session.cache.slots = 1000
	message.max.bytes = 1048588
	metadata.log.dir = /var/folders/7k/x4crv6tn66s6j0tcy7vqrdlc0000gn/T/kafka-13239522964465261832/controller_0
	metadata.log.max.record.bytes.between.snapshots = 20971520
	metadata.log.max.snapshot.interval.ms = 3600000
	metadata.log.segment.bytes = 1073741824
	metadata.log.segment.min.bytes = 8388608
	metadata.log.segment.ms = 604800000
	metadata.max.idle.interval.ms = 500
	metadata.max.retention.bytes = 104857600
	metadata.max.retention.ms = 604800000
	metric.reporters = []
	metrics.num.samples = 2
	metrics.recording.level = INFO
	metrics.sample.window.ms = 30000
	min.insync.replicas = 1
	node.id = 0
	num.io.threads = 8
	num.network.threads = 3
	num.partitions = 1
	num.recovery.threads.per.data.dir = 1
	num.replica.alter.log.dirs.threads = null
	num.replica.fetchers = 1
	offset.metadata.max.bytes = 4096
	offsets.commit.required.acks = -1
	offsets.commit.timeout.ms = 5000
	offsets.load.buffer.size = 5242880
	offsets.retention.check.interval.ms = 600000
	offsets.retention.minutes = 10080
	offsets.topic.compression.codec = 0
	offsets.topic.num.partitions = 50
	offsets.topic.replication.factor = 1
	offsets.topic.segment.bytes = 104857600
	password.encoder.cipher.algorithm = AES/CBC/PKCS5Padding
	password.encoder.iterations = 4096
	password.encoder.key.length = 128
	password.encoder.keyfactory.algorithm = null
	password.encoder.old.secret = null
	password.encoder.secret = null
	principal.builder.class = class org.apache.kafka.common.security.authenticator.DefaultKafkaPrincipalBuilder
	process.roles = [broker, controller]
	producer.id.expiration.check.interval.ms = 600000
	producer.id.expiration.ms = 86400000
	producer.purgatory.purge.interval.requests = 1000
	queued.max.request.bytes = -1
	queued.max.requests = 500
	quota.window.num = 11
	quota.window.size.seconds = 1
	remote.log.index.file.cache.total.size.bytes = 1073741824
	remote.log.manager.task.interval.ms = 30000
	remote.log.manager.task.retry.backoff.max.ms = 30000
	remote.log.manager.task.retry.backoff.ms = 500
	remote.log.manager.task.retry.jitter = 0.2
	remote.log.manager.thread.pool.size = 10
	remote.log.metadata.custom.metadata.max.bytes = 128
	remote.log.metadata.manager.class.name = org.apache.kafka.server.log.remote.metadata.storage.TopicBasedRemoteLogMetadataManager
	remote.log.metadata.manager.class.path = null
	remote.log.metadata.manager.impl.prefix = rlmm.config.
	remote.log.metadata.manager.listener.name = null
	remote.log.reader.max.pending.tasks = 100
	remote.log.reader.threads = 10
	remote.log.storage.manager.class.name = null
	remote.log.storage.manager.class.path = null
	remote.log.storage.manager.impl.prefix = rsm.config.
	remote.log.storage.system.enable = false
	replica.fetch.backoff.ms = 1000
	replica.fetch.max.bytes = 1048576
	replica.fetch.min.bytes = 1
	replica.fetch.response.max.bytes = 10485760
	replica.fetch.wait.max.ms = 500
	replica.high.watermark.checkpoint.interval.ms = 5000
	replica.lag.time.max.ms = 30000
	replica.selector.class = null
	replica.socket.receive.buffer.bytes = 65536
	replica.socket.timeout.ms = 30000
	replication.quota.window.num = 11
	replication.quota.window.size.seconds = 1
	request.timeout.ms = 30000
	reserved.broker.max.id = 1000
	sasl.client.callback.handler.class = null
	sasl.enabled.mechanisms = [GSSAPI]
	sasl.jaas.config = null
	sasl.kerberos.kinit.cmd = /usr/bin/kinit
	sasl.kerberos.min.time.before.relogin = 60000
	sasl.kerberos.principal.to.local.rules = [DEFAULT]
	sasl.kerberos.service.name = null
	sasl.kerberos.ticket.renew.jitter = 0.05
	sasl.kerberos.ticket.renew.window.factor = 0.8
	sasl.login.callback.handler.class = null
	sasl.login.class = null
	sasl.login.connect.timeout.ms = null
	sasl.login.read.timeout.ms = null
	sasl.login.refresh.buffer.seconds = 300
	sasl.login.refresh.min.period.seconds = 60
	sasl.login.refresh.window.factor = 0.8
	sasl.login.refresh.window.jitter = 0.05
	sasl.login.retry.backoff.max.ms = 10000
	sasl.login.retry.backoff.ms = 100
	sasl.mechanism.controller.protocol = GSSAPI
	sasl.mechanism.inter.broker.protocol = GSSAPI
	sasl.oauthbearer.clock.skew.seconds = 30
	sasl.oauthbearer.expected.audience = null
	sasl.oauthbearer.expected.issuer = null
	sasl.oauthbearer.jwks.endpoint.refresh.ms = 3600000
	sasl.oauthbearer.jwks.endpoint.retry.backoff.max.ms = 10000
	sasl.oauthbearer.jwks.endpoint.retry.backoff.ms = 100
	sasl.oauthbearer.jwks.endpoint.url = null
	sasl.oauthbearer.scope.claim.name = scope
	sasl.oauthbearer.sub.claim.name = sub
	sasl.oauthbearer.token.endpoint.url = null
	sasl.server.callback.handler.class = null
	sasl.server.max.receive.size = 524288
	security.inter.broker.protocol = PLAINTEXT
	security.providers = null
	server.max.startup.time.ms = 600000
	socket.connection.setup.timeout.max.ms = 30000
	socket.connection.setup.timeout.ms = 10000
	socket.listen.backlog.size = 50
	socket.receive.buffer.bytes = 102400
	socket.request.max.bytes = 104857600
	socket.send.buffer.bytes = 102400
	ssl.cipher.suites = []
	ssl.client.auth = none
	ssl.enabled.protocols = [TLSv1.2, TLSv1.3]
	ssl.endpoint.identification.algorithm = https
	ssl.engine.factory.class = null
	ssl.key.password = null
	ssl.keymanager.algorithm = SunX509
	ssl.keystore.certificate.chain = null
	ssl.keystore.key = null
	ssl.keystore.location = null
	ssl.keystore.password = null
	ssl.keystore.type = JKS
	ssl.principal.mapping.rules = DEFAULT
	ssl.protocol = TLSv1.3
	ssl.provider = null
	ssl.secure.random.implementation = null
	ssl.trustmanager.algorithm = PKIX
	ssl.truststore.certificates = null
	ssl.truststore.location = null
	ssl.truststore.password = null
	ssl.truststore.type = JKS
	transaction.abort.timed.out.transaction.cleanup.interval.ms = 10000
	transaction.max.timeout.ms = 900000
	transaction.partition.verification.enable = true
	transaction.remove.expired.transaction.cleanup.interval.ms = 3600000
	transaction.state.log.load.buffer.size = 5242880
	transaction.state.log.min.isr = 2
	transaction.state.log.num.partitions = 50
	transaction.state.log.replication.factor = 3
	transaction.state.log.segment.bytes = 104857600
	transactional.id.expiration.ms = 604800000
	unclean.leader.election.enable = false
	unstable.api.versions.enable = false
	zookeeper.clientCnxnSocket = null
	zookeeper.connect = null
	zookeeper.connection.timeout.ms = null
	zookeeper.max.in.flight.requests = 10
	zookeeper.metadata.migration.enable = false
	zookeeper.metadata.migration.min.batch.size = 200
	zookeeper.session.timeout.ms = 18000
	zookeeper.set.acl = false
	zookeeper.ssl.cipher.suites = null
	zookeeper.ssl.client.enable = false
	zookeeper.ssl.crl.enable = false
	zookeeper.ssl.enabled.protocols = null
	zookeeper.ssl.endpoint.identification.algorithm = HTTPS
	zookeeper.ssl.keystore.location = null
	zookeeper.ssl.keystore.password = null
	zookeeper.ssl.keystore.type = null
	zookeeper.ssl.ocsp.enable = false
	zookeeper.ssl.protocol = TLSv1.2
	zookeeper.ssl.truststore.location = null
	zookeeper.ssl.truststore.password = null
	zookeeper.ssl.truststore.type = null

2026-01-30T19:53:43.254+05:30  INFO 41816 --- [-kit-executor-3] kafka.server.BrokerServer                : [BrokerServer id=0] Waiting for the broker to be unfenced
2026-01-30T19:53:43.255+05:30  INFO 41816 --- [0-event-handler] o.a.k.controller.BrokerHeartbeatManager  : [QuorumController id=0] The request from broker 0 to unfence has been granted because it has caught up with the offset of its register broker record 5.
2026-01-30T19:53:43.257+05:30  INFO 41816 --- [0-event-handler] o.a.k.controller.ClusterControlManager   : [QuorumController id=0] Replayed BrokerRegistrationChangeRecord modifying the registration for broker 0: BrokerRegistrationChangeRecord(brokerId=0, brokerEpoch=5, fenced=-1, inControlledShutdown=0)
2026-01-30T19:53:43.286+05:30  INFO 41816 --- [channel-manager] kafka.server.BrokerLifecycleManager      : [BrokerLifecycleManager id=0] The broker has been unfenced. Transitioning from RECOVERY to RUNNING.
2026-01-30T19:53:43.286+05:30  INFO 41816 --- [-kit-executor-3] kafka.server.BrokerServer                : [BrokerServer id=0] Finished waiting for the broker to be unfenced
2026-01-30T19:53:43.287+05:30  INFO 41816 --- [-kit-executor-3] o.a.k.s.network.EndpointReadyFutures     : authorizerStart completed for endpoint EXTERNAL. Endpoint is now READY.
2026-01-30T19:53:43.287+05:30  INFO 41816 --- [-kit-executor-3] kafka.network.SocketServer               : [SocketServer listenerType=BROKER, nodeId=0] Enabling request processing.
2026-01-30T19:53:43.287+05:30  INFO 41816 --- [-kit-executor-3] kafka.server.BrokerServer                : [BrokerServer id=0] Waiting for all of the authorizer futures to be completed
2026-01-30T19:53:43.287+05:30  INFO 41816 --- [-kit-executor-3] kafka.server.BrokerServer                : [BrokerServer id=0] Finished waiting for all of the authorizer futures to be completed
2026-01-30T19:53:43.287+05:30  INFO 41816 --- [-kit-executor-3] kafka.server.BrokerServer                : [BrokerServer id=0] Waiting for all of the SocketServer Acceptors to be started
2026-01-30T19:53:43.287+05:30  INFO 41816 --- [-kit-executor-3] kafka.server.BrokerServer                : [BrokerServer id=0] Finished waiting for all of the SocketServer Acceptors to be started
2026-01-30T19:53:43.287+05:30  INFO 41816 --- [-kit-executor-3] kafka.server.BrokerServer                : [BrokerServer id=0] Transition from STARTING to STARTED
2026-01-30T19:53:43.294+05:30  INFO 41816 --- [           main] o.a.k.clients.admin.AdminClientConfig    : AdminClientConfig values: 
	auto.include.jmx.reporter = true
	bootstrap.servers = [localhost:60622]
	client.dns.lookup = use_all_dns_ips
	client.id = 
	connections.max.idle.ms = 300000
	default.api.timeout.ms = 60000
	metadata.max.age.ms = 300000
	metric.reporters = []
	metrics.num.samples = 2
	metrics.recording.level = INFO
	metrics.sample.window.ms = 30000
	receive.buffer.bytes = 65536
	reconnect.backoff.max.ms = 1000
	reconnect.backoff.ms = 50
	request.timeout.ms = 30000
	retries = 2147483647
	retry.backoff.ms = 100
	sasl.client.callback.handler.class = null
	sasl.jaas.config = null
	sasl.kerberos.kinit.cmd = /usr/bin/kinit
	sasl.kerberos.min.time.before.relogin = 60000
	sasl.kerberos.service.name = null
	sasl.kerberos.ticket.renew.jitter = 0.05
	sasl.kerberos.ticket.renew.window.factor = 0.8
	sasl.login.callback.handler.class = null
	sasl.login.class = null
	sasl.login.connect.timeout.ms = null
	sasl.login.read.timeout.ms = null
	sasl.login.refresh.buffer.seconds = 300
	sasl.login.refresh.min.period.seconds = 60
	sasl.login.refresh.window.factor = 0.8
	sasl.login.refresh.window.jitter = 0.05
	sasl.login.retry.backoff.max.ms = 10000
	sasl.login.retry.backoff.ms = 100
	sasl.mechanism = GSSAPI
	sasl.oauthbearer.clock.skew.seconds = 30
	sasl.oauthbearer.expected.audience = null
	sasl.oauthbearer.expected.issuer = null
	sasl.oauthbearer.jwks.endpoint.refresh.ms = 3600000
	sasl.oauthbearer.jwks.endpoint.retry.backoff.max.ms = 10000
	sasl.oauthbearer.jwks.endpoint.retry.backoff.ms = 100
	sasl.oauthbearer.jwks.endpoint.url = null
	sasl.oauthbearer.scope.claim.name = scope
	sasl.oauthbearer.sub.claim.name = sub
	sasl.oauthbearer.token.endpoint.url = null
	security.protocol = PLAINTEXT
	security.providers = null
	send.buffer.bytes = 131072
	socket.connection.setup.timeout.max.ms = 30000
	socket.connection.setup.timeout.ms = 10000
	ssl.cipher.suites = null
	ssl.enabled.protocols = [TLSv1.2, TLSv1.3]
	ssl.endpoint.identification.algorithm = https
	ssl.engine.factory.class = null
	ssl.key.password = null
	ssl.keymanager.algorithm = SunX509
	ssl.keystore.certificate.chain = null
	ssl.keystore.key = null
	ssl.keystore.location = null
	ssl.keystore.password = null
	ssl.keystore.type = JKS
	ssl.protocol = TLSv1.3
	ssl.provider = null
	ssl.secure.random.implementation = null
	ssl.trustmanager.algorithm = PKIX
	ssl.truststore.certificates = null
	ssl.truststore.location = null
	ssl.truststore.password = null
	ssl.truststore.type = JKS

2026-01-30T19:53:43.301+05:30  INFO 41816 --- [           main] o.a.kafka.common.utils.AppInfoParser     : Kafka version: 3.6.2
2026-01-30T19:53:43.301+05:30  INFO 41816 --- [           main] o.a.kafka.common.utils.AppInfoParser     : Kafka commitId: c4deed513057c94e
2026-01-30T19:53:43.301+05:30  INFO 41816 --- [           main] o.a.kafka.common.utils.AppInfoParser     : Kafka startTimeMs: 1769783023301
2026-01-30T19:53:43.303+05:30  INFO 41816 --- [| adminclient-1] o.a.kafka.common.utils.AppInfoParser     : App info kafka.admin.client for adminclient-1 unregistered
2026-01-30T19:53:43.303+05:30  INFO 41816 --- [| adminclient-1] o.a.k.c.a.i.AdminMetadataManager         : [AdminClient clientId=adminclient-1] Metadata update failed

org.apache.kafka.common.errors.TimeoutException: Timed out waiting to send the call. Call: fetchMetadata

2026-01-30T19:53:43.304+05:30  INFO 41816 --- [| adminclient-1] o.a.k.clients.admin.KafkaAdminClient     : [AdminClient clientId=adminclient-1] Timed out 1 remaining operation(s) during close.
2026-01-30T19:53:43.305+05:30  INFO 41816 --- [| adminclient-1] o.apache.kafka.common.metrics.Metrics    : Metrics scheduler closed
2026-01-30T19:53:43.306+05:30  INFO 41816 --- [| adminclient-1] o.apache.kafka.common.metrics.Metrics    : Closing reporter org.apache.kafka.common.metrics.JmxReporter
2026-01-30T19:53:43.306+05:30  INFO 41816 --- [| adminclient-1] o.apache.kafka.common.metrics.Metrics    : Metrics reporters closed
2026-01-30T19:53:43.311+05:30  INFO 41816 --- [           main] com.jpmc.midascore.TaskThreeTests        : Starting TaskThreeTests using Java 25.0.1 with PID 41816 (started by chandu in /Users/chandu/Project/github/forage-midas-chandu)
2026-01-30T19:53:43.312+05:30  INFO 41816 --- [           main] com.jpmc.midascore.TaskThreeTests        : No active profile set, falling back to 1 default profile: "default"
2026-01-30T19:53:43.481+05:30  INFO 41816 --- [           main] .s.d.r.c.RepositoryConfigurationDelegate : Bootstrapping Spring Data JPA repositories in DEFAULT mode.
2026-01-30T19:53:43.500+05:30  INFO 41816 --- [           main] .s.d.r.c.RepositoryConfigurationDelegate : Finished Spring Data repository scanning in 15 ms. Found 2 JPA repository interfaces.
2026-01-30T19:53:43.664+05:30  INFO 41816 --- [           main] o.hibernate.jpa.internal.util.LogHelper  : HHH000204: Processing PersistenceUnitInfo [name: default]
2026-01-30T19:53:43.694+05:30  INFO 41816 --- [           main] org.hibernate.Version                    : HHH000412: Hibernate ORM core version 6.4.4.Final
2026-01-30T19:53:43.709+05:30  INFO 41816 --- [           main] o.h.c.internal.RegionFactoryInitiator    : HHH000026: Second-level cache disabled
2026-01-30T19:53:43.809+05:30  INFO 41816 --- [           main] o.s.o.j.p.SpringPersistenceUnitInfo      : No LoadTimeWeaver setup: ignoring JPA class transformer
2026-01-30T19:53:43.820+05:30  INFO 41816 --- [           main] com.zaxxer.hikari.HikariDataSource       : HikariPool-1 - Starting...
2026-01-30T19:53:43.897+05:30  INFO 41816 --- [           main] com.zaxxer.hikari.pool.HikariPool        : HikariPool-1 - Added connection conn0: url=jdbc:h2:mem:midasdb user=SA
2026-01-30T19:53:43.897+05:30  INFO 41816 --- [           main] com.zaxxer.hikari.HikariDataSource       : HikariPool-1 - Start completed.
2026-01-30T19:53:44.291+05:30  INFO 41816 --- [           main] o.h.e.t.j.p.i.JtaPlatformInitiator       : HHH000489: No JTA platform available (set 'hibernate.transaction.jta.platform' to enable JTA platform integration)
2026-01-30T19:53:44.306+05:30  INFO 41816 --- [           main] j.LocalContainerEntityManagerFactoryBean : Initialized JPA EntityManagerFactory for persistence unit 'default'
2026-01-30T19:53:44.561+05:30  INFO 41816 --- [           main] o.a.k.clients.consumer.ConsumerConfig    : ConsumerConfig values: 
	allow.auto.create.topics = true
	auto.commit.interval.ms = 5000
	auto.include.jmx.reporter = true
	auto.offset.reset = latest
	bootstrap.servers = [localhost:60622]
	check.crcs = true
	client.dns.lookup = use_all_dns_ips
	client.id = consumer-midas-core-group-1
	client.rack = 
	connections.max.idle.ms = 540000
	default.api.timeout.ms = 60000
	enable.auto.commit = false
	exclude.internal.topics = true
	fetch.max.bytes = 52428800
	fetch.max.wait.ms = 500
	fetch.min.bytes = 1
	group.id = midas-core-group
	group.instance.id = null
	heartbeat.interval.ms = 3000
	interceptor.classes = []
	internal.leave.group.on.close = true
	internal.throw.on.fetch.stable.offset.unsupported = false
	isolation.level = read_uncommitted
	key.deserializer = class org.apache.kafka.common.serialization.StringDeserializer
	max.partition.fetch.bytes = 1048576
	max.poll.interval.ms = 300000
	max.poll.records = 500
	metadata.max.age.ms = 300000
	metric.reporters = []
	metrics.num.samples = 2
	metrics.recording.level = INFO
	metrics.sample.window.ms = 30000
	partition.assignment.strategy = [class org.apache.kafka.clients.consumer.RangeAssignor, class org.apache.kafka.clients.consumer.CooperativeStickyAssignor]
	receive.buffer.bytes = 65536
	reconnect.backoff.max.ms = 1000
	reconnect.backoff.ms = 50
	request.timeout.ms = 30000
	retry.backoff.ms = 100
	sasl.client.callback.handler.class = null
	sasl.jaas.config = null
	sasl.kerberos.kinit.cmd = /usr/bin/kinit
	sasl.kerberos.min.time.before.relogin = 60000
	sasl.kerberos.service.name = null
	sasl.kerberos.ticket.renew.jitter = 0.05
	sasl.kerberos.ticket.renew.window.factor = 0.8
	sasl.login.callback.handler.class = null
	sasl.login.class = null
	sasl.login.connect.timeout.ms = null
	sasl.login.read.timeout.ms = null
	sasl.login.refresh.buffer.seconds = 300
	sasl.login.refresh.min.period.seconds = 60
	sasl.login.refresh.window.factor = 0.8
	sasl.login.refresh.window.jitter = 0.05
	sasl.login.retry.backoff.max.ms = 10000
	sasl.login.retry.backoff.ms = 100
	sasl.mechanism = GSSAPI
	sasl.oauthbearer.clock.skew.seconds = 30
	sasl.oauthbearer.expected.audience = null
	sasl.oauthbearer.expected.issuer = null
	sasl.oauthbearer.jwks.endpoint.refresh.ms = 3600000
	sasl.oauthbearer.jwks.endpoint.retry.backoff.max.ms = 10000
	sasl.oauthbearer.jwks.endpoint.retry.backoff.ms = 100
	sasl.oauthbearer.jwks.endpoint.url = null
	sasl.oauthbearer.scope.claim.name = scope
	sasl.oauthbearer.sub.claim.name = sub
	sasl.oauthbearer.token.endpoint.url = null
	security.protocol = PLAINTEXT
	security.providers = null
	send.buffer.bytes = 131072
	session.timeout.ms = 45000
	socket.connection.setup.timeout.max.ms = 30000
	socket.connection.setup.timeout.ms = 10000
	ssl.cipher.suites = null
	ssl.enabled.protocols = [TLSv1.2, TLSv1.3]
	ssl.endpoint.identification.algorithm = https
	ssl.engine.factory.class = null
	ssl.key.password = null
	ssl.keymanager.algorithm = SunX509
	ssl.keystore.certificate.chain = null
	ssl.keystore.key = null
	ssl.keystore.location = null
	ssl.keystore.password = null
	ssl.keystore.type = JKS
	ssl.protocol = TLSv1.3
	ssl.provider = null
	ssl.secure.random.implementation = null
	ssl.trustmanager.algorithm = PKIX
	ssl.truststore.certificates = null
	ssl.truststore.location = null
	ssl.truststore.password = null
	ssl.truststore.type = JKS
	value.deserializer = class org.springframework.kafka.support.serializer.JsonDeserializer

2026-01-30T19:53:44.575+05:30  INFO 41816 --- [           main] o.a.kafka.common.utils.AppInfoParser     : Kafka version: 3.6.2
2026-01-30T19:53:44.575+05:30  INFO 41816 --- [           main] o.a.kafka.common.utils.AppInfoParser     : Kafka commitId: c4deed513057c94e
2026-01-30T19:53:44.575+05:30  INFO 41816 --- [           main] o.a.kafka.common.utils.AppInfoParser     : Kafka startTimeMs: 1769783024575
2026-01-30T19:53:44.576+05:30  INFO 41816 --- [           main] fkaConsumerFactory$ExtendedKafkaConsumer : [Consumer clientId=consumer-midas-core-group-1, groupId=midas-core-group] Subscribed to topic(s): trader-updates
2026-01-30T19:53:44.582+05:30  INFO 41816 --- [           main] com.jpmc.midascore.TaskThreeTests        : Started TaskThreeTests in 2.012 seconds (process running for 2.454)
2026-01-30T19:53:44.588+05:30  INFO 41816 --- [quest-handler-4] k.s.DefaultAutoTopicCreationManager      : Sent auto-creation request for Set(trader-updates) to the active controller.
2026-01-30T19:53:44.592+05:30  INFO 41816 --- [quest-handler-5] k.s.DefaultAutoTopicCreationManager      : Sent auto-creation request for Set(__consumer_offsets) to the active controller.
2026-01-30T19:53:44.593+05:30  WARN 41816 --- [ntainer#0-0-C-1] org.apache.kafka.clients.NetworkClient   : [Consumer clientId=consumer-midas-core-group-1, groupId=midas-core-group] Error while fetching metadata with correlation id 2 : {trader-updates=UNKNOWN_TOPIC_OR_PARTITION}
2026-01-30T19:53:44.593+05:30  INFO 41816 --- [ntainer#0-0-C-1] org.apache.kafka.clients.Metadata        : [Consumer clientId=consumer-midas-core-group-1, groupId=midas-core-group] Cluster ID: dTl366OXQtiL2mg8Sameww
2026-01-30T19:53:44.596+05:30  INFO 41816 --- [0-event-handler] o.a.k.c.ReplicationControlManager        : [QuorumController id=0] CreateTopics result(s): CreatableTopic(name='trader-updates', numPartitions=1, replicationFactor=1, assignments=[], configs=[]): SUCCESS
2026-01-30T19:53:44.596+05:30  INFO 41816 --- [0-event-handler] o.a.k.c.ReplicationControlManager        : [QuorumController id=0] Replayed TopicRecord for topic trader-updates with topic ID 5jA5ez5KSNurvxKnjt6vZQ.
2026-01-30T19:53:44.596+05:30  INFO 41816 --- [0-event-handler] o.a.k.c.ReplicationControlManager        : [QuorumController id=0] Replayed PartitionRecord for new partition trader-updates-0 with topic ID 5jA5ez5KSNurvxKnjt6vZQ and PartitionRegistration(replicas=[0], isr=[0], removingReplicas=[], addingReplicas=[], leader=0, leaderRecoveryState=RECOVERED, leaderEpoch=0, partitionEpoch=0).
2026-01-30T19:53:44.626+05:30  INFO 41816 --- [r-event-handler] state.change.logger                      : [Broker id=0] Transitioning 1 partition(s) to local leaders.
2026-01-30T19:53:44.627+05:30  INFO 41816 --- [r-event-handler] kafka.server.ReplicaFetcherManager       : [ReplicaFetcherManager on broker 0] Removed fetcher for partitions Set(trader-updates-0)
2026-01-30T19:53:44.628+05:30  INFO 41816 --- [r-event-handler] state.change.logger                      : [Broker id=0] Creating new partition trader-updates-0 with topic id 5jA5ez5KSNurvxKnjt6vZQ.
2026-01-30T19:53:44.629+05:30  INFO 41816 --- [0-event-handler] o.a.k.c.ReplicationControlManager        : [QuorumController id=0] CreateTopics result(s): CreatableTopic(name='__consumer_offsets', numPartitions=50, replicationFactor=1, assignments=[], configs=[CreateableTopicConfig(name='compression.type', value='producer'), CreateableTopicConfig(name='cleanup.policy', value='compact'), CreateableTopicConfig(name='segment.bytes', value='104857600')]): SUCCESS
2026-01-30T19:53:44.629+05:30  INFO 41816 --- [0-event-handler] o.a.k.c.ReplicationControlManager        : [QuorumController id=0] Replayed TopicRecord for topic __consumer_offsets with topic ID Dkv5hKKWRYWr16wyURuCUQ.
2026-01-30T19:53:44.629+05:30  INFO 41816 --- [0-event-handler] o.a.k.c.ConfigurationControlManager      : [QuorumController id=0] Replayed ConfigRecord for ConfigResource(type=TOPIC, name='__consumer_offsets') which set configuration compression.type to producer
2026-01-30T19:53:44.629+05:30  INFO 41816 --- [0-event-handler] o.a.k.c.ConfigurationControlManager      : [QuorumController id=0] Replayed ConfigRecord for ConfigResource(type=TOPIC, name='__consumer_offsets') which set configuration cleanup.policy to compact
2026-01-30T19:53:44.629+05:30  INFO 41816 --- [0-event-handler] o.a.k.c.ConfigurationControlManager      : [QuorumController id=0] Replayed ConfigRecord for ConfigResource(type=TOPIC, name='__consumer_offsets') which set configuration segment.bytes to 104857600
2026-01-30T19:53:44.629+05:30  INFO 41816 --- [0-event-handler] o.a.k.c.ReplicationControlManager        : [QuorumController id=0] Replayed PartitionRecord for new partition __consumer_offsets-0 with topic ID Dkv5hKKWRYWr16wyURuCUQ and PartitionRegistration(replicas=[0], isr=[0], removingReplicas=[], addingReplicas=[], leader=0, leaderRecoveryState=RECOVERED, leaderEpoch=0, partitionEpoch=0).
2026-01-30T19:53:44.629+05:30  INFO 41816 --- [0-event-handler] o.a.k.c.ReplicationControlManager        : [QuorumController id=0] Replayed PartitionRecord for new partition __consumer_offsets-1 with topic ID Dkv5hKKWRYWr16wyURuCUQ and PartitionRegistration(replicas=[0], isr=[0], removingReplicas=[], addingReplicas=[], leader=0, leaderRecoveryState=RECOVERED, leaderEpoch=0, partitionEpoch=0).
2026-01-30T19:53:44.629+05:30  INFO 41816 --- [0-event-handler] o.a.k.c.ReplicationControlManager        : [QuorumController id=0] Replayed PartitionRecord for new partition __consumer_offsets-2 with topic ID Dkv5hKKWRYWr16wyURuCUQ and PartitionRegistration(replicas=[0], isr=[0], removingReplicas=[], addingReplicas=[], leader=0, leaderRecoveryState=RECOVERED, leaderEpoch=0, partitionEpoch=0).
2026-01-30T19:53:44.629+05:30  INFO 41816 --- [0-event-handler] o.a.k.c.ReplicationControlManager        : [QuorumController id=0] Replayed PartitionRecord for new partition __consumer_offsets-3 with topic ID Dkv5hKKWRYWr16wyURuCUQ and PartitionRegistration(replicas=[0], isr=[0], removingReplicas=[], addingReplicas=[], leader=0, leaderRecoveryState=RECOVERED, leaderEpoch=0, partitionEpoch=0).
2026-01-30T19:53:44.630+05:30  INFO 41816 --- [0-event-handler] o.a.k.c.ReplicationControlManager        : [QuorumController id=0] Replayed PartitionRecord for new partition __consumer_offsets-4 with topic ID Dkv5hKKWRYWr16wyURuCUQ and PartitionRegistration(replicas=[0], isr=[0], removingReplicas=[], addingReplicas=[], leader=0, leaderRecoveryState=RECOVERED, leaderEpoch=0, partitionEpoch=0).
2026-01-30T19:53:44.630+05:30  INFO 41816 --- [0-event-handler] o.a.k.c.ReplicationControlManager        : [QuorumController id=0] Replayed PartitionRecord for new partition __consumer_offsets-5 with topic ID Dkv5hKKWRYWr16wyURuCUQ and PartitionRegistration(replicas=[0], isr=[0], removingReplicas=[], addingReplicas=[], leader=0, leaderRecoveryState=RECOVERED, leaderEpoch=0, partitionEpoch=0).
2026-01-30T19:53:44.630+05:30  INFO 41816 --- [0-event-handler] o.a.k.c.ReplicationControlManager        : [QuorumController id=0] Replayed PartitionRecord for new partition __consumer_offsets-6 with topic ID Dkv5hKKWRYWr16wyURuCUQ and PartitionRegistration(replicas=[0], isr=[0], removingReplicas=[], addingReplicas=[], leader=0, leaderRecoveryState=RECOVERED, leaderEpoch=0, partitionEpoch=0).
2026-01-30T19:53:44.630+05:30  INFO 41816 --- [0-event-handler] o.a.k.c.ReplicationControlManager        : [QuorumController id=0] Replayed PartitionRecord for new partition __consumer_offsets-7 with topic ID Dkv5hKKWRYWr16wyURuCUQ and PartitionRegistration(replicas=[0], isr=[0], removingReplicas=[], addingReplicas=[], leader=0, leaderRecoveryState=RECOVERED, leaderEpoch=0, partitionEpoch=0).
2026-01-30T19:53:44.630+05:30  INFO 41816 --- [0-event-handler] o.a.k.c.ReplicationControlManager        : [QuorumController id=0] Replayed PartitionRecord for new partition __consumer_offsets-8 with topic ID Dkv5hKKWRYWr16wyURuCUQ and PartitionRegistration(replicas=[0], isr=[0], removingReplicas=[], addingReplicas=[], leader=0, leaderRecoveryState=RECOVERED, leaderEpoch=0, partitionEpoch=0).
2026-01-30T19:53:44.630+05:30  INFO 41816 --- [0-event-handler] o.a.k.c.ReplicationControlManager        : [QuorumController id=0] Replayed PartitionRecord for new partition __consumer_offsets-9 with topic ID Dkv5hKKWRYWr16wyURuCUQ and PartitionRegistration(replicas=[0], isr=[0], removingReplicas=[], addingReplicas=[], leader=0, leaderRecoveryState=RECOVERED, leaderEpoch=0, partitionEpoch=0).
2026-01-30T19:53:44.630+05:30  INFO 41816 --- [0-event-handler] o.a.k.c.ReplicationControlManager        : [QuorumController id=0] Replayed PartitionRecord for new partition __consumer_offsets-10 with topic ID Dkv5hKKWRYWr16wyURuCUQ and PartitionRegistration(replicas=[0], isr=[0], removingReplicas=[], addingReplicas=[], leader=0, leaderRecoveryState=RECOVERED, leaderEpoch=0, partitionEpoch=0).
2026-01-30T19:53:44.630+05:30  INFO 41816 --- [0-event-handler] o.a.k.c.ReplicationControlManager        : [QuorumController id=0] Replayed PartitionRecord for new partition __consumer_offsets-11 with topic ID Dkv5hKKWRYWr16wyURuCUQ and PartitionRegistration(replicas=[0], isr=[0], removingReplicas=[], addingReplicas=[], leader=0, leaderRecoveryState=RECOVERED, leaderEpoch=0, partitionEpoch=0).
2026-01-30T19:53:44.630+05:30  INFO 41816 --- [0-event-handler] o.a.k.c.ReplicationControlManager        : [QuorumController id=0] Replayed PartitionRecord for new partition __consumer_offsets-12 with topic ID Dkv5hKKWRYWr16wyURuCUQ and PartitionRegistration(replicas=[0], isr=[0], removingReplicas=[], addingReplicas=[], leader=0, leaderRecoveryState=RECOVERED, leaderEpoch=0, partitionEpoch=0).
2026-01-30T19:53:44.630+05:30  INFO 41816 --- [0-event-handler] o.a.k.c.ReplicationControlManager        : [QuorumController id=0] Replayed PartitionRecord for new partition __consumer_offsets-13 with topic ID Dkv5hKKWRYWr16wyURuCUQ and PartitionRegistration(replicas=[0], isr=[0], removingReplicas=[], addingReplicas=[], leader=0, leaderRecoveryState=RECOVERED, leaderEpoch=0, partitionEpoch=0).
2026-01-30T19:53:44.630+05:30  INFO 41816 --- [0-event-handler] o.a.k.c.ReplicationControlManager        : [QuorumController id=0] Replayed PartitionRecord for new partition __consumer_offsets-14 with topic ID Dkv5hKKWRYWr16wyURuCUQ and PartitionRegistration(replicas=[0], isr=[0], removingReplicas=[], addingReplicas=[], leader=0, leaderRecoveryState=RECOVERED, leaderEpoch=0, partitionEpoch=0).
2026-01-30T19:53:44.630+05:30  INFO 41816 --- [0-event-handler] o.a.k.c.ReplicationControlManager        : [QuorumController id=0] Replayed PartitionRecord for new partition __consumer_offsets-15 with topic ID Dkv5hKKWRYWr16wyURuCUQ and PartitionRegistration(replicas=[0], isr=[0], removingReplicas=[], addingReplicas=[], leader=0, leaderRecoveryState=RECOVERED, leaderEpoch=0, partitionEpoch=0).
2026-01-30T19:53:44.630+05:30  INFO 41816 --- [0-event-handler] o.a.k.c.ReplicationControlManager        : [QuorumController id=0] Replayed PartitionRecord for new partition __consumer_offsets-16 with topic ID Dkv5hKKWRYWr16wyURuCUQ and PartitionRegistration(replicas=[0], isr=[0], removingReplicas=[], addingReplicas=[], leader=0, leaderRecoveryState=RECOVERED, leaderEpoch=0, partitionEpoch=0).
2026-01-30T19:53:44.630+05:30  INFO 41816 --- [0-event-handler] o.a.k.c.ReplicationControlManager        : [QuorumController id=0] Replayed PartitionRecord for new partition __consumer_offsets-17 with topic ID Dkv5hKKWRYWr16wyURuCUQ and PartitionRegistration(replicas=[0], isr=[0], removingReplicas=[], addingReplicas=[], leader=0, leaderRecoveryState=RECOVERED, leaderEpoch=0, partitionEpoch=0).
2026-01-30T19:53:44.630+05:30  INFO 41816 --- [0-event-handler] o.a.k.c.ReplicationControlManager        : [QuorumController id=0] Replayed PartitionRecord for new partition __consumer_offsets-18 with topic ID Dkv5hKKWRYWr16wyURuCUQ and PartitionRegistration(replicas=[0], isr=[0], removingReplicas=[], addingReplicas=[], leader=0, leaderRecoveryState=RECOVERED, leaderEpoch=0, partitionEpoch=0).
2026-01-30T19:53:44.630+05:30  INFO 41816 --- [0-event-handler] o.a.k.c.ReplicationControlManager        : [QuorumController id=0] Replayed PartitionRecord for new partition __consumer_offsets-19 with topic ID Dkv5hKKWRYWr16wyURuCUQ and PartitionRegistration(replicas=[0], isr=[0], removingReplicas=[], addingReplicas=[], leader=0, leaderRecoveryState=RECOVERED, leaderEpoch=0, partitionEpoch=0).
2026-01-30T19:53:44.631+05:30  INFO 41816 --- [0-event-handler] o.a.k.c.ReplicationControlManager        : [QuorumController id=0] Replayed PartitionRecord for new partition __consumer_offsets-20 with topic ID Dkv5hKKWRYWr16wyURuCUQ and PartitionRegistration(replicas=[0], isr=[0], removingReplicas=[], addingReplicas=[], leader=0, leaderRecoveryState=RECOVERED, leaderEpoch=0, partitionEpoch=0).
2026-01-30T19:53:44.631+05:30  INFO 41816 --- [0-event-handler] o.a.k.c.ReplicationControlManager        : [QuorumController id=0] Replayed PartitionRecord for new partition __consumer_offsets-21 with topic ID Dkv5hKKWRYWr16wyURuCUQ and PartitionRegistration(replicas=[0], isr=[0], removingReplicas=[], addingReplicas=[], leader=0, leaderRecoveryState=RECOVERED, leaderEpoch=0, partitionEpoch=0).
2026-01-30T19:53:44.631+05:30  INFO 41816 --- [0-event-handler] o.a.k.c.ReplicationControlManager        : [QuorumController id=0] Replayed PartitionRecord for new partition __consumer_offsets-22 with topic ID Dkv5hKKWRYWr16wyURuCUQ and PartitionRegistration(replicas=[0], isr=[0], removingReplicas=[], addingReplicas=[], leader=0, leaderRecoveryState=RECOVERED, leaderEpoch=0, partitionEpoch=0).
2026-01-30T19:53:44.631+05:30  INFO 41816 --- [0-event-handler] o.a.k.c.ReplicationControlManager        : [QuorumController id=0] Replayed PartitionRecord for new partition __consumer_offsets-23 with topic ID Dkv5hKKWRYWr16wyURuCUQ and PartitionRegistration(replicas=[0], isr=[0], removingReplicas=[], addingReplicas=[], leader=0, leaderRecoveryState=RECOVERED, leaderEpoch=0, partitionEpoch=0).
2026-01-30T19:53:44.631+05:30  INFO 41816 --- [0-event-handler] o.a.k.c.ReplicationControlManager        : [QuorumController id=0] Replayed PartitionRecord for new partition __consumer_offsets-24 with topic ID Dkv5hKKWRYWr16wyURuCUQ and PartitionRegistration(replicas=[0], isr=[0], removingReplicas=[], addingReplicas=[], leader=0, leaderRecoveryState=RECOVERED, leaderEpoch=0, partitionEpoch=0).
2026-01-30T19:53:44.631+05:30  INFO 41816 --- [0-event-handler] o.a.k.c.ReplicationControlManager        : [QuorumController id=0] Replayed PartitionRecord for new partition __consumer_offsets-25 with topic ID Dkv5hKKWRYWr16wyURuCUQ and PartitionRegistration(replicas=[0], isr=[0], removingReplicas=[], addingReplicas=[], leader=0, leaderRecoveryState=RECOVERED, leaderEpoch=0, partitionEpoch=0).
2026-01-30T19:53:44.631+05:30  INFO 41816 --- [0-event-handler] o.a.k.c.ReplicationControlManager        : [QuorumController id=0] Replayed PartitionRecord for new partition __consumer_offsets-26 with topic ID Dkv5hKKWRYWr16wyURuCUQ and PartitionRegistration(replicas=[0], isr=[0], removingReplicas=[], addingReplicas=[], leader=0, leaderRecoveryState=RECOVERED, leaderEpoch=0, partitionEpoch=0).
2026-01-30T19:53:44.631+05:30  INFO 41816 --- [0-event-handler] o.a.k.c.ReplicationControlManager        : [QuorumController id=0] Replayed PartitionRecord for new partition __consumer_offsets-27 with topic ID Dkv5hKKWRYWr16wyURuCUQ and PartitionRegistration(replicas=[0], isr=[0], removingReplicas=[], addingReplicas=[], leader=0, leaderRecoveryState=RECOVERED, leaderEpoch=0, partitionEpoch=0).
2026-01-30T19:53:44.631+05:30  INFO 41816 --- [0-event-handler] o.a.k.c.ReplicationControlManager        : [QuorumController id=0] Replayed PartitionRecord for new partition __consumer_offsets-28 with topic ID Dkv5hKKWRYWr16wyURuCUQ and PartitionRegistration(replicas=[0], isr=[0], removingReplicas=[], addingReplicas=[], leader=0, leaderRecoveryState=RECOVERED, leaderEpoch=0, partitionEpoch=0).
2026-01-30T19:53:44.631+05:30  INFO 41816 --- [0-event-handler] o.a.k.c.ReplicationControlManager        : [QuorumController id=0] Replayed PartitionRecord for new partition __consumer_offsets-29 with topic ID Dkv5hKKWRYWr16wyURuCUQ and PartitionRegistration(replicas=[0], isr=[0], removingReplicas=[], addingReplicas=[], leader=0, leaderRecoveryState=RECOVERED, leaderEpoch=0, partitionEpoch=0).
2026-01-30T19:53:44.631+05:30  INFO 41816 --- [0-event-handler] o.a.k.c.ReplicationControlManager        : [QuorumController id=0] Replayed PartitionRecord for new partition __consumer_offsets-30 with topic ID Dkv5hKKWRYWr16wyURuCUQ and PartitionRegistration(replicas=[0], isr=[0], removingReplicas=[], addingReplicas=[], leader=0, leaderRecoveryState=RECOVERED, leaderEpoch=0, partitionEpoch=0).
2026-01-30T19:53:44.631+05:30  INFO 41816 --- [0-event-handler] o.a.k.c.ReplicationControlManager        : [QuorumController id=0] Replayed PartitionRecord for new partition __consumer_offsets-31 with topic ID Dkv5hKKWRYWr16wyURuCUQ and PartitionRegistration(replicas=[0], isr=[0], removingReplicas=[], addingReplicas=[], leader=0, leaderRecoveryState=RECOVERED, leaderEpoch=0, partitionEpoch=0).
2026-01-30T19:53:44.631+05:30  INFO 41816 --- [0-event-handler] o.a.k.c.ReplicationControlManager        : [QuorumController id=0] Replayed PartitionRecord for new partition __consumer_offsets-32 with topic ID Dkv5hKKWRYWr16wyURuCUQ and PartitionRegistration(replicas=[0], isr=[0], removingReplicas=[], addingReplicas=[], leader=0, leaderRecoveryState=RECOVERED, leaderEpoch=0, partitionEpoch=0).
2026-01-30T19:53:44.631+05:30  INFO 41816 --- [0-event-handler] o.a.k.c.ReplicationControlManager        : [QuorumController id=0] Replayed PartitionRecord for new partition __consumer_offsets-33 with topic ID Dkv5hKKWRYWr16wyURuCUQ and PartitionRegistration(replicas=[0], isr=[0], removingReplicas=[], addingReplicas=[], leader=0, leaderRecoveryState=RECOVERED, leaderEpoch=0, partitionEpoch=0).
2026-01-30T19:53:44.631+05:30  INFO 41816 --- [0-event-handler] o.a.k.c.ReplicationControlManager        : [QuorumController id=0] Replayed PartitionRecord for new partition __consumer_offsets-34 with topic ID Dkv5hKKWRYWr16wyURuCUQ and PartitionRegistration(replicas=[0], isr=[0], removingReplicas=[], addingReplicas=[], leader=0, leaderRecoveryState=RECOVERED, leaderEpoch=0, partitionEpoch=0).
2026-01-30T19:53:44.631+05:30  INFO 41816 --- [0-event-handler] o.a.k.c.ReplicationControlManager        : [QuorumController id=0] Replayed PartitionRecord for new partition __consumer_offsets-35 with topic ID Dkv5hKKWRYWr16wyURuCUQ and PartitionRegistration(replicas=[0], isr=[0], removingReplicas=[], addingReplicas=[], leader=0, leaderRecoveryState=RECOVERED, leaderEpoch=0, partitionEpoch=0).
2026-01-30T19:53:44.631+05:30  INFO 41816 --- [0-event-handler] o.a.k.c.ReplicationControlManager        : [QuorumController id=0] Replayed PartitionRecord for new partition __consumer_offsets-36 with topic ID Dkv5hKKWRYWr16wyURuCUQ and PartitionRegistration(replicas=[0], isr=[0], removingReplicas=[], addingReplicas=[], leader=0, leaderRecoveryState=RECOVERED, leaderEpoch=0, partitionEpoch=0).
2026-01-30T19:53:44.631+05:30  INFO 41816 --- [0-event-handler] o.a.k.c.ReplicationControlManager        : [QuorumController id=0] Replayed PartitionRecord for new partition __consumer_offsets-37 with topic ID Dkv5hKKWRYWr16wyURuCUQ and PartitionRegistration(replicas=[0], isr=[0], removingReplicas=[], addingReplicas=[], leader=0, leaderRecoveryState=RECOVERED, leaderEpoch=0, partitionEpoch=0).
2026-01-30T19:53:44.631+05:30  INFO 41816 --- [0-event-handler] o.a.k.c.ReplicationControlManager        : [QuorumController id=0] Replayed PartitionRecord for new partition __consumer_offsets-38 with topic ID Dkv5hKKWRYWr16wyURuCUQ and PartitionRegistration(replicas=[0], isr=[0], removingReplicas=[], addingReplicas=[], leader=0, leaderRecoveryState=RECOVERED, leaderEpoch=0, partitionEpoch=0).
2026-01-30T19:53:44.631+05:30  INFO 41816 --- [0-event-handler] o.a.k.c.ReplicationControlManager        : [QuorumController id=0] Replayed PartitionRecord for new partition __consumer_offsets-39 with topic ID Dkv5hKKWRYWr16wyURuCUQ and PartitionRegistration(replicas=[0], isr=[0], removingReplicas=[], addingReplicas=[], leader=0, leaderRecoveryState=RECOVERED, leaderEpoch=0, partitionEpoch=0).
2026-01-30T19:53:44.631+05:30  INFO 41816 --- [0-event-handler] o.a.k.c.ReplicationControlManager        : [QuorumController id=0] Replayed PartitionRecord for new partition __consumer_offsets-40 with topic ID Dkv5hKKWRYWr16wyURuCUQ and PartitionRegistration(replicas=[0], isr=[0], removingReplicas=[], addingReplicas=[], leader=0, leaderRecoveryState=RECOVERED, leaderEpoch=0, partitionEpoch=0).
2026-01-30T19:53:44.631+05:30  INFO 41816 --- [0-event-handler] o.a.k.c.ReplicationControlManager        : [QuorumController id=0] Replayed PartitionRecord for new partition __consumer_offsets-41 with topic ID Dkv5hKKWRYWr16wyURuCUQ and PartitionRegistration(replicas=[0], isr=[0], removingReplicas=[], addingReplicas=[], leader=0, leaderRecoveryState=RECOVERED, leaderEpoch=0, partitionEpoch=0).
2026-01-30T19:53:44.631+05:30  INFO 41816 --- [0-event-handler] o.a.k.c.ReplicationControlManager        : [QuorumController id=0] Replayed PartitionRecord for new partition __consumer_offsets-42 with topic ID Dkv5hKKWRYWr16wyURuCUQ and PartitionRegistration(replicas=[0], isr=[0], removingReplicas=[], addingReplicas=[], leader=0, leaderRecoveryState=RECOVERED, leaderEpoch=0, partitionEpoch=0).
2026-01-30T19:53:44.631+05:30  INFO 41816 --- [0-event-handler] o.a.k.c.ReplicationControlManager        : [QuorumController id=0] Replayed PartitionRecord for new partition __consumer_offsets-43 with topic ID Dkv5hKKWRYWr16wyURuCUQ and PartitionRegistration(replicas=[0], isr=[0], removingReplicas=[], addingReplicas=[], leader=0, leaderRecoveryState=RECOVERED, leaderEpoch=0, partitionEpoch=0).
2026-01-30T19:53:44.632+05:30  INFO 41816 --- [0-event-handler] o.a.k.c.ReplicationControlManager        : [QuorumController id=0] Replayed PartitionRecord for new partition __consumer_offsets-44 with topic ID Dkv5hKKWRYWr16wyURuCUQ and PartitionRegistration(replicas=[0], isr=[0], removingReplicas=[], addingReplicas=[], leader=0, leaderRecoveryState=RECOVERED, leaderEpoch=0, partitionEpoch=0).
2026-01-30T19:53:44.632+05:30  INFO 41816 --- [0-event-handler] o.a.k.c.ReplicationControlManager        : [QuorumController id=0] Replayed PartitionRecord for new partition __consumer_offsets-45 with topic ID Dkv5hKKWRYWr16wyURuCUQ and PartitionRegistration(replicas=[0], isr=[0], removingReplicas=[], addingReplicas=[], leader=0, leaderRecoveryState=RECOVERED, leaderEpoch=0, partitionEpoch=0).
2026-01-30T19:53:44.632+05:30  INFO 41816 --- [0-event-handler] o.a.k.c.ReplicationControlManager        : [QuorumController id=0] Replayed PartitionRecord for new partition __consumer_offsets-46 with topic ID Dkv5hKKWRYWr16wyURuCUQ and PartitionRegistration(replicas=[0], isr=[0], removingReplicas=[], addingReplicas=[], leader=0, leaderRecoveryState=RECOVERED, leaderEpoch=0, partitionEpoch=0).
2026-01-30T19:53:44.632+05:30  INFO 41816 --- [0-event-handler] o.a.k.c.ReplicationControlManager        : [QuorumController id=0] Replayed PartitionRecord for new partition __consumer_offsets-47 with topic ID Dkv5hKKWRYWr16wyURuCUQ and PartitionRegistration(replicas=[0], isr=[0], removingReplicas=[], addingReplicas=[], leader=0, leaderRecoveryState=RECOVERED, leaderEpoch=0, partitionEpoch=0).
2026-01-30T19:53:44.632+05:30  INFO 41816 --- [0-event-handler] o.a.k.c.ReplicationControlManager        : [QuorumController id=0] Replayed PartitionRecord for new partition __consumer_offsets-48 with topic ID Dkv5hKKWRYWr16wyURuCUQ and PartitionRegistration(replicas=[0], isr=[0], removingReplicas=[], addingReplicas=[], leader=0, leaderRecoveryState=RECOVERED, leaderEpoch=0, partitionEpoch=0).
2026-01-30T19:53:44.632+05:30  INFO 41816 --- [0-event-handler] o.a.k.c.ReplicationControlManager        : [QuorumController id=0] Replayed PartitionRecord for new partition __consumer_offsets-49 with topic ID Dkv5hKKWRYWr16wyURuCUQ and PartitionRegistration(replicas=[0], isr=[0], removingReplicas=[], addingReplicas=[], leader=0, leaderRecoveryState=RECOVERED, leaderEpoch=0, partitionEpoch=0).
2026-01-30T19:53:44.635+05:30  INFO 41816 --- [r-event-handler] kafka.log.UnifiedLog$                    : [LogLoader partition=trader-updates-0, dir=/var/folders/7k/x4crv6tn66s6j0tcy7vqrdlc0000gn/T/kafka-13239522964465261832/broker_0_data0] Loading producer state till offset 0 with message format version 2
2026-01-30T19:53:44.636+05:30  INFO 41816 --- [r-event-handler] kafka.log.LogManager                     : Created log for partition trader-updates-0 in /var/folders/7k/x4crv6tn66s6j0tcy7vqrdlc0000gn/T/kafka-13239522964465261832/broker_0_data0/trader-updates-0 with properties {}
2026-01-30T19:53:44.636+05:30  INFO 41816 --- [r-event-handler] kafka.cluster.Partition                  : [Partition trader-updates-0 broker=0] No checkpointed highwatermark is found for partition trader-updates-0
2026-01-30T19:53:44.636+05:30  INFO 41816 --- [r-event-handler] kafka.cluster.Partition                  : [Partition trader-updates-0 broker=0] Log loaded for partition trader-updates-0 with initial high watermark 0
2026-01-30T19:53:44.637+05:30  INFO 41816 --- [r-event-handler] state.change.logger                      : [Broker id=0] Leader trader-updates-0 with topic id Some(5jA5ez5KSNurvxKnjt6vZQ) starts at leader epoch 0 from offset 0 with partition epoch 0, high watermark 0, ISR [0], adding replicas [] and removing replicas [] . Previous leader None and previous leader epoch was -1.
2026-01-30T19:53:44.662+05:30  INFO 41816 --- [r-event-handler] state.change.logger                      : [Broker id=0] Transitioning 50 partition(s) to local leaders.
2026-01-30T19:53:44.662+05:30  INFO 41816 --- [r-event-handler] kafka.server.ReplicaFetcherManager       : [ReplicaFetcherManager on broker 0] Removed fetcher for partitions Set(__consumer_offsets-13, __consumer_offsets-46, __consumer_offsets-9, __consumer_offsets-42, __consumer_offsets-21, __consumer_offsets-17, __consumer_offsets-30, __consumer_offsets-26, __consumer_offsets-5, __consumer_offsets-38, __consumer_offsets-1, __consumer_offsets-34, __consumer_offsets-16, __consumer_offsets-45, __consumer_offsets-12, __consumer_offsets-41, __consumer_offsets-24, __consumer_offsets-20, __consumer_offsets-49, __consumer_offsets-0, __consumer_offsets-29, __consumer_offsets-25, __consumer_offsets-8, __consumer_offsets-37, __consumer_offsets-4, __consumer_offsets-33, __consumer_offsets-15, __consumer_offsets-48, __consumer_offsets-11, __consumer_offsets-44, __consumer_offsets-23, __consumer_offsets-19, __consumer_offsets-32, __consumer_offsets-28, __consumer_offsets-7, __consumer_offsets-40, __consumer_offsets-3, __consumer_offsets-36, __consumer_offsets-47, __consumer_offsets-14, __consumer_offsets-43, __consumer_offsets-10, __consumer_offsets-22, __consumer_offsets-18, __consumer_offsets-31, __consumer_offsets-27, __consumer_offsets-39, __consumer_offsets-6, __consumer_offsets-35, __consumer_offsets-2)
2026-01-30T19:53:44.662+05:30  INFO 41816 --- [r-event-handler] state.change.logger                      : [Broker id=0] Creating new partition __consumer_offsets-13 with topic id Dkv5hKKWRYWr16wyURuCUQ.
2026-01-30T19:53:44.666+05:30  INFO 41816 --- [r-event-handler] kafka.log.UnifiedLog$                    : [LogLoader partition=__consumer_offsets-13, dir=/var/folders/7k/x4crv6tn66s6j0tcy7vqrdlc0000gn/T/kafka-13239522964465261832/broker_0_data0] Loading producer state till offset 0 with message format version 2
2026-01-30T19:53:44.667+05:30  INFO 41816 --- [r-event-handler] kafka.log.LogManager                     : Created log for partition __consumer_offsets-13 in /var/folders/7k/x4crv6tn66s6j0tcy7vqrdlc0000gn/T/kafka-13239522964465261832/broker_0_data0/__consumer_offsets-13 with properties {cleanup.policy=compact, compression.type="producer", segment.bytes=104857600}
2026-01-30T19:53:44.667+05:30  INFO 41816 --- [r-event-handler] kafka.cluster.Partition                  : [Partition __consumer_offsets-13 broker=0] No checkpointed highwatermark is found for partition __consumer_offsets-13
2026-01-30T19:53:44.667+05:30  INFO 41816 --- [r-event-handler] kafka.cluster.Partition                  : [Partition __consumer_offsets-13 broker=0] Log loaded for partition __consumer_offsets-13 with initial high watermark 0
2026-01-30T19:53:44.667+05:30  INFO 41816 --- [r-event-handler] state.change.logger                      : [Broker id=0] Leader __consumer_offsets-13 with topic id Some(Dkv5hKKWRYWr16wyURuCUQ) starts at leader epoch 0 from offset 0 with partition epoch 0, high watermark 0, ISR [0], adding replicas [] and removing replicas [] . Previous leader None and previous leader epoch was -1.
2026-01-30T19:53:44.671+05:30  INFO 41816 --- [r-event-handler] state.change.logger                      : [Broker id=0] Creating new partition __consumer_offsets-46 with topic id Dkv5hKKWRYWr16wyURuCUQ.
2026-01-30T19:53:44.673+05:30  INFO 41816 --- [r-event-handler] kafka.log.UnifiedLog$                    : [LogLoader partition=__consumer_offsets-46, dir=/var/folders/7k/x4crv6tn66s6j0tcy7vqrdlc0000gn/T/kafka-13239522964465261832/broker_0_data0] Loading producer state till offset 0 with message format version 2
2026-01-30T19:53:44.673+05:30  INFO 41816 --- [r-event-handler] kafka.log.LogManager                     : Created log for partition __consumer_offsets-46 in /var/folders/7k/x4crv6tn66s6j0tcy7vqrdlc0000gn/T/kafka-13239522964465261832/broker_0_data0/__consumer_offsets-46 with properties {cleanup.policy=compact, compression.type="producer", segment.bytes=104857600}
2026-01-30T19:53:44.673+05:30  INFO 41816 --- [r-event-handler] kafka.cluster.Partition                  : [Partition __consumer_offsets-46 broker=0] No checkpointed highwatermark is found for partition __consumer_offsets-46
2026-01-30T19:53:44.673+05:30  INFO 41816 --- [r-event-handler] kafka.cluster.Partition                  : [Partition __consumer_offsets-46 broker=0] Log loaded for partition __consumer_offsets-46 with initial high watermark 0
2026-01-30T19:53:44.673+05:30  INFO 41816 --- [r-event-handler] state.change.logger                      : [Broker id=0] Leader __consumer_offsets-46 with topic id Some(Dkv5hKKWRYWr16wyURuCUQ) starts at leader epoch 0 from offset 0 with partition epoch 0, high watermark 0, ISR [0], adding replicas [] and removing replicas [] . Previous leader None and previous leader epoch was -1.
2026-01-30T19:53:44.676+05:30  INFO 41816 --- [r-event-handler] state.change.logger                      : [Broker id=0] Creating new partition __consumer_offsets-9 with topic id Dkv5hKKWRYWr16wyURuCUQ.
2026-01-30T19:53:44.678+05:30  INFO 41816 --- [r-event-handler] kafka.log.UnifiedLog$                    : [LogLoader partition=__consumer_offsets-9, dir=/var/folders/7k/x4crv6tn66s6j0tcy7vqrdlc0000gn/T/kafka-13239522964465261832/broker_0_data0] Loading producer state till offset 0 with message format version 2
2026-01-30T19:53:44.678+05:30  INFO 41816 --- [r-event-handler] kafka.log.LogManager                     : Created log for partition __consumer_offsets-9 in /var/folders/7k/x4crv6tn66s6j0tcy7vqrdlc0000gn/T/kafka-13239522964465261832/broker_0_data0/__consumer_offsets-9 with properties {cleanup.policy=compact, compression.type="producer", segment.bytes=104857600}
2026-01-30T19:53:44.678+05:30  INFO 41816 --- [r-event-handler] kafka.cluster.Partition                  : [Partition __consumer_offsets-9 broker=0] No checkpointed highwatermark is found for partition __consumer_offsets-9
2026-01-30T19:53:44.678+05:30  INFO 41816 --- [r-event-handler] kafka.cluster.Partition                  : [Partition __consumer_offsets-9 broker=0] Log loaded for partition __consumer_offsets-9 with initial high watermark 0
2026-01-30T19:53:44.678+05:30  INFO 41816 --- [r-event-handler] state.change.logger                      : [Broker id=0] Leader __consumer_offsets-9 with topic id Some(Dkv5hKKWRYWr16wyURuCUQ) starts at leader epoch 0 from offset 0 with partition epoch 0, high watermark 0, ISR [0], adding replicas [] and removing replicas [] . Previous leader None and previous leader epoch was -1.
2026-01-30T19:53:44.683+05:30  INFO 41816 --- [r-event-handler] state.change.logger                      : [Broker id=0] Creating new partition __consumer_offsets-42 with topic id Dkv5hKKWRYWr16wyURuCUQ.
2026-01-30T19:53:44.688+05:30  INFO 41816 --- [r-event-handler] kafka.log.UnifiedLog$                    : [LogLoader partition=__consumer_offsets-42, dir=/var/folders/7k/x4crv6tn66s6j0tcy7vqrdlc0000gn/T/kafka-13239522964465261832/broker_0_data0] Loading producer state till offset 0 with message format version 2
2026-01-30T19:53:44.688+05:30  INFO 41816 --- [r-event-handler] kafka.log.LogManager                     : Created log for partition __consumer_offsets-42 in /var/folders/7k/x4crv6tn66s6j0tcy7vqrdlc0000gn/T/kafka-13239522964465261832/broker_0_data0/__consumer_offsets-42 with properties {cleanup.policy=compact, compression.type="producer", segment.bytes=104857600}
2026-01-30T19:53:44.688+05:30  INFO 41816 --- [r-event-handler] kafka.cluster.Partition                  : [Partition __consumer_offsets-42 broker=0] No checkpointed highwatermark is found for partition __consumer_offsets-42
2026-01-30T19:53:44.688+05:30  INFO 41816 --- [r-event-handler] kafka.cluster.Partition                  : [Partition __consumer_offsets-42 broker=0] Log loaded for partition __consumer_offsets-42 with initial high watermark 0
2026-01-30T19:53:44.688+05:30  INFO 41816 --- [r-event-handler] state.change.logger                      : [Broker id=0] Leader __consumer_offsets-42 with topic id Some(Dkv5hKKWRYWr16wyURuCUQ) starts at leader epoch 0 from offset 0 with partition epoch 0, high watermark 0, ISR [0], adding replicas [] and removing replicas [] . Previous leader None and previous leader epoch was -1.
2026-01-30T19:53:44.694+05:30  INFO 41816 --- [r-event-handler] state.change.logger                      : [Broker id=0] Creating new partition __consumer_offsets-21 with topic id Dkv5hKKWRYWr16wyURuCUQ.
2026-01-30T19:53:44.696+05:30  INFO 41816 --- [r-event-handler] kafka.log.UnifiedLog$                    : [LogLoader partition=__consumer_offsets-21, dir=/var/folders/7k/x4crv6tn66s6j0tcy7vqrdlc0000gn/T/kafka-13239522964465261832/broker_0_data0] Loading producer state till offset 0 with message format version 2
2026-01-30T19:53:44.696+05:30  INFO 41816 --- [r-event-handler] kafka.log.LogManager                     : Created log for partition __consumer_offsets-21 in /var/folders/7k/x4crv6tn66s6j0tcy7vqrdlc0000gn/T/kafka-13239522964465261832/broker_0_data0/__consumer_offsets-21 with properties {cleanup.policy=compact, compression.type="producer", segment.bytes=104857600}
2026-01-30T19:53:44.696+05:30  INFO 41816 --- [r-event-handler] kafka.cluster.Partition                  : [Partition __consumer_offsets-21 broker=0] No checkpointed highwatermark is found for partition __consumer_offsets-21
2026-01-30T19:53:44.696+05:30  INFO 41816 --- [r-event-handler] kafka.cluster.Partition                  : [Partition __consumer_offsets-21 broker=0] Log loaded for partition __consumer_offsets-21 with initial high watermark 0
2026-01-30T19:53:44.696+05:30  INFO 41816 --- [r-event-handler] state.change.logger                      : [Broker id=0] Leader __consumer_offsets-21 with topic id Some(Dkv5hKKWRYWr16wyURuCUQ) starts at leader epoch 0 from offset 0 with partition epoch 0, high watermark 0, ISR [0], adding replicas [] and removing replicas [] . Previous leader None and previous leader epoch was -1.
2026-01-30T19:53:44.696+05:30  INFO 41816 --- [ntainer#0-0-C-1] o.a.k.c.c.internals.ConsumerCoordinator  : [Consumer clientId=consumer-midas-core-group-1, groupId=midas-core-group] Discovered group coordinator localhost:60622 (id: 2147483647 rack: null)
2026-01-30T19:53:44.697+05:30  INFO 41816 --- [ntainer#0-0-C-1] o.a.k.c.c.internals.ConsumerCoordinator  : [Consumer clientId=consumer-midas-core-group-1, groupId=midas-core-group] (Re-)joining group
2026-01-30T19:53:44.698+05:30  INFO 41816 --- [r-event-handler] state.change.logger                      : [Broker id=0] Creating new partition __consumer_offsets-17 with topic id Dkv5hKKWRYWr16wyURuCUQ.
2026-01-30T19:53:44.699+05:30  INFO 41816 --- [r-event-handler] kafka.log.UnifiedLog$                    : [LogLoader partition=__consumer_offsets-17, dir=/var/folders/7k/x4crv6tn66s6j0tcy7vqrdlc0000gn/T/kafka-13239522964465261832/broker_0_data0] Loading producer state till offset 0 with message format version 2
2026-01-30T19:53:44.700+05:30  INFO 41816 --- [r-event-handler] kafka.log.LogManager                     : Created log for partition __consumer_offsets-17 in /var/folders/7k/x4crv6tn66s6j0tcy7vqrdlc0000gn/T/kafka-13239522964465261832/broker_0_data0/__consumer_offsets-17 with properties {cleanup.policy=compact, compression.type="producer", segment.bytes=104857600}
2026-01-30T19:53:44.700+05:30  INFO 41816 --- [r-event-handler] kafka.cluster.Partition                  : [Partition __consumer_offsets-17 broker=0] No checkpointed highwatermark is found for partition __consumer_offsets-17
2026-01-30T19:53:44.700+05:30  INFO 41816 --- [r-event-handler] kafka.cluster.Partition                  : [Partition __consumer_offsets-17 broker=0] Log loaded for partition __consumer_offsets-17 with initial high watermark 0
2026-01-30T19:53:44.700+05:30  INFO 41816 --- [r-event-handler] state.change.logger                      : [Broker id=0] Leader __consumer_offsets-17 with topic id Some(Dkv5hKKWRYWr16wyURuCUQ) starts at leader epoch 0 from offset 0 with partition epoch 0, high watermark 0, ISR [0], adding replicas [] and removing replicas [] . Previous leader None and previous leader epoch was -1.
2026-01-30T19:53:44.702+05:30  INFO 41816 --- [ntainer#0-0-C-1] o.a.k.c.c.internals.ConsumerCoordinator  : [Consumer clientId=consumer-midas-core-group-1, groupId=midas-core-group] Group coordinator localhost:60622 (id: 2147483647 rack: null) is unavailable or invalid due to cause: error response NOT_COORDINATOR. isDisconnected: false. Rediscovery will be attempted.
2026-01-30T19:53:44.702+05:30  INFO 41816 --- [ntainer#0-0-C-1] o.a.k.c.c.internals.ConsumerCoordinator  : [Consumer clientId=consumer-midas-core-group-1, groupId=midas-core-group] Requesting disconnect from last known coordinator localhost:60622 (id: 2147483647 rack: null)
2026-01-30T19:53:44.702+05:30  INFO 41816 --- [ntainer#0-0-C-1] o.a.k.c.c.internals.ConsumerCoordinator  : [Consumer clientId=consumer-midas-core-group-1, groupId=midas-core-group] JoinGroup failed: This is not the correct coordinator. Marking coordinator unknown. Sent generation was Generation{generationId=-1, memberId='', protocol='null'}
2026-01-30T19:53:44.702+05:30  INFO 41816 --- [ntainer#0-0-C-1] org.apache.kafka.clients.NetworkClient   : [Consumer clientId=consumer-midas-core-group-1, groupId=midas-core-group] Client requested disconnect from node 2147483647
2026-01-30T19:53:44.703+05:30  INFO 41816 --- [ntainer#0-0-C-1] o.a.k.c.c.internals.ConsumerCoordinator  : [Consumer clientId=consumer-midas-core-group-1, groupId=midas-core-group] Discovered group coordinator localhost:60622 (id: 2147483647 rack: null)
2026-01-30T19:53:44.703+05:30  INFO 41816 --- [ntainer#0-0-C-1] o.a.k.c.c.internals.ConsumerCoordinator  : [Consumer clientId=consumer-midas-core-group-1, groupId=midas-core-group] Group coordinator localhost:60622 (id: 2147483647 rack: null) is unavailable or invalid due to cause: coordinator unavailable. isDisconnected: false. Rediscovery will be attempted.
2026-01-30T19:53:44.703+05:30  INFO 41816 --- [ntainer#0-0-C-1] o.a.k.c.c.internals.ConsumerCoordinator  : [Consumer clientId=consumer-midas-core-group-1, groupId=midas-core-group] Requesting disconnect from last known coordinator localhost:60622 (id: 2147483647 rack: null)
2026-01-30T19:53:44.703+05:30  INFO 41816 --- [r-event-handler] state.change.logger                      : [Broker id=0] Creating new partition __consumer_offsets-30 with topic id Dkv5hKKWRYWr16wyURuCUQ.
2026-01-30T19:53:44.705+05:30  INFO 41816 --- [r-event-handler] kafka.log.UnifiedLog$                    : [LogLoader partition=__consumer_offsets-30, dir=/var/folders/7k/x4crv6tn66s6j0tcy7vqrdlc0000gn/T/kafka-13239522964465261832/broker_0_data0] Loading producer state till offset 0 with message format version 2
2026-01-30T19:53:44.705+05:30  INFO 41816 --- [r-event-handler] kafka.log.LogManager                     : Created log for partition __consumer_offsets-30 in /var/folders/7k/x4crv6tn66s6j0tcy7vqrdlc0000gn/T/kafka-13239522964465261832/broker_0_data0/__consumer_offsets-30 with properties {cleanup.policy=compact, compression.type="producer", segment.bytes=104857600}
2026-01-30T19:53:44.705+05:30  INFO 41816 --- [r-event-handler] kafka.cluster.Partition                  : [Partition __consumer_offsets-30 broker=0] No checkpointed highwatermark is found for partition __consumer_offsets-30
2026-01-30T19:53:44.705+05:30  INFO 41816 --- [r-event-handler] kafka.cluster.Partition                  : [Partition __consumer_offsets-30 broker=0] Log loaded for partition __consumer_offsets-30 with initial high watermark 0
2026-01-30T19:53:44.705+05:30  INFO 41816 --- [r-event-handler] state.change.logger                      : [Broker id=0] Leader __consumer_offsets-30 with topic id Some(Dkv5hKKWRYWr16wyURuCUQ) starts at leader epoch 0 from offset 0 with partition epoch 0, high watermark 0, ISR [0], adding replicas [] and removing replicas [] . Previous leader None and previous leader epoch was -1.
2026-01-30T19:53:44.711+05:30  INFO 41816 --- [r-event-handler] state.change.logger                      : [Broker id=0] Creating new partition __consumer_offsets-26 with topic id Dkv5hKKWRYWr16wyURuCUQ.
2026-01-30T19:53:44.713+05:30  INFO 41816 --- [r-event-handler] kafka.log.UnifiedLog$                    : [LogLoader partition=__consumer_offsets-26, dir=/var/folders/7k/x4crv6tn66s6j0tcy7vqrdlc0000gn/T/kafka-13239522964465261832/broker_0_data0] Loading producer state till offset 0 with message format version 2
2026-01-30T19:53:44.713+05:30  INFO 41816 --- [r-event-handler] kafka.log.LogManager                     : Created log for partition __consumer_offsets-26 in /var/folders/7k/x4crv6tn66s6j0tcy7vqrdlc0000gn/T/kafka-13239522964465261832/broker_0_data0/__consumer_offsets-26 with properties {cleanup.policy=compact, compression.type="producer", segment.bytes=104857600}
2026-01-30T19:53:44.713+05:30  INFO 41816 --- [r-event-handler] kafka.cluster.Partition                  : [Partition __consumer_offsets-26 broker=0] No checkpointed highwatermark is found for partition __consumer_offsets-26
2026-01-30T19:53:44.713+05:30  INFO 41816 --- [r-event-handler] kafka.cluster.Partition                  : [Partition __consumer_offsets-26 broker=0] Log loaded for partition __consumer_offsets-26 with initial high watermark 0
2026-01-30T19:53:44.713+05:30  INFO 41816 --- [r-event-handler] state.change.logger                      : [Broker id=0] Leader __consumer_offsets-26 with topic id Some(Dkv5hKKWRYWr16wyURuCUQ) starts at leader epoch 0 from offset 0 with partition epoch 0, high watermark 0, ISR [0], adding replicas [] and removing replicas [] . Previous leader None and previous leader epoch was -1.
2026-01-30T19:53:44.718+05:30  INFO 41816 --- [r-event-handler] state.change.logger                      : [Broker id=0] Creating new partition __consumer_offsets-5 with topic id Dkv5hKKWRYWr16wyURuCUQ.
2026-01-30T19:53:44.720+05:30  INFO 41816 --- [r-event-handler] kafka.log.UnifiedLog$                    : [LogLoader partition=__consumer_offsets-5, dir=/var/folders/7k/x4crv6tn66s6j0tcy7vqrdlc0000gn/T/kafka-13239522964465261832/broker_0_data0] Loading producer state till offset 0 with message format version 2
2026-01-30T19:53:44.720+05:30  INFO 41816 --- [r-event-handler] kafka.log.LogManager                     : Created log for partition __consumer_offsets-5 in /var/folders/7k/x4crv6tn66s6j0tcy7vqrdlc0000gn/T/kafka-13239522964465261832/broker_0_data0/__consumer_offsets-5 with properties {cleanup.policy=compact, compression.type="producer", segment.bytes=104857600}
2026-01-30T19:53:44.720+05:30  INFO 41816 --- [r-event-handler] kafka.cluster.Partition                  : [Partition __consumer_offsets-5 broker=0] No checkpointed highwatermark is found for partition __consumer_offsets-5
2026-01-30T19:53:44.720+05:30  INFO 41816 --- [r-event-handler] kafka.cluster.Partition                  : [Partition __consumer_offsets-5 broker=0] Log loaded for partition __consumer_offsets-5 with initial high watermark 0
2026-01-30T19:53:44.720+05:30  INFO 41816 --- [r-event-handler] state.change.logger                      : [Broker id=0] Leader __consumer_offsets-5 with topic id Some(Dkv5hKKWRYWr16wyURuCUQ) starts at leader epoch 0 from offset 0 with partition epoch 0, high watermark 0, ISR [0], adding replicas [] and removing replicas [] . Previous leader None and previous leader epoch was -1.
2026-01-30T19:53:44.725+05:30  INFO 41816 --- [r-event-handler] state.change.logger                      : [Broker id=0] Creating new partition __consumer_offsets-38 with topic id Dkv5hKKWRYWr16wyURuCUQ.
2026-01-30T19:53:44.727+05:30  INFO 41816 --- [r-event-handler] kafka.log.UnifiedLog$                    : [LogLoader partition=__consumer_offsets-38, dir=/var/folders/7k/x4crv6tn66s6j0tcy7vqrdlc0000gn/T/kafka-13239522964465261832/broker_0_data0] Loading producer state till offset 0 with message format version 2
2026-01-30T19:53:44.727+05:30  INFO 41816 --- [r-event-handler] kafka.log.LogManager                     : Created log for partition __consumer_offsets-38 in /var/folders/7k/x4crv6tn66s6j0tcy7vqrdlc0000gn/T/kafka-13239522964465261832/broker_0_data0/__consumer_offsets-38 with properties {cleanup.policy=compact, compression.type="producer", segment.bytes=104857600}
2026-01-30T19:53:44.727+05:30  INFO 41816 --- [r-event-handler] kafka.cluster.Partition                  : [Partition __consumer_offsets-38 broker=0] No checkpointed highwatermark is found for partition __consumer_offsets-38
2026-01-30T19:53:44.727+05:30  INFO 41816 --- [r-event-handler] kafka.cluster.Partition                  : [Partition __consumer_offsets-38 broker=0] Log loaded for partition __consumer_offsets-38 with initial high watermark 0
2026-01-30T19:53:44.727+05:30  INFO 41816 --- [r-event-handler] state.change.logger                      : [Broker id=0] Leader __consumer_offsets-38 with topic id Some(Dkv5hKKWRYWr16wyURuCUQ) starts at leader epoch 0 from offset 0 with partition epoch 0, high watermark 0, ISR [0], adding replicas [] and removing replicas [] . Previous leader None and previous leader epoch was -1.
2026-01-30T19:53:44.733+05:30  INFO 41816 --- [r-event-handler] state.change.logger                      : [Broker id=0] Creating new partition __consumer_offsets-1 with topic id Dkv5hKKWRYWr16wyURuCUQ.
2026-01-30T19:53:44.735+05:30  INFO 41816 --- [r-event-handler] kafka.log.UnifiedLog$                    : [LogLoader partition=__consumer_offsets-1, dir=/var/folders/7k/x4crv6tn66s6j0tcy7vqrdlc0000gn/T/kafka-13239522964465261832/broker_0_data0] Loading producer state till offset 0 with message format version 2
2026-01-30T19:53:44.735+05:30  INFO 41816 --- [r-event-handler] kafka.log.LogManager                     : Created log for partition __consumer_offsets-1 in /var/folders/7k/x4crv6tn66s6j0tcy7vqrdlc0000gn/T/kafka-13239522964465261832/broker_0_data0/__consumer_offsets-1 with properties {cleanup.policy=compact, compression.type="producer", segment.bytes=104857600}
2026-01-30T19:53:44.735+05:30  INFO 41816 --- [r-event-handler] kafka.cluster.Partition                  : [Partition __consumer_offsets-1 broker=0] No checkpointed highwatermark is found for partition __consumer_offsets-1
2026-01-30T19:53:44.735+05:30  INFO 41816 --- [r-event-handler] kafka.cluster.Partition                  : [Partition __consumer_offsets-1 broker=0] Log loaded for partition __consumer_offsets-1 with initial high watermark 0
2026-01-30T19:53:44.735+05:30  INFO 41816 --- [r-event-handler] state.change.logger                      : [Broker id=0] Leader __consumer_offsets-1 with topic id Some(Dkv5hKKWRYWr16wyURuCUQ) starts at leader epoch 0 from offset 0 with partition epoch 0, high watermark 0, ISR [0], adding replicas [] and removing replicas [] . Previous leader None and previous leader epoch was -1.
2026-01-30T19:53:44.740+05:30  INFO 41816 --- [r-event-handler] state.change.logger                      : [Broker id=0] Creating new partition __consumer_offsets-34 with topic id Dkv5hKKWRYWr16wyURuCUQ.
2026-01-30T19:53:44.742+05:30  INFO 41816 --- [r-event-handler] kafka.log.UnifiedLog$                    : [LogLoader partition=__consumer_offsets-34, dir=/var/folders/7k/x4crv6tn66s6j0tcy7vqrdlc0000gn/T/kafka-13239522964465261832/broker_0_data0] Loading producer state till offset 0 with message format version 2
2026-01-30T19:53:44.742+05:30  INFO 41816 --- [r-event-handler] kafka.log.LogManager                     : Created log for partition __consumer_offsets-34 in /var/folders/7k/x4crv6tn66s6j0tcy7vqrdlc0000gn/T/kafka-13239522964465261832/broker_0_data0/__consumer_offsets-34 with properties {cleanup.policy=compact, compression.type="producer", segment.bytes=104857600}
2026-01-30T19:53:44.742+05:30  INFO 41816 --- [r-event-handler] kafka.cluster.Partition                  : [Partition __consumer_offsets-34 broker=0] No checkpointed highwatermark is found for partition __consumer_offsets-34
2026-01-30T19:53:44.742+05:30  INFO 41816 --- [r-event-handler] kafka.cluster.Partition                  : [Partition __consumer_offsets-34 broker=0] Log loaded for partition __consumer_offsets-34 with initial high watermark 0
2026-01-30T19:53:44.742+05:30  INFO 41816 --- [r-event-handler] state.change.logger                      : [Broker id=0] Leader __consumer_offsets-34 with topic id Some(Dkv5hKKWRYWr16wyURuCUQ) starts at leader epoch 0 from offset 0 with partition epoch 0, high watermark 0, ISR [0], adding replicas [] and removing replicas [] . Previous leader None and previous leader epoch was -1.
2026-01-30T19:53:44.748+05:30  INFO 41816 --- [r-event-handler] state.change.logger                      : [Broker id=0] Creating new partition __consumer_offsets-16 with topic id Dkv5hKKWRYWr16wyURuCUQ.
2026-01-30T19:53:44.750+05:30  INFO 41816 --- [r-event-handler] kafka.log.UnifiedLog$                    : [LogLoader partition=__consumer_offsets-16, dir=/var/folders/7k/x4crv6tn66s6j0tcy7vqrdlc0000gn/T/kafka-13239522964465261832/broker_0_data0] Loading producer state till offset 0 with message format version 2
2026-01-30T19:53:44.750+05:30  INFO 41816 --- [r-event-handler] kafka.log.LogManager                     : Created log for partition __consumer_offsets-16 in /var/folders/7k/x4crv6tn66s6j0tcy7vqrdlc0000gn/T/kafka-13239522964465261832/broker_0_data0/__consumer_offsets-16 with properties {cleanup.policy=compact, compression.type="producer", segment.bytes=104857600}
2026-01-30T19:53:44.750+05:30  INFO 41816 --- [r-event-handler] kafka.cluster.Partition                  : [Partition __consumer_offsets-16 broker=0] No checkpointed highwatermark is found for partition __consumer_offsets-16
2026-01-30T19:53:44.750+05:30  INFO 41816 --- [r-event-handler] kafka.cluster.Partition                  : [Partition __consumer_offsets-16 broker=0] Log loaded for partition __consumer_offsets-16 with initial high watermark 0
2026-01-30T19:53:44.750+05:30  INFO 41816 --- [r-event-handler] state.change.logger                      : [Broker id=0] Leader __consumer_offsets-16 with topic id Some(Dkv5hKKWRYWr16wyURuCUQ) starts at leader epoch 0 from offset 0 with partition epoch 0, high watermark 0, ISR [0], adding replicas [] and removing replicas [] . Previous leader None and previous leader epoch was -1.
2026-01-30T19:53:44.755+05:30  INFO 41816 --- [r-event-handler] state.change.logger                      : [Broker id=0] Creating new partition __consumer_offsets-45 with topic id Dkv5hKKWRYWr16wyURuCUQ.
2026-01-30T19:53:44.757+05:30  INFO 41816 --- [r-event-handler] kafka.log.UnifiedLog$                    : [LogLoader partition=__consumer_offsets-45, dir=/var/folders/7k/x4crv6tn66s6j0tcy7vqrdlc0000gn/T/kafka-13239522964465261832/broker_0_data0] Loading producer state till offset 0 with message format version 2
2026-01-30T19:53:44.757+05:30  INFO 41816 --- [r-event-handler] kafka.log.LogManager                     : Created log for partition __consumer_offsets-45 in /var/folders/7k/x4crv6tn66s6j0tcy7vqrdlc0000gn/T/kafka-13239522964465261832/broker_0_data0/__consumer_offsets-45 with properties {cleanup.policy=compact, compression.type="producer", segment.bytes=104857600}
2026-01-30T19:53:44.757+05:30  INFO 41816 --- [r-event-handler] kafka.cluster.Partition                  : [Partition __consumer_offsets-45 broker=0] No checkpointed highwatermark is found for partition __consumer_offsets-45
2026-01-30T19:53:44.757+05:30  INFO 41816 --- [r-event-handler] kafka.cluster.Partition                  : [Partition __consumer_offsets-45 broker=0] Log loaded for partition __consumer_offsets-45 with initial high watermark 0
2026-01-30T19:53:44.757+05:30  INFO 41816 --- [r-event-handler] state.change.logger                      : [Broker id=0] Leader __consumer_offsets-45 with topic id Some(Dkv5hKKWRYWr16wyURuCUQ) starts at leader epoch 0 from offset 0 with partition epoch 0, high watermark 0, ISR [0], adding replicas [] and removing replicas [] . Previous leader None and previous leader epoch was -1.
2026-01-30T19:53:44.764+05:30  INFO 41816 --- [r-event-handler] state.change.logger                      : [Broker id=0] Creating new partition __consumer_offsets-12 with topic id Dkv5hKKWRYWr16wyURuCUQ.
2026-01-30T19:53:44.766+05:30  INFO 41816 --- [r-event-handler] kafka.log.UnifiedLog$                    : [LogLoader partition=__consumer_offsets-12, dir=/var/folders/7k/x4crv6tn66s6j0tcy7vqrdlc0000gn/T/kafka-13239522964465261832/broker_0_data0] Loading producer state till offset 0 with message format version 2
2026-01-30T19:53:44.766+05:30  INFO 41816 --- [r-event-handler] kafka.log.LogManager                     : Created log for partition __consumer_offsets-12 in /var/folders/7k/x4crv6tn66s6j0tcy7vqrdlc0000gn/T/kafka-13239522964465261832/broker_0_data0/__consumer_offsets-12 with properties {cleanup.policy=compact, compression.type="producer", segment.bytes=104857600}
2026-01-30T19:53:44.766+05:30  INFO 41816 --- [r-event-handler] kafka.cluster.Partition                  : [Partition __consumer_offsets-12 broker=0] No checkpointed highwatermark is found for partition __consumer_offsets-12
2026-01-30T19:53:44.766+05:30  INFO 41816 --- [r-event-handler] kafka.cluster.Partition                  : [Partition __consumer_offsets-12 broker=0] Log loaded for partition __consumer_offsets-12 with initial high watermark 0
2026-01-30T19:53:44.766+05:30  INFO 41816 --- [r-event-handler] state.change.logger                      : [Broker id=0] Leader __consumer_offsets-12 with topic id Some(Dkv5hKKWRYWr16wyURuCUQ) starts at leader epoch 0 from offset 0 with partition epoch 0, high watermark 0, ISR [0], adding replicas [] and removing replicas [] . Previous leader None and previous leader epoch was -1.
2026-01-30T19:53:44.772+05:30  INFO 41816 --- [r-event-handler] state.change.logger                      : [Broker id=0] Creating new partition __consumer_offsets-41 with topic id Dkv5hKKWRYWr16wyURuCUQ.
2026-01-30T19:53:44.774+05:30  INFO 41816 --- [r-event-handler] kafka.log.UnifiedLog$                    : [LogLoader partition=__consumer_offsets-41, dir=/var/folders/7k/x4crv6tn66s6j0tcy7vqrdlc0000gn/T/kafka-13239522964465261832/broker_0_data0] Loading producer state till offset 0 with message format version 2
2026-01-30T19:53:44.774+05:30  INFO 41816 --- [r-event-handler] kafka.log.LogManager                     : Created log for partition __consumer_offsets-41 in /var/folders/7k/x4crv6tn66s6j0tcy7vqrdlc0000gn/T/kafka-13239522964465261832/broker_0_data0/__consumer_offsets-41 with properties {cleanup.policy=compact, compression.type="producer", segment.bytes=104857600}
OpenJDK 64-Bit Server VM warning: Sharing is only supported for boot loader classes because bootstrap classpath has been appended
2026-01-30T19:53:44.774+05:30  INFO 41816 --- [r-event-handler] kafka.cluster.Partition                  : [Partition __consumer_offsets-41 broker=0] No checkpointed highwatermark is found for partition __consumer_offsets-41
2026-01-30T19:53:44.774+05:30  INFO 41816 --- [r-event-handler] kafka.cluster.Partition                  : [Partition __consumer_offsets-41 broker=0] Log loaded for partition __consumer_offsets-41 with initial high watermark 0
2026-01-30T19:53:44.774+05:30  INFO 41816 --- [r-event-handler] state.change.logger                      : [Broker id=0] Leader __consumer_offsets-41 with topic id Some(Dkv5hKKWRYWr16wyURuCUQ) starts at leader epoch 0 from offset 0 with partition epoch 0, high watermark 0, ISR [0], adding replicas [] and removing replicas [] . Previous leader None and previous leader epoch was -1.
2026-01-30T19:53:44.780+05:30  INFO 41816 --- [r-event-handler] state.change.logger                      : [Broker id=0] Creating new partition __consumer_offsets-24 with topic id Dkv5hKKWRYWr16wyURuCUQ.
2026-01-30T19:53:44.783+05:30  INFO 41816 --- [r-event-handler] kafka.log.UnifiedLog$                    : [LogLoader partition=__consumer_offsets-24, dir=/var/folders/7k/x4crv6tn66s6j0tcy7vqrdlc0000gn/T/kafka-13239522964465261832/broker_0_data0] Loading producer state till offset 0 with message format version 2
2026-01-30T19:53:44.783+05:30  INFO 41816 --- [r-event-handler] kafka.log.LogManager                     : Created log for partition __consumer_offsets-24 in /var/folders/7k/x4crv6tn66s6j0tcy7vqrdlc0000gn/T/kafka-13239522964465261832/broker_0_data0/__consumer_offsets-24 with properties {cleanup.policy=compact, compression.type="producer", segment.bytes=104857600}
2026-01-30T19:53:44.783+05:30  INFO 41816 --- [r-event-handler] kafka.cluster.Partition                  : [Partition __consumer_offsets-24 broker=0] No checkpointed highwatermark is found for partition __consumer_offsets-24
2026-01-30T19:53:44.783+05:30  INFO 41816 --- [r-event-handler] kafka.cluster.Partition                  : [Partition __consumer_offsets-24 broker=0] Log loaded for partition __consumer_offsets-24 with initial high watermark 0
2026-01-30T19:53:44.783+05:30  INFO 41816 --- [r-event-handler] state.change.logger                      : [Broker id=0] Leader __consumer_offsets-24 with topic id Some(Dkv5hKKWRYWr16wyURuCUQ) starts at leader epoch 0 from offset 0 with partition epoch 0, high watermark 0, ISR [0], adding replicas [] and removing replicas [] . Previous leader None and previous leader epoch was -1.
2026-01-30T19:53:44.788+05:30  INFO 41816 --- [r-event-handler] state.change.logger                      : [Broker id=0] Creating new partition __consumer_offsets-20 with topic id Dkv5hKKWRYWr16wyURuCUQ.
2026-01-30T19:53:44.790+05:30  INFO 41816 --- [r-event-handler] kafka.log.UnifiedLog$                    : [LogLoader partition=__consumer_offsets-20, dir=/var/folders/7k/x4crv6tn66s6j0tcy7vqrdlc0000gn/T/kafka-13239522964465261832/broker_0_data0] Loading producer state till offset 0 with message format version 2
2026-01-30T19:53:44.791+05:30  INFO 41816 --- [r-event-handler] kafka.log.LogManager                     : Created log for partition __consumer_offsets-20 in /var/folders/7k/x4crv6tn66s6j0tcy7vqrdlc0000gn/T/kafka-13239522964465261832/broker_0_data0/__consumer_offsets-20 with properties {cleanup.policy=compact, compression.type="producer", segment.bytes=104857600}
2026-01-30T19:53:44.791+05:30  INFO 41816 --- [r-event-handler] kafka.cluster.Partition                  : [Partition __consumer_offsets-20 broker=0] No checkpointed highwatermark is found for partition __consumer_offsets-20
2026-01-30T19:53:44.791+05:30  INFO 41816 --- [r-event-handler] kafka.cluster.Partition                  : [Partition __consumer_offsets-20 broker=0] Log loaded for partition __consumer_offsets-20 with initial high watermark 0
2026-01-30T19:53:44.791+05:30  INFO 41816 --- [r-event-handler] state.change.logger                      : [Broker id=0] Leader __consumer_offsets-20 with topic id Some(Dkv5hKKWRYWr16wyURuCUQ) starts at leader epoch 0 from offset 0 with partition epoch 0, high watermark 0, ISR [0], adding replicas [] and removing replicas [] . Previous leader None and previous leader epoch was -1.
WARNING: A Java agent has been loaded dynamically (/Users/chandu/.m2/repository/net/bytebuddy/byte-buddy-agent/1.14.13/byte-buddy-agent-1.14.13.jar)
WARNING: If a serviceability tool is in use, please run with -XX:+EnableDynamicAgentLoading to hide this warning
WARNING: If a serviceability tool is not in use, please run with -Djdk.instrument.traceUsage for more information
WARNING: Dynamic loading of agents will be disallowed by default in a future release
2026-01-30T19:53:44.797+05:30  INFO 41816 --- [r-event-handler] state.change.logger                      : [Broker id=0] Creating new partition __consumer_offsets-49 with topic id Dkv5hKKWRYWr16wyURuCUQ.
2026-01-30T19:53:44.799+05:30  INFO 41816 --- [r-event-handler] kafka.log.UnifiedLog$                    : [LogLoader partition=__consumer_offsets-49, dir=/var/folders/7k/x4crv6tn66s6j0tcy7vqrdlc0000gn/T/kafka-13239522964465261832/broker_0_data0] Loading producer state till offset 0 with message format version 2
2026-01-30T19:53:44.800+05:30  INFO 41816 --- [r-event-handler] kafka.log.LogManager                     : Created log for partition __consumer_offsets-49 in /var/folders/7k/x4crv6tn66s6j0tcy7vqrdlc0000gn/T/kafka-13239522964465261832/broker_0_data0/__consumer_offsets-49 with properties {cleanup.policy=compact, compression.type="producer", segment.bytes=104857600}
2026-01-30T19:53:44.800+05:30  INFO 41816 --- [r-event-handler] kafka.cluster.Partition                  : [Partition __consumer_offsets-49 broker=0] No checkpointed highwatermark is found for partition __consumer_offsets-49
2026-01-30T19:53:44.800+05:30  INFO 41816 --- [r-event-handler] kafka.cluster.Partition                  : [Partition __consumer_offsets-49 broker=0] Log loaded for partition __consumer_offsets-49 with initial high watermark 0
2026-01-30T19:53:44.800+05:30  INFO 41816 --- [r-event-handler] state.change.logger                      : [Broker id=0] Leader __consumer_offsets-49 with topic id Some(Dkv5hKKWRYWr16wyURuCUQ) starts at leader epoch 0 from offset 0 with partition epoch 0, high watermark 0, ISR [0], adding replicas [] and removing replicas [] . Previous leader None and previous leader epoch was -1.
2026-01-30T19:53:44.809+05:30  INFO 41816 --- [ntainer#0-0-C-1] o.a.k.c.c.internals.ConsumerCoordinator  : [Consumer clientId=consumer-midas-core-group-1, groupId=midas-core-group] Discovered group coordinator localhost:60622 (id: 2147483647 rack: null)
2026-01-30T19:53:44.809+05:30  INFO 41816 --- [r-event-handler] state.change.logger                      : [Broker id=0] Creating new partition __consumer_offsets-0 with topic id Dkv5hKKWRYWr16wyURuCUQ.
2026-01-30T19:53:44.809+05:30  INFO 41816 --- [ntainer#0-0-C-1] o.a.k.c.c.internals.ConsumerCoordinator  : [Consumer clientId=consumer-midas-core-group-1, groupId=midas-core-group] Request joining group due to: rebalance failed due to 'This is not the correct coordinator.' (NotCoordinatorException)
2026-01-30T19:53:44.810+05:30  INFO 41816 --- [ntainer#0-0-C-1] o.a.k.c.c.internals.ConsumerCoordinator  : [Consumer clientId=consumer-midas-core-group-1, groupId=midas-core-group] (Re-)joining group
2026-01-30T19:53:44.811+05:30  INFO 41816 --- [r-event-handler] kafka.log.UnifiedLog$                    : [LogLoader partition=__consumer_offsets-0, dir=/var/folders/7k/x4crv6tn66s6j0tcy7vqrdlc0000gn/T/kafka-13239522964465261832/broker_0_data0] Loading producer state till offset 0 with message format version 2
2026-01-30T19:53:44.811+05:30  INFO 41816 --- [ntainer#0-0-C-1] o.a.k.c.c.internals.ConsumerCoordinator  : [Consumer clientId=consumer-midas-core-group-1, groupId=midas-core-group] Group coordinator localhost:60622 (id: 2147483647 rack: null) is unavailable or invalid due to cause: error response NOT_COORDINATOR. isDisconnected: false. Rediscovery will be attempted.
2026-01-30T19:53:44.811+05:30  INFO 41816 --- [ntainer#0-0-C-1] o.a.k.c.c.internals.ConsumerCoordinator  : [Consumer clientId=consumer-midas-core-group-1, groupId=midas-core-group] Requesting disconnect from last known coordinator localhost:60622 (id: 2147483647 rack: null)
2026-01-30T19:53:44.811+05:30  INFO 41816 --- [ntainer#0-0-C-1] o.a.k.c.c.internals.ConsumerCoordinator  : [Consumer clientId=consumer-midas-core-group-1, groupId=midas-core-group] JoinGroup failed: This is not the correct coordinator. Marking coordinator unknown. Sent generation was Generation{generationId=-1, memberId='', protocol='null'}
2026-01-30T19:53:44.811+05:30  INFO 41816 --- [r-event-handler] kafka.log.LogManager                     : Created log for partition __consumer_offsets-0 in /var/folders/7k/x4crv6tn66s6j0tcy7vqrdlc0000gn/T/kafka-13239522964465261832/broker_0_data0/__consumer_offsets-0 with properties {cleanup.policy=compact, compression.type="producer", segment.bytes=104857600}
2026-01-30T19:53:44.811+05:30  INFO 41816 --- [ntainer#0-0-C-1] org.apache.kafka.clients.NetworkClient   : [Consumer clientId=consumer-midas-core-group-1, groupId=midas-core-group] Client requested disconnect from node 2147483647
2026-01-30T19:53:44.811+05:30  INFO 41816 --- [r-event-handler] kafka.cluster.Partition                  : [Partition __consumer_offsets-0 broker=0] No checkpointed highwatermark is found for partition __consumer_offsets-0
2026-01-30T19:53:44.812+05:30  INFO 41816 --- [r-event-handler] kafka.cluster.Partition                  : [Partition __consumer_offsets-0 broker=0] Log loaded for partition __consumer_offsets-0 with initial high watermark 0
2026-01-30T19:53:44.812+05:30  INFO 41816 --- [r-event-handler] state.change.logger                      : [Broker id=0] Leader __consumer_offsets-0 with topic id Some(Dkv5hKKWRYWr16wyURuCUQ) starts at leader epoch 0 from offset 0 with partition epoch 0, high watermark 0, ISR [0], adding replicas [] and removing replicas [] . Previous leader None and previous leader epoch was -1.
2026-01-30T19:53:44.812+05:30  INFO 41816 --- [ntainer#0-0-C-1] o.a.k.c.c.internals.ConsumerCoordinator  : [Consumer clientId=consumer-midas-core-group-1, groupId=midas-core-group] Discovered group coordinator localhost:60622 (id: 2147483647 rack: null)
2026-01-30T19:53:44.812+05:30  INFO 41816 --- [ntainer#0-0-C-1] o.a.k.c.c.internals.ConsumerCoordinator  : [Consumer clientId=consumer-midas-core-group-1, groupId=midas-core-group] Group coordinator localhost:60622 (id: 2147483647 rack: null) is unavailable or invalid due to cause: coordinator unavailable. isDisconnected: false. Rediscovery will be attempted.
2026-01-30T19:53:44.812+05:30  INFO 41816 --- [ntainer#0-0-C-1] o.a.k.c.c.internals.ConsumerCoordinator  : [Consumer clientId=consumer-midas-core-group-1, groupId=midas-core-group] Requesting disconnect from last known coordinator localhost:60622 (id: 2147483647 rack: null)
2026-01-30T19:53:44.819+05:30  INFO 41816 --- [r-event-handler] state.change.logger                      : [Broker id=0] Creating new partition __consumer_offsets-29 with topic id Dkv5hKKWRYWr16wyURuCUQ.
2026-01-30T19:53:44.820+05:30  INFO 41816 --- [r-event-handler] kafka.log.UnifiedLog$                    : [LogLoader partition=__consumer_offsets-29, dir=/var/folders/7k/x4crv6tn66s6j0tcy7vqrdlc0000gn/T/kafka-13239522964465261832/broker_0_data0] Loading producer state till offset 0 with message format version 2
2026-01-30T19:53:44.821+05:30  INFO 41816 --- [r-event-handler] kafka.log.LogManager                     : Created log for partition __consumer_offsets-29 in /var/folders/7k/x4crv6tn66s6j0tcy7vqrdlc0000gn/T/kafka-13239522964465261832/broker_0_data0/__consumer_offsets-29 with properties {cleanup.policy=compact, compression.type="producer", segment.bytes=104857600}
2026-01-30T19:53:44.821+05:30  INFO 41816 --- [r-event-handler] kafka.cluster.Partition                  : [Partition __consumer_offsets-29 broker=0] No checkpointed highwatermark is found for partition __consumer_offsets-29
2026-01-30T19:53:44.821+05:30  INFO 41816 --- [r-event-handler] kafka.cluster.Partition                  : [Partition __consumer_offsets-29 broker=0] Log loaded for partition __consumer_offsets-29 with initial high watermark 0
2026-01-30T19:53:44.821+05:30  INFO 41816 --- [r-event-handler] state.change.logger                      : [Broker id=0] Leader __consumer_offsets-29 with topic id Some(Dkv5hKKWRYWr16wyURuCUQ) starts at leader epoch 0 from offset 0 with partition epoch 0, high watermark 0, ISR [0], adding replicas [] and removing replicas [] . Previous leader None and previous leader epoch was -1.
2026-01-30T19:53:44.827+05:30  INFO 41816 --- [r-event-handler] state.change.logger                      : [Broker id=0] Creating new partition __consumer_offsets-25 with topic id Dkv5hKKWRYWr16wyURuCUQ.
2026-01-30T19:53:44.829+05:30  INFO 41816 --- [r-event-handler] kafka.log.UnifiedLog$                    : [LogLoader partition=__consumer_offsets-25, dir=/var/folders/7k/x4crv6tn66s6j0tcy7vqrdlc0000gn/T/kafka-13239522964465261832/broker_0_data0] Loading producer state till offset 0 with message format version 2
2026-01-30T19:53:44.829+05:30  INFO 41816 --- [r-event-handler] kafka.log.LogManager                     : Created log for partition __consumer_offsets-25 in /var/folders/7k/x4crv6tn66s6j0tcy7vqrdlc0000gn/T/kafka-13239522964465261832/broker_0_data0/__consumer_offsets-25 with properties {cleanup.policy=compact, compression.type="producer", segment.bytes=104857600}
2026-01-30T19:53:44.829+05:30  INFO 41816 --- [r-event-handler] kafka.cluster.Partition                  : [Partition __consumer_offsets-25 broker=0] No checkpointed highwatermark is found for partition __consumer_offsets-25
2026-01-30T19:53:44.829+05:30  INFO 41816 --- [r-event-handler] kafka.cluster.Partition                  : [Partition __consumer_offsets-25 broker=0] Log loaded for partition __consumer_offsets-25 with initial high watermark 0
2026-01-30T19:53:44.829+05:30  INFO 41816 --- [r-event-handler] state.change.logger                      : [Broker id=0] Leader __consumer_offsets-25 with topic id Some(Dkv5hKKWRYWr16wyURuCUQ) starts at leader epoch 0 from offset 0 with partition epoch 0, high watermark 0, ISR [0], adding replicas [] and removing replicas [] . Previous leader None and previous leader epoch was -1.
2026-01-30T19:53:44.835+05:30  INFO 41816 --- [r-event-handler] state.change.logger                      : [Broker id=0] Creating new partition __consumer_offsets-8 with topic id Dkv5hKKWRYWr16wyURuCUQ.
2026-01-30T19:53:44.837+05:30  INFO 41816 --- [r-event-handler] kafka.log.UnifiedLog$                    : [LogLoader partition=__consumer_offsets-8, dir=/var/folders/7k/x4crv6tn66s6j0tcy7vqrdlc0000gn/T/kafka-13239522964465261832/broker_0_data0] Loading producer state till offset 0 with message format version 2
2026-01-30T19:53:44.837+05:30  INFO 41816 --- [r-event-handler] kafka.log.LogManager                     : Created log for partition __consumer_offsets-8 in /var/folders/7k/x4crv6tn66s6j0tcy7vqrdlc0000gn/T/kafka-13239522964465261832/broker_0_data0/__consumer_offsets-8 with properties {cleanup.policy=compact, compression.type="producer", segment.bytes=104857600}
2026-01-30T19:53:44.837+05:30  INFO 41816 --- [r-event-handler] kafka.cluster.Partition                  : [Partition __consumer_offsets-8 broker=0] No checkpointed highwatermark is found for partition __consumer_offsets-8
2026-01-30T19:53:44.837+05:30  INFO 41816 --- [r-event-handler] kafka.cluster.Partition                  : [Partition __consumer_offsets-8 broker=0] Log loaded for partition __consumer_offsets-8 with initial high watermark 0
2026-01-30T19:53:44.837+05:30  INFO 41816 --- [r-event-handler] state.change.logger                      : [Broker id=0] Leader __consumer_offsets-8 with topic id Some(Dkv5hKKWRYWr16wyURuCUQ) starts at leader epoch 0 from offset 0 with partition epoch 0, high watermark 0, ISR [0], adding replicas [] and removing replicas [] . Previous leader None and previous leader epoch was -1.
2026-01-30T19:53:44.840+05:30  INFO 41816 --- [r-event-handler] state.change.logger                      : [Broker id=0] Creating new partition __consumer_offsets-37 with topic id Dkv5hKKWRYWr16wyURuCUQ.
2026-01-30T19:53:44.842+05:30  INFO 41816 --- [r-event-handler] kafka.log.UnifiedLog$                    : [LogLoader partition=__consumer_offsets-37, dir=/var/folders/7k/x4crv6tn66s6j0tcy7vqrdlc0000gn/T/kafka-13239522964465261832/broker_0_data0] Loading producer state till offset 0 with message format version 2
2026-01-30T19:53:44.842+05:30  INFO 41816 --- [r-event-handler] kafka.log.LogManager                     : Created log for partition __consumer_offsets-37 in /var/folders/7k/x4crv6tn66s6j0tcy7vqrdlc0000gn/T/kafka-13239522964465261832/broker_0_data0/__consumer_offsets-37 with properties {cleanup.policy=compact, compression.type="producer", segment.bytes=104857600}
2026-01-30T19:53:44.842+05:30  INFO 41816 --- [r-event-handler] kafka.cluster.Partition                  : [Partition __consumer_offsets-37 broker=0] No checkpointed highwatermark is found for partition __consumer_offsets-37
2026-01-30T19:53:44.842+05:30  INFO 41816 --- [r-event-handler] kafka.cluster.Partition                  : [Partition __consumer_offsets-37 broker=0] Log loaded for partition __consumer_offsets-37 with initial high watermark 0
2026-01-30T19:53:44.842+05:30  INFO 41816 --- [r-event-handler] state.change.logger                      : [Broker id=0] Leader __consumer_offsets-37 with topic id Some(Dkv5hKKWRYWr16wyURuCUQ) starts at leader epoch 0 from offset 0 with partition epoch 0, high watermark 0, ISR [0], adding replicas [] and removing replicas [] . Previous leader None and previous leader epoch was -1.
2026-01-30T19:53:44.845+05:30  INFO 41816 --- [r-event-handler] state.change.logger                      : [Broker id=0] Creating new partition __consumer_offsets-4 with topic id Dkv5hKKWRYWr16wyURuCUQ.
2026-01-30T19:53:44.847+05:30  INFO 41816 --- [r-event-handler] kafka.log.UnifiedLog$                    : [LogLoader partition=__consumer_offsets-4, dir=/var/folders/7k/x4crv6tn66s6j0tcy7vqrdlc0000gn/T/kafka-13239522964465261832/broker_0_data0] Loading producer state till offset 0 with message format version 2
2026-01-30T19:53:44.847+05:30  INFO 41816 --- [r-event-handler] kafka.log.LogManager                     : Created log for partition __consumer_offsets-4 in /var/folders/7k/x4crv6tn66s6j0tcy7vqrdlc0000gn/T/kafka-13239522964465261832/broker_0_data0/__consumer_offsets-4 with properties {cleanup.policy=compact, compression.type="producer", segment.bytes=104857600}
2026-01-30T19:53:44.847+05:30  INFO 41816 --- [r-event-handler] kafka.cluster.Partition                  : [Partition __consumer_offsets-4 broker=0] No checkpointed highwatermark is found for partition __consumer_offsets-4
2026-01-30T19:53:44.847+05:30  INFO 41816 --- [r-event-handler] kafka.cluster.Partition                  : [Partition __consumer_offsets-4 broker=0] Log loaded for partition __consumer_offsets-4 with initial high watermark 0
2026-01-30T19:53:44.847+05:30  INFO 41816 --- [r-event-handler] state.change.logger                      : [Broker id=0] Leader __consumer_offsets-4 with topic id Some(Dkv5hKKWRYWr16wyURuCUQ) starts at leader epoch 0 from offset 0 with partition epoch 0, high watermark 0, ISR [0], adding replicas [] and removing replicas [] . Previous leader None and previous leader epoch was -1.
2026-01-30T19:53:44.854+05:30  INFO 41816 --- [r-event-handler] state.change.logger                      : [Broker id=0] Creating new partition __consumer_offsets-33 with topic id Dkv5hKKWRYWr16wyURuCUQ.
2026-01-30T19:53:44.856+05:30  INFO 41816 --- [r-event-handler] kafka.log.UnifiedLog$                    : [LogLoader partition=__consumer_offsets-33, dir=/var/folders/7k/x4crv6tn66s6j0tcy7vqrdlc0000gn/T/kafka-13239522964465261832/broker_0_data0] Loading producer state till offset 0 with message format version 2
2026-01-30T19:53:44.856+05:30  INFO 41816 --- [r-event-handler] kafka.log.LogManager                     : Created log for partition __consumer_offsets-33 in /var/folders/7k/x4crv6tn66s6j0tcy7vqrdlc0000gn/T/kafka-13239522964465261832/broker_0_data0/__consumer_offsets-33 with properties {cleanup.policy=compact, compression.type="producer", segment.bytes=104857600}
2026-01-30T19:53:44.856+05:30  INFO 41816 --- [r-event-handler] kafka.cluster.Partition                  : [Partition __consumer_offsets-33 broker=0] No checkpointed highwatermark is found for partition __consumer_offsets-33
2026-01-30T19:53:44.856+05:30  INFO 41816 --- [r-event-handler] kafka.cluster.Partition                  : [Partition __consumer_offsets-33 broker=0] Log loaded for partition __consumer_offsets-33 with initial high watermark 0
2026-01-30T19:53:44.856+05:30  INFO 41816 --- [r-event-handler] state.change.logger                      : [Broker id=0] Leader __consumer_offsets-33 with topic id Some(Dkv5hKKWRYWr16wyURuCUQ) starts at leader epoch 0 from offset 0 with partition epoch 0, high watermark 0, ISR [0], adding replicas [] and removing replicas [] . Previous leader None and previous leader epoch was -1.
2026-01-30T19:53:44.859+05:30  INFO 41816 --- [r-event-handler] state.change.logger                      : [Broker id=0] Creating new partition __consumer_offsets-15 with topic id Dkv5hKKWRYWr16wyURuCUQ.
2026-01-30T19:53:44.861+05:30  INFO 41816 --- [r-event-handler] kafka.log.UnifiedLog$                    : [LogLoader partition=__consumer_offsets-15, dir=/var/folders/7k/x4crv6tn66s6j0tcy7vqrdlc0000gn/T/kafka-13239522964465261832/broker_0_data0] Loading producer state till offset 0 with message format version 2
2026-01-30T19:53:44.861+05:30  INFO 41816 --- [r-event-handler] kafka.log.LogManager                     : Created log for partition __consumer_offsets-15 in /var/folders/7k/x4crv6tn66s6j0tcy7vqrdlc0000gn/T/kafka-13239522964465261832/broker_0_data0/__consumer_offsets-15 with properties {cleanup.policy=compact, compression.type="producer", segment.bytes=104857600}
2026-01-30T19:53:44.861+05:30  INFO 41816 --- [r-event-handler] kafka.cluster.Partition                  : [Partition __consumer_offsets-15 broker=0] No checkpointed highwatermark is found for partition __consumer_offsets-15
2026-01-30T19:53:44.861+05:30  INFO 41816 --- [r-event-handler] kafka.cluster.Partition                  : [Partition __consumer_offsets-15 broker=0] Log loaded for partition __consumer_offsets-15 with initial high watermark 0
2026-01-30T19:53:44.861+05:30  INFO 41816 --- [r-event-handler] state.change.logger                      : [Broker id=0] Leader __consumer_offsets-15 with topic id Some(Dkv5hKKWRYWr16wyURuCUQ) starts at leader epoch 0 from offset 0 with partition epoch 0, high watermark 0, ISR [0], adding replicas [] and removing replicas [] . Previous leader None and previous leader epoch was -1.
2026-01-30T19:53:44.864+05:30  INFO 41816 --- [r-event-handler] state.change.logger                      : [Broker id=0] Creating new partition __consumer_offsets-48 with topic id Dkv5hKKWRYWr16wyURuCUQ.
2026-01-30T19:53:44.866+05:30  INFO 41816 --- [r-event-handler] kafka.log.UnifiedLog$                    : [LogLoader partition=__consumer_offsets-48, dir=/var/folders/7k/x4crv6tn66s6j0tcy7vqrdlc0000gn/T/kafka-13239522964465261832/broker_0_data0] Loading producer state till offset 0 with message format version 2
2026-01-30T19:53:44.866+05:30  INFO 41816 --- [r-event-handler] kafka.log.LogManager                     : Created log for partition __consumer_offsets-48 in /var/folders/7k/x4crv6tn66s6j0tcy7vqrdlc0000gn/T/kafka-13239522964465261832/broker_0_data0/__consumer_offsets-48 with properties {cleanup.policy=compact, compression.type="producer", segment.bytes=104857600}
2026-01-30T19:53:44.866+05:30  INFO 41816 --- [r-event-handler] kafka.cluster.Partition                  : [Partition __consumer_offsets-48 broker=0] No checkpointed highwatermark is found for partition __consumer_offsets-48
2026-01-30T19:53:44.866+05:30  INFO 41816 --- [r-event-handler] kafka.cluster.Partition                  : [Partition __consumer_offsets-48 broker=0] Log loaded for partition __consumer_offsets-48 with initial high watermark 0
2026-01-30T19:53:44.866+05:30  INFO 41816 --- [r-event-handler] state.change.logger                      : [Broker id=0] Leader __consumer_offsets-48 with topic id Some(Dkv5hKKWRYWr16wyURuCUQ) starts at leader epoch 0 from offset 0 with partition epoch 0, high watermark 0, ISR [0], adding replicas [] and removing replicas [] . Previous leader None and previous leader epoch was -1.
2026-01-30T19:53:44.873+05:30  INFO 41816 --- [r-event-handler] state.change.logger                      : [Broker id=0] Creating new partition __consumer_offsets-11 with topic id Dkv5hKKWRYWr16wyURuCUQ.
2026-01-30T19:53:44.875+05:30  INFO 41816 --- [r-event-handler] kafka.log.UnifiedLog$                    : [LogLoader partition=__consumer_offsets-11, dir=/var/folders/7k/x4crv6tn66s6j0tcy7vqrdlc0000gn/T/kafka-13239522964465261832/broker_0_data0] Loading producer state till offset 0 with message format version 2
2026-01-30T19:53:44.875+05:30  INFO 41816 --- [r-event-handler] kafka.log.LogManager                     : Created log for partition __consumer_offsets-11 in /var/folders/7k/x4crv6tn66s6j0tcy7vqrdlc0000gn/T/kafka-13239522964465261832/broker_0_data0/__consumer_offsets-11 with properties {cleanup.policy=compact, compression.type="producer", segment.bytes=104857600}
2026-01-30T19:53:44.875+05:30  INFO 41816 --- [r-event-handler] kafka.cluster.Partition                  : [Partition __consumer_offsets-11 broker=0] No checkpointed highwatermark is found for partition __consumer_offsets-11
2026-01-30T19:53:44.875+05:30  INFO 41816 --- [r-event-handler] kafka.cluster.Partition                  : [Partition __consumer_offsets-11 broker=0] Log loaded for partition __consumer_offsets-11 with initial high watermark 0
2026-01-30T19:53:44.875+05:30  INFO 41816 --- [r-event-handler] state.change.logger                      : [Broker id=0] Leader __consumer_offsets-11 with topic id Some(Dkv5hKKWRYWr16wyURuCUQ) starts at leader epoch 0 from offset 0 with partition epoch 0, high watermark 0, ISR [0], adding replicas [] and removing replicas [] . Previous leader None and previous leader epoch was -1.
2026-01-30T19:53:44.882+05:30  INFO 41816 --- [r-event-handler] state.change.logger                      : [Broker id=0] Creating new partition __consumer_offsets-44 with topic id Dkv5hKKWRYWr16wyURuCUQ.
2026-01-30T19:53:44.884+05:30  INFO 41816 --- [r-event-handler] kafka.log.UnifiedLog$                    : [LogLoader partition=__consumer_offsets-44, dir=/var/folders/7k/x4crv6tn66s6j0tcy7vqrdlc0000gn/T/kafka-13239522964465261832/broker_0_data0] Loading producer state till offset 0 with message format version 2
2026-01-30T19:53:44.884+05:30  INFO 41816 --- [r-event-handler] kafka.log.LogManager                     : Created log for partition __consumer_offsets-44 in /var/folders/7k/x4crv6tn66s6j0tcy7vqrdlc0000gn/T/kafka-13239522964465261832/broker_0_data0/__consumer_offsets-44 with properties {cleanup.policy=compact, compression.type="producer", segment.bytes=104857600}
2026-01-30T19:53:44.884+05:30  INFO 41816 --- [r-event-handler] kafka.cluster.Partition                  : [Partition __consumer_offsets-44 broker=0] No checkpointed highwatermark is found for partition __consumer_offsets-44
2026-01-30T19:53:44.884+05:30  INFO 41816 --- [r-event-handler] kafka.cluster.Partition                  : [Partition __consumer_offsets-44 broker=0] Log loaded for partition __consumer_offsets-44 with initial high watermark 0
2026-01-30T19:53:44.884+05:30  INFO 41816 --- [r-event-handler] state.change.logger                      : [Broker id=0] Leader __consumer_offsets-44 with topic id Some(Dkv5hKKWRYWr16wyURuCUQ) starts at leader epoch 0 from offset 0 with partition epoch 0, high watermark 0, ISR [0], adding replicas [] and removing replicas [] . Previous leader None and previous leader epoch was -1.
2026-01-30T19:53:44.886+05:30  INFO 41816 --- [r-event-handler] state.change.logger                      : [Broker id=0] Creating new partition __consumer_offsets-23 with topic id Dkv5hKKWRYWr16wyURuCUQ.
2026-01-30T19:53:44.887+05:30  INFO 41816 --- [r-event-handler] kafka.log.UnifiedLog$                    : [LogLoader partition=__consumer_offsets-23, dir=/var/folders/7k/x4crv6tn66s6j0tcy7vqrdlc0000gn/T/kafka-13239522964465261832/broker_0_data0] Loading producer state till offset 0 with message format version 2
2026-01-30T19:53:44.888+05:30  INFO 41816 --- [r-event-handler] kafka.log.LogManager                     : Created log for partition __consumer_offsets-23 in /var/folders/7k/x4crv6tn66s6j0tcy7vqrdlc0000gn/T/kafka-13239522964465261832/broker_0_data0/__consumer_offsets-23 with properties {cleanup.policy=compact, compression.type="producer", segment.bytes=104857600}
2026-01-30T19:53:44.888+05:30  INFO 41816 --- [r-event-handler] kafka.cluster.Partition                  : [Partition __consumer_offsets-23 broker=0] No checkpointed highwatermark is found for partition __consumer_offsets-23
2026-01-30T19:53:44.888+05:30  INFO 41816 --- [r-event-handler] kafka.cluster.Partition                  : [Partition __consumer_offsets-23 broker=0] Log loaded for partition __consumer_offsets-23 with initial high watermark 0
2026-01-30T19:53:44.888+05:30  INFO 41816 --- [r-event-handler] state.change.logger                      : [Broker id=0] Leader __consumer_offsets-23 with topic id Some(Dkv5hKKWRYWr16wyURuCUQ) starts at leader epoch 0 from offset 0 with partition epoch 0, high watermark 0, ISR [0], adding replicas [] and removing replicas [] . Previous leader None and previous leader epoch was -1.
2026-01-30T19:53:44.890+05:30  INFO 41816 --- [           main] o.a.k.clients.producer.ProducerConfig    : ProducerConfig values: 
	acks = -1
	auto.include.jmx.reporter = true
	batch.size = 16384
	bootstrap.servers = [localhost:60622]
	buffer.memory = 33554432
	client.dns.lookup = use_all_dns_ips
	client.id = producer-1
	compression.type = none
	connections.max.idle.ms = 540000
	delivery.timeout.ms = 120000
	enable.idempotence = true
	interceptor.classes = []
	key.serializer = class org.apache.kafka.common.serialization.StringSerializer
	linger.ms = 0
	max.block.ms = 60000
	max.in.flight.requests.per.connection = 5
	max.request.size = 1048576
	metadata.max.age.ms = 300000
	metadata.max.idle.ms = 300000
	metric.reporters = []
	metrics.num.samples = 2
	metrics.recording.level = INFO
	metrics.sample.window.ms = 30000
	partitioner.adaptive.partitioning.enable = true
	partitioner.availability.timeout.ms = 0
	partitioner.class = null
	partitioner.ignore.keys = false
	receive.buffer.bytes = 32768
	reconnect.backoff.max.ms = 1000
	reconnect.backoff.ms = 50
	request.timeout.ms = 30000
	retries = 2147483647
	retry.backoff.ms = 100
	sasl.client.callback.handler.class = null
	sasl.jaas.config = null
	sasl.kerberos.kinit.cmd = /usr/bin/kinit
	sasl.kerberos.min.time.before.relogin = 60000
	sasl.kerberos.service.name = null
	sasl.kerberos.ticket.renew.jitter = 0.05
	sasl.kerberos.ticket.renew.window.factor = 0.8
	sasl.login.callback.handler.class = null
	sasl.login.class = null
	sasl.login.connect.timeout.ms = null
	sasl.login.read.timeout.ms = null
	sasl.login.refresh.buffer.seconds = 300
	sasl.login.refresh.min.period.seconds = 60
	sasl.login.refresh.window.factor = 0.8
	sasl.login.refresh.window.jitter = 0.05
	sasl.login.retry.backoff.max.ms = 10000
	sasl.login.retry.backoff.ms = 100
	sasl.mechanism = GSSAPI
	sasl.oauthbearer.clock.skew.seconds = 30
	sasl.oauthbearer.expected.audience = null
	sasl.oauthbearer.expected.issuer = null
	sasl.oauthbearer.jwks.endpoint.refresh.ms = 3600000
	sasl.oauthbearer.jwks.endpoint.retry.backoff.max.ms = 10000
	sasl.oauthbearer.jwks.endpoint.retry.backoff.ms = 100
	sasl.oauthbearer.jwks.endpoint.url = null
	sasl.oauthbearer.scope.claim.name = scope
	sasl.oauthbearer.sub.claim.name = sub
	sasl.oauthbearer.token.endpoint.url = null
	security.protocol = PLAINTEXT
	security.providers = null
	send.buffer.bytes = 131072
	socket.connection.setup.timeout.max.ms = 30000
	socket.connection.setup.timeout.ms = 10000
	ssl.cipher.suites = null
	ssl.enabled.protocols = [TLSv1.2, TLSv1.3]
	ssl.endpoint.identification.algorithm = https
	ssl.engine.factory.class = null
	ssl.key.password = null
	ssl.keymanager.algorithm = SunX509
	ssl.keystore.certificate.chain = null
	ssl.keystore.key = null
	ssl.keystore.location = null
	ssl.keystore.password = null
	ssl.keystore.type = JKS
	ssl.protocol = TLSv1.3
	ssl.provider = null
	ssl.secure.random.implementation = null
	ssl.trustmanager.algorithm = PKIX
	ssl.truststore.certificates = null
	ssl.truststore.location = null
	ssl.truststore.password = null
	ssl.truststore.type = JKS
	transaction.timeout.ms = 60000
	transactional.id = null
	value.serializer = class org.springframework.kafka.support.serializer.JsonSerializer

2026-01-30T19:53:44.894+05:30  INFO 41816 --- [           main] o.a.k.clients.producer.KafkaProducer     : [Producer clientId=producer-1] Instantiated an idempotent producer.
2026-01-30T19:53:44.894+05:30  INFO 41816 --- [r-event-handler] state.change.logger                      : [Broker id=0] Creating new partition __consumer_offsets-19 with topic id Dkv5hKKWRYWr16wyURuCUQ.
2026-01-30T19:53:44.896+05:30  INFO 41816 --- [r-event-handler] kafka.log.UnifiedLog$                    : [LogLoader partition=__consumer_offsets-19, dir=/var/folders/7k/x4crv6tn66s6j0tcy7vqrdlc0000gn/T/kafka-13239522964465261832/broker_0_data0] Loading producer state till offset 0 with message format version 2
2026-01-30T19:53:44.896+05:30  INFO 41816 --- [r-event-handler] kafka.log.LogManager                     : Created log for partition __consumer_offsets-19 in /var/folders/7k/x4crv6tn66s6j0tcy7vqrdlc0000gn/T/kafka-13239522964465261832/broker_0_data0/__consumer_offsets-19 with properties {cleanup.policy=compact, compression.type="producer", segment.bytes=104857600}
2026-01-30T19:53:44.896+05:30  INFO 41816 --- [r-event-handler] kafka.cluster.Partition                  : [Partition __consumer_offsets-19 broker=0] No checkpointed highwatermark is found for partition __consumer_offsets-19
2026-01-30T19:53:44.896+05:30  INFO 41816 --- [r-event-handler] kafka.cluster.Partition                  : [Partition __consumer_offsets-19 broker=0] Log loaded for partition __consumer_offsets-19 with initial high watermark 0
2026-01-30T19:53:44.896+05:30  INFO 41816 --- [r-event-handler] state.change.logger                      : [Broker id=0] Leader __consumer_offsets-19 with topic id Some(Dkv5hKKWRYWr16wyURuCUQ) starts at leader epoch 0 from offset 0 with partition epoch 0, high watermark 0, ISR [0], adding replicas [] and removing replicas [] . Previous leader None and previous leader epoch was -1.
2026-01-30T19:53:44.898+05:30  INFO 41816 --- [           main] o.a.kafka.common.utils.AppInfoParser     : Kafka version: 3.6.2
2026-01-30T19:53:44.898+05:30  INFO 41816 --- [           main] o.a.kafka.common.utils.AppInfoParser     : Kafka commitId: c4deed513057c94e
2026-01-30T19:53:44.898+05:30  INFO 41816 --- [           main] o.a.kafka.common.utils.AppInfoParser     : Kafka startTimeMs: 1769783024898
2026-01-30T19:53:44.900+05:30  INFO 41816 --- [ad | producer-1] org.apache.kafka.clients.Metadata        : [Producer clientId=producer-1] Cluster ID: dTl366OXQtiL2mg8Sameww
2026-01-30T19:53:44.900+05:30  INFO 41816 --- [r-event-handler] state.change.logger                      : [Broker id=0] Creating new partition __consumer_offsets-32 with topic id Dkv5hKKWRYWr16wyURuCUQ.
2026-01-30T19:53:44.902+05:30  INFO 41816 --- [r-event-handler] kafka.log.UnifiedLog$                    : [LogLoader partition=__consumer_offsets-32, dir=/var/folders/7k/x4crv6tn66s6j0tcy7vqrdlc0000gn/T/kafka-13239522964465261832/broker_0_data0] Loading producer state till offset 0 with message format version 2
2026-01-30T19:53:44.902+05:30  INFO 41816 --- [0-event-handler] o.a.k.c.ProducerIdControlManager         : [QuorumController id=0] Replaying ProducerIdsRecord ProducerIdsRecord(brokerId=0, brokerEpoch=5, nextProducerId=1000)
2026-01-30T19:53:44.902+05:30  INFO 41816 --- [r-event-handler] kafka.log.LogManager                     : Created log for partition __consumer_offsets-32 in /var/folders/7k/x4crv6tn66s6j0tcy7vqrdlc0000gn/T/kafka-13239522964465261832/broker_0_data0/__consumer_offsets-32 with properties {cleanup.policy=compact, compression.type="producer", segment.bytes=104857600}
2026-01-30T19:53:44.902+05:30  INFO 41816 --- [r-event-handler] kafka.cluster.Partition                  : [Partition __consumer_offsets-32 broker=0] No checkpointed highwatermark is found for partition __consumer_offsets-32
2026-01-30T19:53:44.902+05:30  INFO 41816 --- [r-event-handler] kafka.cluster.Partition                  : [Partition __consumer_offsets-32 broker=0] Log loaded for partition __consumer_offsets-32 with initial high watermark 0
2026-01-30T19:53:44.902+05:30  INFO 41816 --- [r-event-handler] state.change.logger                      : [Broker id=0] Leader __consumer_offsets-32 with topic id Some(Dkv5hKKWRYWr16wyURuCUQ) starts at leader epoch 0 from offset 0 with partition epoch 0, high watermark 0, ISR [0], adding replicas [] and removing replicas [] . Previous leader None and previous leader epoch was -1.
2026-01-30T19:53:44.905+05:30  INFO 41816 --- [r-event-handler] state.change.logger                      : [Broker id=0] Creating new partition __consumer_offsets-28 with topic id Dkv5hKKWRYWr16wyURuCUQ.
2026-01-30T19:53:44.907+05:30  INFO 41816 --- [r-event-handler] kafka.log.UnifiedLog$                    : [LogLoader partition=__consumer_offsets-28, dir=/var/folders/7k/x4crv6tn66s6j0tcy7vqrdlc0000gn/T/kafka-13239522964465261832/broker_0_data0] Loading producer state till offset 0 with message format version 2
2026-01-30T19:53:44.907+05:30  INFO 41816 --- [r-event-handler] kafka.log.LogManager                     : Created log for partition __consumer_offsets-28 in /var/folders/7k/x4crv6tn66s6j0tcy7vqrdlc0000gn/T/kafka-13239522964465261832/broker_0_data0/__consumer_offsets-28 with properties {cleanup.policy=compact, compression.type="producer", segment.bytes=104857600}
2026-01-30T19:53:44.907+05:30  INFO 41816 --- [r-event-handler] kafka.cluster.Partition                  : [Partition __consumer_offsets-28 broker=0] No checkpointed highwatermark is found for partition __consumer_offsets-28
2026-01-30T19:53:44.907+05:30  INFO 41816 --- [r-event-handler] kafka.cluster.Partition                  : [Partition __consumer_offsets-28 broker=0] Log loaded for partition __consumer_offsets-28 with initial high watermark 0
2026-01-30T19:53:44.907+05:30  INFO 41816 --- [r-event-handler] state.change.logger                      : [Broker id=0] Leader __consumer_offsets-28 with topic id Some(Dkv5hKKWRYWr16wyURuCUQ) starts at leader epoch 0 from offset 0 with partition epoch 0, high watermark 0, ISR [0], adding replicas [] and removing replicas [] . Previous leader None and previous leader epoch was -1.
2026-01-30T19:53:44.914+05:30  INFO 41816 --- [r-event-handler] state.change.logger                      : [Broker id=0] Creating new partition __consumer_offsets-7 with topic id Dkv5hKKWRYWr16wyURuCUQ.
2026-01-30T19:53:44.916+05:30  INFO 41816 --- [r-event-handler] kafka.log.UnifiedLog$                    : [LogLoader partition=__consumer_offsets-7, dir=/var/folders/7k/x4crv6tn66s6j0tcy7vqrdlc0000gn/T/kafka-13239522964465261832/broker_0_data0] Loading producer state till offset 0 with message format version 2
2026-01-30T19:53:44.916+05:30  INFO 41816 --- [r-event-handler] kafka.log.LogManager                     : Created log for partition __consumer_offsets-7 in /var/folders/7k/x4crv6tn66s6j0tcy7vqrdlc0000gn/T/kafka-13239522964465261832/broker_0_data0/__consumer_offsets-7 with properties {cleanup.policy=compact, compression.type="producer", segment.bytes=104857600}
2026-01-30T19:53:44.916+05:30  INFO 41816 --- [r-event-handler] kafka.cluster.Partition                  : [Partition __consumer_offsets-7 broker=0] No checkpointed highwatermark is found for partition __consumer_offsets-7
2026-01-30T19:53:44.916+05:30  INFO 41816 --- [r-event-handler] kafka.cluster.Partition                  : [Partition __consumer_offsets-7 broker=0] Log loaded for partition __consumer_offsets-7 with initial high watermark 0
2026-01-30T19:53:44.916+05:30  INFO 41816 --- [r-event-handler] state.change.logger                      : [Broker id=0] Leader __consumer_offsets-7 with topic id Some(Dkv5hKKWRYWr16wyURuCUQ) starts at leader epoch 0 from offset 0 with partition epoch 0, high watermark 0, ISR [0], adding replicas [] and removing replicas [] . Previous leader None and previous leader epoch was -1.
2026-01-30T19:53:44.918+05:30  INFO 41816 --- [ntainer#0-0-C-1] o.a.k.c.c.internals.ConsumerCoordinator  : [Consumer clientId=consumer-midas-core-group-1, groupId=midas-core-group] Discovered group coordinator localhost:60622 (id: 2147483647 rack: null)
2026-01-30T19:53:44.918+05:30  INFO 41816 --- [ntainer#0-0-C-1] o.a.k.c.c.internals.ConsumerCoordinator  : [Consumer clientId=consumer-midas-core-group-1, groupId=midas-core-group] Request joining group due to: rebalance failed due to 'This is not the correct coordinator.' (NotCoordinatorException)
2026-01-30T19:53:44.918+05:30  INFO 41816 --- [ntainer#0-0-C-1] o.a.k.c.c.internals.ConsumerCoordinator  : [Consumer clientId=consumer-midas-core-group-1, groupId=midas-core-group] (Re-)joining group
2026-01-30T19:53:44.919+05:30  INFO 41816 --- [ntainer#0-0-C-1] o.a.k.c.c.internals.ConsumerCoordinator  : [Consumer clientId=consumer-midas-core-group-1, groupId=midas-core-group] Group coordinator localhost:60622 (id: 2147483647 rack: null) is unavailable or invalid due to cause: error response NOT_COORDINATOR. isDisconnected: false. Rediscovery will be attempted.
2026-01-30T19:53:44.919+05:30  INFO 41816 --- [ntainer#0-0-C-1] o.a.k.c.c.internals.ConsumerCoordinator  : [Consumer clientId=consumer-midas-core-group-1, groupId=midas-core-group] Requesting disconnect from last known coordinator localhost:60622 (id: 2147483647 rack: null)
2026-01-30T19:53:44.919+05:30  INFO 41816 --- [ntainer#0-0-C-1] o.a.k.c.c.internals.ConsumerCoordinator  : [Consumer clientId=consumer-midas-core-group-1, groupId=midas-core-group] JoinGroup failed: This is not the correct coordinator. Marking coordinator unknown. Sent generation was Generation{generationId=-1, memberId='', protocol='null'}
2026-01-30T19:53:44.919+05:30  INFO 41816 --- [ntainer#0-0-C-1] org.apache.kafka.clients.NetworkClient   : [Consumer clientId=consumer-midas-core-group-1, groupId=midas-core-group] Client requested disconnect from node 2147483647
2026-01-30T19:53:44.920+05:30  INFO 41816 --- [ntainer#0-0-C-1] o.a.k.c.c.internals.ConsumerCoordinator  : [Consumer clientId=consumer-midas-core-group-1, groupId=midas-core-group] Discovered group coordinator localhost:60622 (id: 2147483647 rack: null)
2026-01-30T19:53:44.920+05:30  INFO 41816 --- [ntainer#0-0-C-1] o.a.k.c.c.internals.ConsumerCoordinator  : [Consumer clientId=consumer-midas-core-group-1, groupId=midas-core-group] Group coordinator localhost:60622 (id: 2147483647 rack: null) is unavailable or invalid due to cause: coordinator unavailable. isDisconnected: false. Rediscovery will be attempted.
2026-01-30T19:53:44.920+05:30  INFO 41816 --- [ntainer#0-0-C-1] o.a.k.c.c.internals.ConsumerCoordinator  : [Consumer clientId=consumer-midas-core-group-1, groupId=midas-core-group] Requesting disconnect from last known coordinator localhost:60622 (id: 2147483647 rack: null)
2026-01-30T19:53:44.920+05:30  INFO 41816 --- [r-event-handler] state.change.logger                      : [Broker id=0] Creating new partition __consumer_offsets-40 with topic id Dkv5hKKWRYWr16wyURuCUQ.
2026-01-30T19:53:44.922+05:30  INFO 41816 --- [r-event-handler] kafka.log.UnifiedLog$                    : [LogLoader partition=__consumer_offsets-40, dir=/var/folders/7k/x4crv6tn66s6j0tcy7vqrdlc0000gn/T/kafka-13239522964465261832/broker_0_data0] Loading producer state till offset 0 with message format version 2
2026-01-30T19:53:44.922+05:30  INFO 41816 --- [r-event-handler] kafka.log.LogManager                     : Created log for partition __consumer_offsets-40 in /var/folders/7k/x4crv6tn66s6j0tcy7vqrdlc0000gn/T/kafka-13239522964465261832/broker_0_data0/__consumer_offsets-40 with properties {cleanup.policy=compact, compression.type="producer", segment.bytes=104857600}
2026-01-30T19:53:44.922+05:30  INFO 41816 --- [r-event-handler] kafka.cluster.Partition                  : [Partition __consumer_offsets-40 broker=0] No checkpointed highwatermark is found for partition __consumer_offsets-40
2026-01-30T19:53:44.922+05:30  INFO 41816 --- [r-event-handler] kafka.cluster.Partition                  : [Partition __consumer_offsets-40 broker=0] Log loaded for partition __consumer_offsets-40 with initial high watermark 0
2026-01-30T19:53:44.923+05:30  INFO 41816 --- [r-event-handler] state.change.logger                      : [Broker id=0] Leader __consumer_offsets-40 with topic id Some(Dkv5hKKWRYWr16wyURuCUQ) starts at leader epoch 0 from offset 0 with partition epoch 0, high watermark 0, ISR [0], adding replicas [] and removing replicas [] . Previous leader None and previous leader epoch was -1.
2026-01-30T19:53:44.928+05:30  INFO 41816 --- [r-event-handler] state.change.logger                      : [Broker id=0] Creating new partition __consumer_offsets-3 with topic id Dkv5hKKWRYWr16wyURuCUQ.
2026-01-30T19:53:44.930+05:30  INFO 41816 --- [r-event-handler] kafka.log.UnifiedLog$                    : [LogLoader partition=__consumer_offsets-3, dir=/var/folders/7k/x4crv6tn66s6j0tcy7vqrdlc0000gn/T/kafka-13239522964465261832/broker_0_data0] Loading producer state till offset 0 with message format version 2
2026-01-30T19:53:44.930+05:30  INFO 41816 --- [r-event-handler] kafka.log.LogManager                     : Created log for partition __consumer_offsets-3 in /var/folders/7k/x4crv6tn66s6j0tcy7vqrdlc0000gn/T/kafka-13239522964465261832/broker_0_data0/__consumer_offsets-3 with properties {cleanup.policy=compact, compression.type="producer", segment.bytes=104857600}
2026-01-30T19:53:44.930+05:30  INFO 41816 --- [r-event-handler] kafka.cluster.Partition                  : [Partition __consumer_offsets-3 broker=0] No checkpointed highwatermark is found for partition __consumer_offsets-3
2026-01-30T19:53:44.930+05:30  INFO 41816 --- [r-event-handler] kafka.cluster.Partition                  : [Partition __consumer_offsets-3 broker=0] Log loaded for partition __consumer_offsets-3 with initial high watermark 0
2026-01-30T19:53:44.930+05:30  INFO 41816 --- [r-event-handler] state.change.logger                      : [Broker id=0] Leader __consumer_offsets-3 with topic id Some(Dkv5hKKWRYWr16wyURuCUQ) starts at leader epoch 0 from offset 0 with partition epoch 0, high watermark 0, ISR [0], adding replicas [] and removing replicas [] . Previous leader None and previous leader epoch was -1.
2026-01-30T19:53:44.936+05:30  INFO 41816 --- [r-event-handler] state.change.logger                      : [Broker id=0] Creating new partition __consumer_offsets-36 with topic id Dkv5hKKWRYWr16wyURuCUQ.
2026-01-30T19:53:44.941+05:30  INFO 41816 --- [r-event-handler] kafka.log.UnifiedLog$                    : [LogLoader partition=__consumer_offsets-36, dir=/var/folders/7k/x4crv6tn66s6j0tcy7vqrdlc0000gn/T/kafka-13239522964465261832/broker_0_data0] Loading producer state till offset 0 with message format version 2
2026-01-30T19:53:44.941+05:30  INFO 41816 --- [r-event-handler] kafka.log.LogManager                     : Created log for partition __consumer_offsets-36 in /var/folders/7k/x4crv6tn66s6j0tcy7vqrdlc0000gn/T/kafka-13239522964465261832/broker_0_data0/__consumer_offsets-36 with properties {cleanup.policy=compact, compression.type="producer", segment.bytes=104857600}
2026-01-30T19:53:44.941+05:30  INFO 41816 --- [r-event-handler] kafka.cluster.Partition                  : [Partition __consumer_offsets-36 broker=0] No checkpointed highwatermark is found for partition __consumer_offsets-36
2026-01-30T19:53:44.941+05:30  INFO 41816 --- [r-event-handler] kafka.cluster.Partition                  : [Partition __consumer_offsets-36 broker=0] Log loaded for partition __consumer_offsets-36 with initial high watermark 0
2026-01-30T19:53:44.941+05:30  INFO 41816 --- [r-event-handler] state.change.logger                      : [Broker id=0] Leader __consumer_offsets-36 with topic id Some(Dkv5hKKWRYWr16wyURuCUQ) starts at leader epoch 0 from offset 0 with partition epoch 0, high watermark 0, ISR [0], adding replicas [] and removing replicas [] . Previous leader None and previous leader epoch was -1.
2026-01-30T19:53:44.949+05:30  INFO 41816 --- [r-event-handler] state.change.logger                      : [Broker id=0] Creating new partition __consumer_offsets-47 with topic id Dkv5hKKWRYWr16wyURuCUQ.
2026-01-30T19:53:44.951+05:30  INFO 41816 --- [r-event-handler] kafka.log.UnifiedLog$                    : [LogLoader partition=__consumer_offsets-47, dir=/var/folders/7k/x4crv6tn66s6j0tcy7vqrdlc0000gn/T/kafka-13239522964465261832/broker_0_data0] Loading producer state till offset 0 with message format version 2
2026-01-30T19:53:44.951+05:30  INFO 41816 --- [r-event-handler] kafka.log.LogManager                     : Created log for partition __consumer_offsets-47 in /var/folders/7k/x4crv6tn66s6j0tcy7vqrdlc0000gn/T/kafka-13239522964465261832/broker_0_data0/__consumer_offsets-47 with properties {cleanup.policy=compact, compression.type="producer", segment.bytes=104857600}
2026-01-30T19:53:44.951+05:30  INFO 41816 --- [r-event-handler] kafka.cluster.Partition                  : [Partition __consumer_offsets-47 broker=0] No checkpointed highwatermark is found for partition __consumer_offsets-47
2026-01-30T19:53:44.951+05:30  INFO 41816 --- [r-event-handler] kafka.cluster.Partition                  : [Partition __consumer_offsets-47 broker=0] Log loaded for partition __consumer_offsets-47 with initial high watermark 0
2026-01-30T19:53:44.951+05:30  INFO 41816 --- [r-event-handler] state.change.logger                      : [Broker id=0] Leader __consumer_offsets-47 with topic id Some(Dkv5hKKWRYWr16wyURuCUQ) starts at leader epoch 0 from offset 0 with partition epoch 0, high watermark 0, ISR [0], adding replicas [] and removing replicas [] . Previous leader None and previous leader epoch was -1.
2026-01-30T19:53:44.956+05:30  INFO 41816 --- [r-event-handler] state.change.logger                      : [Broker id=0] Creating new partition __consumer_offsets-14 with topic id Dkv5hKKWRYWr16wyURuCUQ.
2026-01-30T19:53:44.958+05:30  INFO 41816 --- [r-event-handler] kafka.log.UnifiedLog$                    : [LogLoader partition=__consumer_offsets-14, dir=/var/folders/7k/x4crv6tn66s6j0tcy7vqrdlc0000gn/T/kafka-13239522964465261832/broker_0_data0] Loading producer state till offset 0 with message format version 2
2026-01-30T19:53:44.958+05:30  INFO 41816 --- [r-event-handler] kafka.log.LogManager                     : Created log for partition __consumer_offsets-14 in /var/folders/7k/x4crv6tn66s6j0tcy7vqrdlc0000gn/T/kafka-13239522964465261832/broker_0_data0/__consumer_offsets-14 with properties {cleanup.policy=compact, compression.type="producer", segment.bytes=104857600}
2026-01-30T19:53:44.958+05:30  INFO 41816 --- [r-event-handler] kafka.cluster.Partition                  : [Partition __consumer_offsets-14 broker=0] No checkpointed highwatermark is found for partition __consumer_offsets-14
2026-01-30T19:53:44.958+05:30  INFO 41816 --- [r-event-handler] kafka.cluster.Partition                  : [Partition __consumer_offsets-14 broker=0] Log loaded for partition __consumer_offsets-14 with initial high watermark 0
2026-01-30T19:53:44.958+05:30  INFO 41816 --- [r-event-handler] state.change.logger                      : [Broker id=0] Leader __consumer_offsets-14 with topic id Some(Dkv5hKKWRYWr16wyURuCUQ) starts at leader epoch 0 from offset 0 with partition epoch 0, high watermark 0, ISR [0], adding replicas [] and removing replicas [] . Previous leader None and previous leader epoch was -1.
2026-01-30T19:53:44.961+05:30  INFO 41816 --- [r-event-handler] state.change.logger                      : [Broker id=0] Creating new partition __consumer_offsets-43 with topic id Dkv5hKKWRYWr16wyURuCUQ.
2026-01-30T19:53:44.963+05:30  INFO 41816 --- [r-event-handler] kafka.log.UnifiedLog$                    : [LogLoader partition=__consumer_offsets-43, dir=/var/folders/7k/x4crv6tn66s6j0tcy7vqrdlc0000gn/T/kafka-13239522964465261832/broker_0_data0] Loading producer state till offset 0 with message format version 2
2026-01-30T19:53:44.963+05:30  INFO 41816 --- [r-event-handler] kafka.log.LogManager                     : Created log for partition __consumer_offsets-43 in /var/folders/7k/x4crv6tn66s6j0tcy7vqrdlc0000gn/T/kafka-13239522964465261832/broker_0_data0/__consumer_offsets-43 with properties {cleanup.policy=compact, compression.type="producer", segment.bytes=104857600}
2026-01-30T19:53:44.963+05:30  INFO 41816 --- [r-event-handler] kafka.cluster.Partition                  : [Partition __consumer_offsets-43 broker=0] No checkpointed highwatermark is found for partition __consumer_offsets-43
2026-01-30T19:53:44.963+05:30  INFO 41816 --- [r-event-handler] kafka.cluster.Partition                  : [Partition __consumer_offsets-43 broker=0] Log loaded for partition __consumer_offsets-43 with initial high watermark 0
2026-01-30T19:53:44.963+05:30  INFO 41816 --- [r-event-handler] state.change.logger                      : [Broker id=0] Leader __consumer_offsets-43 with topic id Some(Dkv5hKKWRYWr16wyURuCUQ) starts at leader epoch 0 from offset 0 with partition epoch 0, high watermark 0, ISR [0], adding replicas [] and removing replicas [] . Previous leader None and previous leader epoch was -1.
2026-01-30T19:53:44.967+05:30  INFO 41816 --- [r-event-handler] state.change.logger                      : [Broker id=0] Creating new partition __consumer_offsets-10 with topic id Dkv5hKKWRYWr16wyURuCUQ.
2026-01-30T19:53:44.969+05:30  INFO 41816 --- [r-event-handler] kafka.log.UnifiedLog$                    : [LogLoader partition=__consumer_offsets-10, dir=/var/folders/7k/x4crv6tn66s6j0tcy7vqrdlc0000gn/T/kafka-13239522964465261832/broker_0_data0] Loading producer state till offset 0 with message format version 2
2026-01-30T19:53:44.969+05:30  INFO 41816 --- [r-event-handler] kafka.log.LogManager                     : Created log for partition __consumer_offsets-10 in /var/folders/7k/x4crv6tn66s6j0tcy7vqrdlc0000gn/T/kafka-13239522964465261832/broker_0_data0/__consumer_offsets-10 with properties {cleanup.policy=compact, compression.type="producer", segment.bytes=104857600}
2026-01-30T19:53:44.969+05:30  INFO 41816 --- [r-event-handler] kafka.cluster.Partition                  : [Partition __consumer_offsets-10 broker=0] No checkpointed highwatermark is found for partition __consumer_offsets-10
2026-01-30T19:53:44.969+05:30  INFO 41816 --- [r-event-handler] kafka.cluster.Partition                  : [Partition __consumer_offsets-10 broker=0] Log loaded for partition __consumer_offsets-10 with initial high watermark 0
2026-01-30T19:53:44.969+05:30  INFO 41816 --- [r-event-handler] state.change.logger                      : [Broker id=0] Leader __consumer_offsets-10 with topic id Some(Dkv5hKKWRYWr16wyURuCUQ) starts at leader epoch 0 from offset 0 with partition epoch 0, high watermark 0, ISR [0], adding replicas [] and removing replicas [] . Previous leader None and previous leader epoch was -1.
2026-01-30T19:53:44.975+05:30  INFO 41816 --- [r-event-handler] state.change.logger                      : [Broker id=0] Creating new partition __consumer_offsets-22 with topic id Dkv5hKKWRYWr16wyURuCUQ.
2026-01-30T19:53:44.976+05:30  INFO 41816 --- [r-event-handler] kafka.log.UnifiedLog$                    : [LogLoader partition=__consumer_offsets-22, dir=/var/folders/7k/x4crv6tn66s6j0tcy7vqrdlc0000gn/T/kafka-13239522964465261832/broker_0_data0] Loading producer state till offset 0 with message format version 2
2026-01-30T19:53:44.976+05:30  INFO 41816 --- [r-event-handler] kafka.log.LogManager                     : Created log for partition __consumer_offsets-22 in /var/folders/7k/x4crv6tn66s6j0tcy7vqrdlc0000gn/T/kafka-13239522964465261832/broker_0_data0/__consumer_offsets-22 with properties {cleanup.policy=compact, compression.type="producer", segment.bytes=104857600}
2026-01-30T19:53:44.976+05:30  INFO 41816 --- [r-event-handler] kafka.cluster.Partition                  : [Partition __consumer_offsets-22 broker=0] No checkpointed highwatermark is found for partition __consumer_offsets-22
2026-01-30T19:53:44.976+05:30  INFO 41816 --- [r-event-handler] kafka.cluster.Partition                  : [Partition __consumer_offsets-22 broker=0] Log loaded for partition __consumer_offsets-22 with initial high watermark 0
2026-01-30T19:53:44.976+05:30  INFO 41816 --- [r-event-handler] state.change.logger                      : [Broker id=0] Leader __consumer_offsets-22 with topic id Some(Dkv5hKKWRYWr16wyURuCUQ) starts at leader epoch 0 from offset 0 with partition epoch 0, high watermark 0, ISR [0], adding replicas [] and removing replicas [] . Previous leader None and previous leader epoch was -1.
2026-01-30T19:53:44.983+05:30  INFO 41816 --- [r-event-handler] state.change.logger                      : [Broker id=0] Creating new partition __consumer_offsets-18 with topic id Dkv5hKKWRYWr16wyURuCUQ.
2026-01-30T19:53:44.985+05:30  INFO 41816 --- [r-event-handler] kafka.log.UnifiedLog$                    : [LogLoader partition=__consumer_offsets-18, dir=/var/folders/7k/x4crv6tn66s6j0tcy7vqrdlc0000gn/T/kafka-13239522964465261832/broker_0_data0] Loading producer state till offset 0 with message format version 2
2026-01-30T19:53:44.985+05:30  INFO 41816 --- [r-event-handler] kafka.log.LogManager                     : Created log for partition __consumer_offsets-18 in /var/folders/7k/x4crv6tn66s6j0tcy7vqrdlc0000gn/T/kafka-13239522964465261832/broker_0_data0/__consumer_offsets-18 with properties {cleanup.policy=compact, compression.type="producer", segment.bytes=104857600}
2026-01-30T19:53:44.985+05:30  INFO 41816 --- [r-event-handler] kafka.cluster.Partition                  : [Partition __consumer_offsets-18 broker=0] No checkpointed highwatermark is found for partition __consumer_offsets-18
2026-01-30T19:53:44.985+05:30  INFO 41816 --- [r-event-handler] kafka.cluster.Partition                  : [Partition __consumer_offsets-18 broker=0] Log loaded for partition __consumer_offsets-18 with initial high watermark 0
2026-01-30T19:53:44.985+05:30  INFO 41816 --- [r-event-handler] state.change.logger                      : [Broker id=0] Leader __consumer_offsets-18 with topic id Some(Dkv5hKKWRYWr16wyURuCUQ) starts at leader epoch 0 from offset 0 with partition epoch 0, high watermark 0, ISR [0], adding replicas [] and removing replicas [] . Previous leader None and previous leader epoch was -1.
2026-01-30T19:53:44.991+05:30  INFO 41816 --- [r-event-handler] state.change.logger                      : [Broker id=0] Creating new partition __consumer_offsets-31 with topic id Dkv5hKKWRYWr16wyURuCUQ.
2026-01-30T19:53:44.992+05:30  INFO 41816 --- [r-event-handler] kafka.log.UnifiedLog$                    : [LogLoader partition=__consumer_offsets-31, dir=/var/folders/7k/x4crv6tn66s6j0tcy7vqrdlc0000gn/T/kafka-13239522964465261832/broker_0_data0] Loading producer state till offset 0 with message format version 2
2026-01-30T19:53:44.992+05:30  INFO 41816 --- [r-event-handler] kafka.log.LogManager                     : Created log for partition __consumer_offsets-31 in /var/folders/7k/x4crv6tn66s6j0tcy7vqrdlc0000gn/T/kafka-13239522964465261832/broker_0_data0/__consumer_offsets-31 with properties {cleanup.policy=compact, compression.type="producer", segment.bytes=104857600}
2026-01-30T19:53:44.992+05:30  INFO 41816 --- [r-event-handler] kafka.cluster.Partition                  : [Partition __consumer_offsets-31 broker=0] No checkpointed highwatermark is found for partition __consumer_offsets-31
2026-01-30T19:53:44.992+05:30  INFO 41816 --- [r-event-handler] kafka.cluster.Partition                  : [Partition __consumer_offsets-31 broker=0] Log loaded for partition __consumer_offsets-31 with initial high watermark 0
2026-01-30T19:53:44.992+05:30  INFO 41816 --- [r-event-handler] state.change.logger                      : [Broker id=0] Leader __consumer_offsets-31 with topic id Some(Dkv5hKKWRYWr16wyURuCUQ) starts at leader epoch 0 from offset 0 with partition epoch 0, high watermark 0, ISR [0], adding replicas [] and removing replicas [] . Previous leader None and previous leader epoch was -1.
2026-01-30T19:53:44.999+05:30  INFO 41816 --- [r-event-handler] state.change.logger                      : [Broker id=0] Creating new partition __consumer_offsets-27 with topic id Dkv5hKKWRYWr16wyURuCUQ.
2026-01-30T19:53:45.000+05:30  INFO 41816 --- [r-event-handler] kafka.log.UnifiedLog$                    : [LogLoader partition=__consumer_offsets-27, dir=/var/folders/7k/x4crv6tn66s6j0tcy7vqrdlc0000gn/T/kafka-13239522964465261832/broker_0_data0] Loading producer state till offset 0 with message format version 2
2026-01-30T19:53:45.001+05:30  INFO 41816 --- [r-event-handler] kafka.log.LogManager                     : Created log for partition __consumer_offsets-27 in /var/folders/7k/x4crv6tn66s6j0tcy7vqrdlc0000gn/T/kafka-13239522964465261832/broker_0_data0/__consumer_offsets-27 with properties {cleanup.policy=compact, compression.type="producer", segment.bytes=104857600}
2026-01-30T19:53:45.001+05:30  INFO 41816 --- [r-event-handler] kafka.cluster.Partition                  : [Partition __consumer_offsets-27 broker=0] No checkpointed highwatermark is found for partition __consumer_offsets-27
2026-01-30T19:53:45.001+05:30  INFO 41816 --- [r-event-handler] kafka.cluster.Partition                  : [Partition __consumer_offsets-27 broker=0] Log loaded for partition __consumer_offsets-27 with initial high watermark 0
2026-01-30T19:53:45.001+05:30  INFO 41816 --- [r-event-handler] state.change.logger                      : [Broker id=0] Leader __consumer_offsets-27 with topic id Some(Dkv5hKKWRYWr16wyURuCUQ) starts at leader epoch 0 from offset 0 with partition epoch 0, high watermark 0, ISR [0], adding replicas [] and removing replicas [] . Previous leader None and previous leader epoch was -1.
2026-01-30T19:53:45.007+05:30  INFO 41816 --- [r-event-handler] state.change.logger                      : [Broker id=0] Creating new partition __consumer_offsets-39 with topic id Dkv5hKKWRYWr16wyURuCUQ.
2026-01-30T19:53:45.008+05:30  INFO 41816 --- [ad | producer-1] o.a.k.c.p.internals.TransactionManager   : [Producer clientId=producer-1] ProducerId set to 0 with epoch 0
2026-01-30T19:53:45.008+05:30  INFO 41816 --- [r-event-handler] kafka.log.UnifiedLog$                    : [LogLoader partition=__consumer_offsets-39, dir=/var/folders/7k/x4crv6tn66s6j0tcy7vqrdlc0000gn/T/kafka-13239522964465261832/broker_0_data0] Loading producer state till offset 0 with message format version 2
2026-01-30T19:53:45.008+05:30  INFO 41816 --- [r-event-handler] kafka.log.LogManager                     : Created log for partition __consumer_offsets-39 in /var/folders/7k/x4crv6tn66s6j0tcy7vqrdlc0000gn/T/kafka-13239522964465261832/broker_0_data0/__consumer_offsets-39 with properties {cleanup.policy=compact, compression.type="producer", segment.bytes=104857600}
2026-01-30T19:53:45.008+05:30  INFO 41816 --- [r-event-handler] kafka.cluster.Partition                  : [Partition __consumer_offsets-39 broker=0] No checkpointed highwatermark is found for partition __consumer_offsets-39
2026-01-30T19:53:45.008+05:30  INFO 41816 --- [r-event-handler] kafka.cluster.Partition                  : [Partition __consumer_offsets-39 broker=0] Log loaded for partition __consumer_offsets-39 with initial high watermark 0
2026-01-30T19:53:45.008+05:30  INFO 41816 --- [r-event-handler] state.change.logger                      : [Broker id=0] Leader __consumer_offsets-39 with topic id Some(Dkv5hKKWRYWr16wyURuCUQ) starts at leader epoch 0 from offset 0 with partition epoch 0, high watermark 0, ISR [0], adding replicas [] and removing replicas [] . Previous leader None and previous leader epoch was -1.
2026-01-30T19:53:45.014+05:30  INFO 41816 --- [r-event-handler] state.change.logger                      : [Broker id=0] Creating new partition __consumer_offsets-6 with topic id Dkv5hKKWRYWr16wyURuCUQ.
2026-01-30T19:53:45.016+05:30  INFO 41816 --- [r-event-handler] kafka.log.UnifiedLog$                    : [LogLoader partition=__consumer_offsets-6, dir=/var/folders/7k/x4crv6tn66s6j0tcy7vqrdlc0000gn/T/kafka-13239522964465261832/broker_0_data0] Loading producer state till offset 0 with message format version 2
2026-01-30T19:53:45.016+05:30  INFO 41816 --- [r-event-handler] kafka.log.LogManager                     : Created log for partition __consumer_offsets-6 in /var/folders/7k/x4crv6tn66s6j0tcy7vqrdlc0000gn/T/kafka-13239522964465261832/broker_0_data0/__consumer_offsets-6 with properties {cleanup.policy=compact, compression.type="producer", segment.bytes=104857600}
2026-01-30T19:53:45.016+05:30  INFO 41816 --- [r-event-handler] kafka.cluster.Partition                  : [Partition __consumer_offsets-6 broker=0] No checkpointed highwatermark is found for partition __consumer_offsets-6
2026-01-30T19:53:45.016+05:30  INFO 41816 --- [r-event-handler] kafka.cluster.Partition                  : [Partition __consumer_offsets-6 broker=0] Log loaded for partition __consumer_offsets-6 with initial high watermark 0
2026-01-30T19:53:45.016+05:30  INFO 41816 --- [r-event-handler] state.change.logger                      : [Broker id=0] Leader __consumer_offsets-6 with topic id Some(Dkv5hKKWRYWr16wyURuCUQ) starts at leader epoch 0 from offset 0 with partition epoch 0, high watermark 0, ISR [0], adding replicas [] and removing replicas [] . Previous leader None and previous leader epoch was -1.
2026-01-30T19:53:45.023+05:30  INFO 41816 --- [r-event-handler] state.change.logger                      : [Broker id=0] Creating new partition __consumer_offsets-35 with topic id Dkv5hKKWRYWr16wyURuCUQ.
2026-01-30T19:53:45.025+05:30  INFO 41816 --- [r-event-handler] kafka.log.UnifiedLog$                    : [LogLoader partition=__consumer_offsets-35, dir=/var/folders/7k/x4crv6tn66s6j0tcy7vqrdlc0000gn/T/kafka-13239522964465261832/broker_0_data0] Loading producer state till offset 0 with message format version 2
2026-01-30T19:53:45.025+05:30  INFO 41816 --- [r-event-handler] kafka.log.LogManager                     : Created log for partition __consumer_offsets-35 in /var/folders/7k/x4crv6tn66s6j0tcy7vqrdlc0000gn/T/kafka-13239522964465261832/broker_0_data0/__consumer_offsets-35 with properties {cleanup.policy=compact, compression.type="producer", segment.bytes=104857600}
2026-01-30T19:53:45.025+05:30  INFO 41816 --- [r-event-handler] kafka.cluster.Partition                  : [Partition __consumer_offsets-35 broker=0] No checkpointed highwatermark is found for partition __consumer_offsets-35
2026-01-30T19:53:45.026+05:30  INFO 41816 --- [r-event-handler] kafka.cluster.Partition                  : [Partition __consumer_offsets-35 broker=0] Log loaded for partition __consumer_offsets-35 with initial high watermark 0
2026-01-30T19:53:45.026+05:30  INFO 41816 --- [r-event-handler] state.change.logger                      : [Broker id=0] Leader __consumer_offsets-35 with topic id Some(Dkv5hKKWRYWr16wyURuCUQ) starts at leader epoch 0 from offset 0 with partition epoch 0, high watermark 0, ISR [0], adding replicas [] and removing replicas [] . Previous leader None and previous leader epoch was -1.
2026-01-30T19:53:45.026+05:30  INFO 41816 --- [ntainer#0-0-C-1] o.a.k.c.c.internals.ConsumerCoordinator  : [Consumer clientId=consumer-midas-core-group-1, groupId=midas-core-group] Discovered group coordinator localhost:60622 (id: 2147483647 rack: null)
2026-01-30T19:53:45.026+05:30  INFO 41816 --- [ntainer#0-0-C-1] o.a.k.c.c.internals.ConsumerCoordinator  : [Consumer clientId=consumer-midas-core-group-1, groupId=midas-core-group] Request joining group due to: rebalance failed due to 'This is not the correct coordinator.' (NotCoordinatorException)
2026-01-30T19:53:45.026+05:30  INFO 41816 --- [ntainer#0-0-C-1] o.a.k.c.c.internals.ConsumerCoordinator  : [Consumer clientId=consumer-midas-core-group-1, groupId=midas-core-group] (Re-)joining group
2026-01-30T19:53:45.027+05:30  INFO 41816 --- [ntainer#0-0-C-1] o.a.k.c.c.internals.ConsumerCoordinator  : [Consumer clientId=consumer-midas-core-group-1, groupId=midas-core-group] Group coordinator localhost:60622 (id: 2147483647 rack: null) is unavailable or invalid due to cause: error response NOT_COORDINATOR. isDisconnected: false. Rediscovery will be attempted.
2026-01-30T19:53:45.027+05:30  INFO 41816 --- [ntainer#0-0-C-1] o.a.k.c.c.internals.ConsumerCoordinator  : [Consumer clientId=consumer-midas-core-group-1, groupId=midas-core-group] Requesting disconnect from last known coordinator localhost:60622 (id: 2147483647 rack: null)
2026-01-30T19:53:45.027+05:30  INFO 41816 --- [ntainer#0-0-C-1] o.a.k.c.c.internals.ConsumerCoordinator  : [Consumer clientId=consumer-midas-core-group-1, groupId=midas-core-group] JoinGroup failed: This is not the correct coordinator. Marking coordinator unknown. Sent generation was Generation{generationId=-1, memberId='', protocol='null'}
2026-01-30T19:53:45.027+05:30  INFO 41816 --- [ntainer#0-0-C-1] org.apache.kafka.clients.NetworkClient   : [Consumer clientId=consumer-midas-core-group-1, groupId=midas-core-group] Client requested disconnect from node 2147483647
2026-01-30T19:53:45.028+05:30  INFO 41816 --- [ntainer#0-0-C-1] o.a.k.c.c.internals.ConsumerCoordinator  : [Consumer clientId=consumer-midas-core-group-1, groupId=midas-core-group] Discovered group coordinator localhost:60622 (id: 2147483647 rack: null)
2026-01-30T19:53:45.028+05:30  INFO 41816 --- [ntainer#0-0-C-1] o.a.k.c.c.internals.ConsumerCoordinator  : [Consumer clientId=consumer-midas-core-group-1, groupId=midas-core-group] Group coordinator localhost:60622 (id: 2147483647 rack: null) is unavailable or invalid due to cause: coordinator unavailable. isDisconnected: false. Rediscovery will be attempted.
2026-01-30T19:53:45.028+05:30  INFO 41816 --- [ntainer#0-0-C-1] o.a.k.c.c.internals.ConsumerCoordinator  : [Consumer clientId=consumer-midas-core-group-1, groupId=midas-core-group] Requesting disconnect from last known coordinator localhost:60622 (id: 2147483647 rack: null)
2026-01-30T19:53:45.028+05:30  INFO 41816 --- [r-event-handler] state.change.logger                      : [Broker id=0] Creating new partition __consumer_offsets-2 with topic id Dkv5hKKWRYWr16wyURuCUQ.
2026-01-30T19:53:45.031+05:30  INFO 41816 --- [r-event-handler] kafka.log.UnifiedLog$                    : [LogLoader partition=__consumer_offsets-2, dir=/var/folders/7k/x4crv6tn66s6j0tcy7vqrdlc0000gn/T/kafka-13239522964465261832/broker_0_data0] Loading producer state till offset 0 with message format version 2
2026-01-30T19:53:45.031+05:30  INFO 41816 --- [r-event-handler] kafka.log.LogManager                     : Created log for partition __consumer_offsets-2 in /var/folders/7k/x4crv6tn66s6j0tcy7vqrdlc0000gn/T/kafka-13239522964465261832/broker_0_data0/__consumer_offsets-2 with properties {cleanup.policy=compact, compression.type="producer", segment.bytes=104857600}
2026-01-30T19:53:45.031+05:30  INFO 41816 --- [r-event-handler] kafka.cluster.Partition                  : [Partition __consumer_offsets-2 broker=0] No checkpointed highwatermark is found for partition __consumer_offsets-2
2026-01-30T19:53:45.031+05:30  INFO 41816 --- [r-event-handler] kafka.cluster.Partition                  : [Partition __consumer_offsets-2 broker=0] Log loaded for partition __consumer_offsets-2 with initial high watermark 0
2026-01-30T19:53:45.031+05:30  INFO 41816 --- [r-event-handler] state.change.logger                      : [Broker id=0] Leader __consumer_offsets-2 with topic id Some(Dkv5hKKWRYWr16wyURuCUQ) starts at leader epoch 0 from offset 0 with partition epoch 0, high watermark 0, ISR [0], adding replicas [] and removing replicas [] . Previous leader None and previous leader epoch was -1.
2026-01-30T19:53:45.039+05:30  INFO 41816 --- [r-event-handler] k.coordinator.group.GroupCoordinator     : [GroupCoordinator 0]: Elected as the group coordinator for partition 13 in epoch 0
2026-01-30T19:53:45.039+05:30  INFO 41816 --- [r-event-handler] k.c.group.GroupMetadataManager           : [GroupMetadataManager brokerId=0] Scheduling loading of offsets and group metadata from __consumer_offsets-13 for epoch 0
2026-01-30T19:53:45.039+05:30  INFO 41816 --- [r-event-handler] k.coordinator.group.GroupCoordinator     : [GroupCoordinator 0]: Elected as the group coordinator for partition 46 in epoch 0
2026-01-30T19:53:45.039+05:30  INFO 41816 --- [r-event-handler] k.c.group.GroupMetadataManager           : [GroupMetadataManager brokerId=0] Scheduling loading of offsets and group metadata from __consumer_offsets-46 for epoch 0
2026-01-30T19:53:45.039+05:30  INFO 41816 --- [r-event-handler] k.coordinator.group.GroupCoordinator     : [GroupCoordinator 0]: Elected as the group coordinator for partition 9 in epoch 0
2026-01-30T19:53:45.039+05:30  INFO 41816 --- [r-event-handler] k.c.group.GroupMetadataManager           : [GroupMetadataManager brokerId=0] Scheduling loading of offsets and group metadata from __consumer_offsets-9 for epoch 0
2026-01-30T19:53:45.039+05:30  INFO 41816 --- [r-event-handler] k.coordinator.group.GroupCoordinator     : [GroupCoordinator 0]: Elected as the group coordinator for partition 42 in epoch 0
2026-01-30T19:53:45.039+05:30  INFO 41816 --- [r-event-handler] k.c.group.GroupMetadataManager           : [GroupMetadataManager brokerId=0] Scheduling loading of offsets and group metadata from __consumer_offsets-42 for epoch 0
2026-01-30T19:53:45.040+05:30  INFO 41816 --- [r-event-handler] k.coordinator.group.GroupCoordinator     : [GroupCoordinator 0]: Elected as the group coordinator for partition 21 in epoch 0
2026-01-30T19:53:45.040+05:30  INFO 41816 --- [r-event-handler] k.c.group.GroupMetadataManager           : [GroupMetadataManager brokerId=0] Scheduling loading of offsets and group metadata from __consumer_offsets-21 for epoch 0
2026-01-30T19:53:45.040+05:30  INFO 41816 --- [r-event-handler] k.coordinator.group.GroupCoordinator     : [GroupCoordinator 0]: Elected as the group coordinator for partition 17 in epoch 0
2026-01-30T19:53:45.040+05:30  INFO 41816 --- [r-event-handler] k.c.group.GroupMetadataManager           : [GroupMetadataManager brokerId=0] Scheduling loading of offsets and group metadata from __consumer_offsets-17 for epoch 0
2026-01-30T19:53:45.040+05:30  INFO 41816 --- [r-event-handler] k.coordinator.group.GroupCoordinator     : [GroupCoordinator 0]: Elected as the group coordinator for partition 30 in epoch 0
2026-01-30T19:53:45.040+05:30  INFO 41816 --- [r-event-handler] k.c.group.GroupMetadataManager           : [GroupMetadataManager brokerId=0] Scheduling loading of offsets and group metadata from __consumer_offsets-30 for epoch 0
2026-01-30T19:53:45.040+05:30  INFO 41816 --- [r-event-handler] k.coordinator.group.GroupCoordinator     : [GroupCoordinator 0]: Elected as the group coordinator for partition 26 in epoch 0
2026-01-30T19:53:45.040+05:30  INFO 41816 --- [r-event-handler] k.c.group.GroupMetadataManager           : [GroupMetadataManager brokerId=0] Scheduling loading of offsets and group metadata from __consumer_offsets-26 for epoch 0
2026-01-30T19:53:45.040+05:30  INFO 41816 --- [r-event-handler] k.coordinator.group.GroupCoordinator     : [GroupCoordinator 0]: Elected as the group coordinator for partition 5 in epoch 0
2026-01-30T19:53:45.040+05:30  INFO 41816 --- [r-event-handler] k.c.group.GroupMetadataManager           : [GroupMetadataManager brokerId=0] Scheduling loading of offsets and group metadata from __consumer_offsets-5 for epoch 0
2026-01-30T19:53:45.040+05:30  INFO 41816 --- [r-event-handler] k.coordinator.group.GroupCoordinator     : [GroupCoordinator 0]: Elected as the group coordinator for partition 38 in epoch 0
2026-01-30T19:53:45.040+05:30  INFO 41816 --- [r-event-handler] k.c.group.GroupMetadataManager           : [GroupMetadataManager brokerId=0] Scheduling loading of offsets and group metadata from __consumer_offsets-38 for epoch 0
2026-01-30T19:53:45.040+05:30  INFO 41816 --- [r-event-handler] k.coordinator.group.GroupCoordinator     : [GroupCoordinator 0]: Elected as the group coordinator for partition 1 in epoch 0
2026-01-30T19:53:45.040+05:30  INFO 41816 --- [r-event-handler] k.c.group.GroupMetadataManager           : [GroupMetadataManager brokerId=0] Scheduling loading of offsets and group metadata from __consumer_offsets-1 for epoch 0
2026-01-30T19:53:45.040+05:30  INFO 41816 --- [r-event-handler] k.coordinator.group.GroupCoordinator     : [GroupCoordinator 0]: Elected as the group coordinator for partition 34 in epoch 0
2026-01-30T19:53:45.040+05:30  INFO 41816 --- [r-event-handler] k.c.group.GroupMetadataManager           : [GroupMetadataManager brokerId=0] Scheduling loading of offsets and group metadata from __consumer_offsets-34 for epoch 0
2026-01-30T19:53:45.040+05:30  INFO 41816 --- [r-event-handler] k.coordinator.group.GroupCoordinator     : [GroupCoordinator 0]: Elected as the group coordinator for partition 16 in epoch 0
2026-01-30T19:53:45.040+05:30  INFO 41816 --- [r-event-handler] k.c.group.GroupMetadataManager           : [GroupMetadataManager brokerId=0] Scheduling loading of offsets and group metadata from __consumer_offsets-16 for epoch 0
2026-01-30T19:53:45.040+05:30  INFO 41816 --- [r-event-handler] k.coordinator.group.GroupCoordinator     : [GroupCoordinator 0]: Elected as the group coordinator for partition 45 in epoch 0
2026-01-30T19:53:45.040+05:30  INFO 41816 --- [r-event-handler] k.c.group.GroupMetadataManager           : [GroupMetadataManager brokerId=0] Scheduling loading of offsets and group metadata from __consumer_offsets-45 for epoch 0
2026-01-30T19:53:45.040+05:30  INFO 41816 --- [r-event-handler] k.coordinator.group.GroupCoordinator     : [GroupCoordinator 0]: Elected as the group coordinator for partition 12 in epoch 0
2026-01-30T19:53:45.040+05:30  INFO 41816 --- [r-event-handler] k.c.group.GroupMetadataManager           : [GroupMetadataManager brokerId=0] Scheduling loading of offsets and group metadata from __consumer_offsets-12 for epoch 0
2026-01-30T19:53:45.040+05:30  INFO 41816 --- [r-event-handler] k.coordinator.group.GroupCoordinator     : [GroupCoordinator 0]: Elected as the group coordinator for partition 41 in epoch 0
2026-01-30T19:53:45.040+05:30  INFO 41816 --- [r-event-handler] k.c.group.GroupMetadataManager           : [GroupMetadataManager brokerId=0] Scheduling loading of offsets and group metadata from __consumer_offsets-41 for epoch 0
2026-01-30T19:53:45.040+05:30  INFO 41816 --- [r-event-handler] k.coordinator.group.GroupCoordinator     : [GroupCoordinator 0]: Elected as the group coordinator for partition 24 in epoch 0
2026-01-30T19:53:45.040+05:30  INFO 41816 --- [r-event-handler] k.c.group.GroupMetadataManager           : [GroupMetadataManager brokerId=0] Scheduling loading of offsets and group metadata from __consumer_offsets-24 for epoch 0
2026-01-30T19:53:45.040+05:30  INFO 41816 --- [r-event-handler] k.coordinator.group.GroupCoordinator     : [GroupCoordinator 0]: Elected as the group coordinator for partition 20 in epoch 0
2026-01-30T19:53:45.040+05:30  INFO 41816 --- [r-event-handler] k.c.group.GroupMetadataManager           : [GroupMetadataManager brokerId=0] Scheduling loading of offsets and group metadata from __consumer_offsets-20 for epoch 0
2026-01-30T19:53:45.040+05:30  INFO 41816 --- [r-event-handler] k.coordinator.group.GroupCoordinator     : [GroupCoordinator 0]: Elected as the group coordinator for partition 49 in epoch 0
2026-01-30T19:53:45.040+05:30  INFO 41816 --- [r-event-handler] k.c.group.GroupMetadataManager           : [GroupMetadataManager brokerId=0] Scheduling loading of offsets and group metadata from __consumer_offsets-49 for epoch 0
2026-01-30T19:53:45.040+05:30  INFO 41816 --- [r-event-handler] k.coordinator.group.GroupCoordinator     : [GroupCoordinator 0]: Elected as the group coordinator for partition 0 in epoch 0
2026-01-30T19:53:45.040+05:30  INFO 41816 --- [r-event-handler] k.c.group.GroupMetadataManager           : [GroupMetadataManager brokerId=0] Scheduling loading of offsets and group metadata from __consumer_offsets-0 for epoch 0
2026-01-30T19:53:45.040+05:30  INFO 41816 --- [r-event-handler] k.coordinator.group.GroupCoordinator     : [GroupCoordinator 0]: Elected as the group coordinator for partition 29 in epoch 0
2026-01-30T19:53:45.040+05:30  INFO 41816 --- [r-event-handler] k.c.group.GroupMetadataManager           : [GroupMetadataManager brokerId=0] Scheduling loading of offsets and group metadata from __consumer_offsets-29 for epoch 0
2026-01-30T19:53:45.040+05:30  INFO 41816 --- [r-event-handler] k.coordinator.group.GroupCoordinator     : [GroupCoordinator 0]: Elected as the group coordinator for partition 25 in epoch 0
2026-01-30T19:53:45.040+05:30  INFO 41816 --- [r-event-handler] k.c.group.GroupMetadataManager           : [GroupMetadataManager brokerId=0] Scheduling loading of offsets and group metadata from __consumer_offsets-25 for epoch 0
2026-01-30T19:53:45.040+05:30  INFO 41816 --- [r-event-handler] k.coordinator.group.GroupCoordinator     : [GroupCoordinator 0]: Elected as the group coordinator for partition 8 in epoch 0
2026-01-30T19:53:45.040+05:30  INFO 41816 --- [r-event-handler] k.c.group.GroupMetadataManager           : [GroupMetadataManager brokerId=0] Scheduling loading of offsets and group metadata from __consumer_offsets-8 for epoch 0
2026-01-30T19:53:45.040+05:30  INFO 41816 --- [r-event-handler] k.coordinator.group.GroupCoordinator     : [GroupCoordinator 0]: Elected as the group coordinator for partition 37 in epoch 0
2026-01-30T19:53:45.040+05:30  INFO 41816 --- [r-event-handler] k.c.group.GroupMetadataManager           : [GroupMetadataManager brokerId=0] Scheduling loading of offsets and group metadata from __consumer_offsets-37 for epoch 0
2026-01-30T19:53:45.040+05:30  INFO 41816 --- [r-event-handler] k.coordinator.group.GroupCoordinator     : [GroupCoordinator 0]: Elected as the group coordinator for partition 4 in epoch 0
2026-01-30T19:53:45.040+05:30  INFO 41816 --- [r-event-handler] k.c.group.GroupMetadataManager           : [GroupMetadataManager brokerId=0] Scheduling loading of offsets and group metadata from __consumer_offsets-4 for epoch 0
2026-01-30T19:53:45.040+05:30  INFO 41816 --- [r-event-handler] k.coordinator.group.GroupCoordinator     : [GroupCoordinator 0]: Elected as the group coordinator for partition 33 in epoch 0
2026-01-30T19:53:45.040+05:30  INFO 41816 --- [r-event-handler] k.c.group.GroupMetadataManager           : [GroupMetadataManager brokerId=0] Scheduling loading of offsets and group metadata from __consumer_offsets-33 for epoch 0
2026-01-30T19:53:45.040+05:30  INFO 41816 --- [r-event-handler] k.coordinator.group.GroupCoordinator     : [GroupCoordinator 0]: Elected as the group coordinator for partition 15 in epoch 0
2026-01-30T19:53:45.040+05:30  INFO 41816 --- [r-event-handler] k.c.group.GroupMetadataManager           : [GroupMetadataManager brokerId=0] Scheduling loading of offsets and group metadata from __consumer_offsets-15 for epoch 0
2026-01-30T19:53:45.040+05:30  INFO 41816 --- [r-event-handler] k.coordinator.group.GroupCoordinator     : [GroupCoordinator 0]: Elected as the group coordinator for partition 48 in epoch 0
2026-01-30T19:53:45.040+05:30  INFO 41816 --- [r-event-handler] k.c.group.GroupMetadataManager           : [GroupMetadataManager brokerId=0] Scheduling loading of offsets and group metadata from __consumer_offsets-48 for epoch 0
2026-01-30T19:53:45.040+05:30  INFO 41816 --- [r-event-handler] k.coordinator.group.GroupCoordinator     : [GroupCoordinator 0]: Elected as the group coordinator for partition 11 in epoch 0
2026-01-30T19:53:45.040+05:30  INFO 41816 --- [r-event-handler] k.c.group.GroupMetadataManager           : [GroupMetadataManager brokerId=0] Scheduling loading of offsets and group metadata from __consumer_offsets-11 for epoch 0
2026-01-30T19:53:45.040+05:30  INFO 41816 --- [r-event-handler] k.coordinator.group.GroupCoordinator     : [GroupCoordinator 0]: Elected as the group coordinator for partition 44 in epoch 0
2026-01-30T19:53:45.040+05:30  INFO 41816 --- [r-event-handler] k.c.group.GroupMetadataManager           : [GroupMetadataManager brokerId=0] Scheduling loading of offsets and group metadata from __consumer_offsets-44 for epoch 0
2026-01-30T19:53:45.040+05:30  INFO 41816 --- [r-event-handler] k.coordinator.group.GroupCoordinator     : [GroupCoordinator 0]: Elected as the group coordinator for partition 23 in epoch 0
2026-01-30T19:53:45.040+05:30  INFO 41816 --- [r-event-handler] k.c.group.GroupMetadataManager           : [GroupMetadataManager brokerId=0] Scheduling loading of offsets and group metadata from __consumer_offsets-23 for epoch 0
2026-01-30T19:53:45.040+05:30  INFO 41816 --- [r-event-handler] k.coordinator.group.GroupCoordinator     : [GroupCoordinator 0]: Elected as the group coordinator for partition 19 in epoch 0
2026-01-30T19:53:45.040+05:30  INFO 41816 --- [r-event-handler] k.c.group.GroupMetadataManager           : [GroupMetadataManager brokerId=0] Scheduling loading of offsets and group metadata from __consumer_offsets-19 for epoch 0
2026-01-30T19:53:45.040+05:30  INFO 41816 --- [r-event-handler] k.coordinator.group.GroupCoordinator     : [GroupCoordinator 0]: Elected as the group coordinator for partition 32 in epoch 0
2026-01-30T19:53:45.040+05:30  INFO 41816 --- [r-event-handler] k.c.group.GroupMetadataManager           : [GroupMetadataManager brokerId=0] Scheduling loading of offsets and group metadata from __consumer_offsets-32 for epoch 0
2026-01-30T19:53:45.040+05:30  INFO 41816 --- [r-event-handler] k.coordinator.group.GroupCoordinator     : [GroupCoordinator 0]: Elected as the group coordinator for partition 28 in epoch 0
2026-01-30T19:53:45.040+05:30  INFO 41816 --- [r-event-handler] k.c.group.GroupMetadataManager           : [GroupMetadataManager brokerId=0] Scheduling loading of offsets and group metadata from __consumer_offsets-28 for epoch 0
2026-01-30T19:53:45.040+05:30  INFO 41816 --- [r-event-handler] k.coordinator.group.GroupCoordinator     : [GroupCoordinator 0]: Elected as the group coordinator for partition 7 in epoch 0
2026-01-30T19:53:45.040+05:30  INFO 41816 --- [r-event-handler] k.c.group.GroupMetadataManager           : [GroupMetadataManager brokerId=0] Scheduling loading of offsets and group metadata from __consumer_offsets-7 for epoch 0
2026-01-30T19:53:45.040+05:30  INFO 41816 --- [r-event-handler] k.coordinator.group.GroupCoordinator     : [GroupCoordinator 0]: Elected as the group coordinator for partition 40 in epoch 0
2026-01-30T19:53:45.040+05:30  INFO 41816 --- [r-event-handler] k.c.group.GroupMetadataManager           : [GroupMetadataManager brokerId=0] Scheduling loading of offsets and group metadata from __consumer_offsets-40 for epoch 0
2026-01-30T19:53:45.040+05:30  INFO 41816 --- [r-event-handler] k.coordinator.group.GroupCoordinator     : [GroupCoordinator 0]: Elected as the group coordinator for partition 3 in epoch 0
2026-01-30T19:53:45.040+05:30  INFO 41816 --- [r-event-handler] k.c.group.GroupMetadataManager           : [GroupMetadataManager brokerId=0] Scheduling loading of offsets and group metadata from __consumer_offsets-3 for epoch 0
2026-01-30T19:53:45.040+05:30  INFO 41816 --- [r-event-handler] k.coordinator.group.GroupCoordinator     : [GroupCoordinator 0]: Elected as the group coordinator for partition 36 in epoch 0
2026-01-30T19:53:45.040+05:30  INFO 41816 --- [r-event-handler] k.c.group.GroupMetadataManager           : [GroupMetadataManager brokerId=0] Scheduling loading of offsets and group metadata from __consumer_offsets-36 for epoch 0
2026-01-30T19:53:45.040+05:30  INFO 41816 --- [r-event-handler] k.coordinator.group.GroupCoordinator     : [GroupCoordinator 0]: Elected as the group coordinator for partition 47 in epoch 0
2026-01-30T19:53:45.040+05:30  INFO 41816 --- [r-event-handler] k.c.group.GroupMetadataManager           : [GroupMetadataManager brokerId=0] Scheduling loading of offsets and group metadata from __consumer_offsets-47 for epoch 0
2026-01-30T19:53:45.040+05:30  INFO 41816 --- [r-event-handler] k.coordinator.group.GroupCoordinator     : [GroupCoordinator 0]: Elected as the group coordinator for partition 14 in epoch 0
2026-01-30T19:53:45.040+05:30  INFO 41816 --- [r-event-handler] k.c.group.GroupMetadataManager           : [GroupMetadataManager brokerId=0] Scheduling loading of offsets and group metadata from __consumer_offsets-14 for epoch 0
2026-01-30T19:53:45.040+05:30  INFO 41816 --- [r-event-handler] k.coordinator.group.GroupCoordinator     : [GroupCoordinator 0]: Elected as the group coordinator for partition 43 in epoch 0
2026-01-30T19:53:45.040+05:30  INFO 41816 --- [r-event-handler] k.c.group.GroupMetadataManager           : [GroupMetadataManager brokerId=0] Scheduling loading of offsets and group metadata from __consumer_offsets-43 for epoch 0
2026-01-30T19:53:45.040+05:30  INFO 41816 --- [r-event-handler] k.coordinator.group.GroupCoordinator     : [GroupCoordinator 0]: Elected as the group coordinator for partition 10 in epoch 0
2026-01-30T19:53:45.040+05:30  INFO 41816 --- [r-event-handler] k.c.group.GroupMetadataManager           : [GroupMetadataManager brokerId=0] Scheduling loading of offsets and group metadata from __consumer_offsets-10 for epoch 0
2026-01-30T19:53:45.040+05:30  INFO 41816 --- [r-event-handler] k.coordinator.group.GroupCoordinator     : [GroupCoordinator 0]: Elected as the group coordinator for partition 22 in epoch 0
2026-01-30T19:53:45.040+05:30  INFO 41816 --- [r-event-handler] k.c.group.GroupMetadataManager           : [GroupMetadataManager brokerId=0] Scheduling loading of offsets and group metadata from __consumer_offsets-22 for epoch 0
2026-01-30T19:53:45.040+05:30  INFO 41816 --- [r-event-handler] k.coordinator.group.GroupCoordinator     : [GroupCoordinator 0]: Elected as the group coordinator for partition 18 in epoch 0
2026-01-30T19:53:45.040+05:30  INFO 41816 --- [r-event-handler] k.c.group.GroupMetadataManager           : [GroupMetadataManager brokerId=0] Scheduling loading of offsets and group metadata from __consumer_offsets-18 for epoch 0
2026-01-30T19:53:45.040+05:30  INFO 41816 --- [r-event-handler] k.coordinator.group.GroupCoordinator     : [GroupCoordinator 0]: Elected as the group coordinator for partition 31 in epoch 0
2026-01-30T19:53:45.040+05:30  INFO 41816 --- [r-event-handler] k.c.group.GroupMetadataManager           : [GroupMetadataManager brokerId=0] Scheduling loading of offsets and group metadata from __consumer_offsets-31 for epoch 0
2026-01-30T19:53:45.040+05:30  INFO 41816 --- [r-event-handler] k.coordinator.group.GroupCoordinator     : [GroupCoordinator 0]: Elected as the group coordinator for partition 27 in epoch 0
2026-01-30T19:53:45.040+05:30  INFO 41816 --- [r-event-handler] k.c.group.GroupMetadataManager           : [GroupMetadataManager brokerId=0] Scheduling loading of offsets and group metadata from __consumer_offsets-27 for epoch 0
2026-01-30T19:53:45.040+05:30  INFO 41816 --- [r-event-handler] k.coordinator.group.GroupCoordinator     : [GroupCoordinator 0]: Elected as the group coordinator for partition 39 in epoch 0
2026-01-30T19:53:45.040+05:30  INFO 41816 --- [r-event-handler] k.c.group.GroupMetadataManager           : [GroupMetadataManager brokerId=0] Scheduling loading of offsets and group metadata from __consumer_offsets-39 for epoch 0
2026-01-30T19:53:45.040+05:30  INFO 41816 --- [r-event-handler] k.coordinator.group.GroupCoordinator     : [GroupCoordinator 0]: Elected as the group coordinator for partition 6 in epoch 0
2026-01-30T19:53:45.040+05:30  INFO 41816 --- [r-event-handler] k.c.group.GroupMetadataManager           : [GroupMetadataManager brokerId=0] Scheduling loading of offsets and group metadata from __consumer_offsets-6 for epoch 0
2026-01-30T19:53:45.040+05:30  INFO 41816 --- [r-event-handler] k.coordinator.group.GroupCoordinator     : [GroupCoordinator 0]: Elected as the group coordinator for partition 35 in epoch 0
2026-01-30T19:53:45.040+05:30  INFO 41816 --- [r-event-handler] k.c.group.GroupMetadataManager           : [GroupMetadataManager brokerId=0] Scheduling loading of offsets and group metadata from __consumer_offsets-35 for epoch 0
2026-01-30T19:53:45.040+05:30  INFO 41816 --- [r-event-handler] k.coordinator.group.GroupCoordinator     : [GroupCoordinator 0]: Elected as the group coordinator for partition 2 in epoch 0
2026-01-30T19:53:45.040+05:30  INFO 41816 --- [r-event-handler] k.c.group.GroupMetadataManager           : [GroupMetadataManager brokerId=0] Scheduling loading of offsets and group metadata from __consumer_offsets-2 for epoch 0
2026-01-30T19:53:45.042+05:30  INFO 41816 --- [r-event-handler] k.s.metadata.DynamicConfigPublisher      : [DynamicConfigPublisher broker id=0] Updating topic __consumer_offsets with new configuration : compression.type -> producer,cleanup.policy -> compact,segment.bytes -> 104857600
2026-01-30T19:53:45.042+05:30  INFO 41816 --- [adata-manager-0] k.c.group.GroupMetadataManager           : [GroupMetadataManager brokerId=0] Finished loading offsets and group metadata from __consumer_offsets-13 in 2 milliseconds for epoch 0, of which 1 milliseconds was spent in the scheduler.
2026-01-30T19:53:45.042+05:30  INFO 41816 --- [adata-manager-0] k.c.group.GroupMetadataManager           : [GroupMetadataManager brokerId=0] Finished loading offsets and group metadata from __consumer_offsets-46 in 3 milliseconds for epoch 0, of which 3 milliseconds was spent in the scheduler.
2026-01-30T19:53:45.042+05:30  INFO 41816 --- [adata-manager-0] k.c.group.GroupMetadataManager           : [GroupMetadataManager brokerId=0] Finished loading offsets and group metadata from __consumer_offsets-9 in 3 milliseconds for epoch 0, of which 3 milliseconds was spent in the scheduler.
2026-01-30T19:53:45.042+05:30  INFO 41816 --- [adata-manager-0] k.c.group.GroupMetadataManager           : [GroupMetadataManager brokerId=0] Finished loading offsets and group metadata from __consumer_offsets-42 in 3 milliseconds for epoch 0, of which 3 milliseconds was spent in the scheduler.
2026-01-30T19:53:45.042+05:30  INFO 41816 --- [adata-manager-0] k.c.group.GroupMetadataManager           : [GroupMetadataManager brokerId=0] Finished loading offsets and group metadata from __consumer_offsets-21 in 2 milliseconds for epoch 0, of which 2 milliseconds was spent in the scheduler.
2026-01-30T19:53:45.042+05:30  INFO 41816 --- [adata-manager-0] k.c.group.GroupMetadataManager           : [GroupMetadataManager brokerId=0] Finished loading offsets and group metadata from __consumer_offsets-17 in 2 milliseconds for epoch 0, of which 2 milliseconds was spent in the scheduler.
2026-01-30T19:53:45.042+05:30  INFO 41816 --- [adata-manager-0] k.c.group.GroupMetadataManager           : [GroupMetadataManager brokerId=0] Finished loading offsets and group metadata from __consumer_offsets-30 in 2 milliseconds for epoch 0, of which 2 milliseconds was spent in the scheduler.
2026-01-30T19:53:45.042+05:30  INFO 41816 --- [adata-manager-0] k.c.group.GroupMetadataManager           : [GroupMetadataManager brokerId=0] Finished loading offsets and group metadata from __consumer_offsets-26 in 2 milliseconds for epoch 0, of which 2 milliseconds was spent in the scheduler.
2026-01-30T19:53:45.042+05:30  INFO 41816 --- [adata-manager-0] k.c.group.GroupMetadataManager           : [GroupMetadataManager brokerId=0] Finished loading offsets and group metadata from __consumer_offsets-5 in 2 milliseconds for epoch 0, of which 2 milliseconds was spent in the scheduler.
2026-01-30T19:53:45.043+05:30  INFO 41816 --- [adata-manager-0] k.c.group.GroupMetadataManager           : [GroupMetadataManager brokerId=0] Finished loading offsets and group metadata from __consumer_offsets-38 in 3 milliseconds for epoch 0, of which 3 milliseconds was spent in the scheduler.
2026-01-30T19:53:45.043+05:30  INFO 41816 --- [adata-manager-0] k.c.group.GroupMetadataManager           : [GroupMetadataManager brokerId=0] Finished loading offsets and group metadata from __consumer_offsets-1 in 3 milliseconds for epoch 0, of which 3 milliseconds was spent in the scheduler.
2026-01-30T19:53:45.043+05:30  INFO 41816 --- [adata-manager-0] k.c.group.GroupMetadataManager           : [GroupMetadataManager brokerId=0] Finished loading offsets and group metadata from __consumer_offsets-34 in 3 milliseconds for epoch 0, of which 3 milliseconds was spent in the scheduler.
2026-01-30T19:53:45.043+05:30  INFO 41816 --- [adata-manager-0] k.c.group.GroupMetadataManager           : [GroupMetadataManager brokerId=0] Finished loading offsets and group metadata from __consumer_offsets-16 in 3 milliseconds for epoch 0, of which 3 milliseconds was spent in the scheduler.
2026-01-30T19:53:45.043+05:30  INFO 41816 --- [adata-manager-0] k.c.group.GroupMetadataManager           : [GroupMetadataManager brokerId=0] Finished loading offsets and group metadata from __consumer_offsets-45 in 3 milliseconds for epoch 0, of which 3 milliseconds was spent in the scheduler.
2026-01-30T19:53:45.043+05:30  INFO 41816 --- [adata-manager-0] k.c.group.GroupMetadataManager           : [GroupMetadataManager brokerId=0] Finished loading offsets and group metadata from __consumer_offsets-12 in 3 milliseconds for epoch 0, of which 3 milliseconds was spent in the scheduler.
2026-01-30T19:53:45.043+05:30  INFO 41816 --- [adata-manager-0] k.c.group.GroupMetadataManager           : [GroupMetadataManager brokerId=0] Finished loading offsets and group metadata from __consumer_offsets-41 in 3 milliseconds for epoch 0, of which 3 milliseconds was spent in the scheduler.
2026-01-30T19:53:45.043+05:30  INFO 41816 --- [adata-manager-0] k.c.group.GroupMetadataManager           : [GroupMetadataManager brokerId=0] Finished loading offsets and group metadata from __consumer_offsets-24 in 3 milliseconds for epoch 0, of which 3 milliseconds was spent in the scheduler.
2026-01-30T19:53:45.043+05:30  INFO 41816 --- [adata-manager-0] k.c.group.GroupMetadataManager           : [GroupMetadataManager brokerId=0] Finished loading offsets and group metadata from __consumer_offsets-20 in 3 milliseconds for epoch 0, of which 3 milliseconds was spent in the scheduler.
2026-01-30T19:53:45.043+05:30  INFO 41816 --- [adata-manager-0] k.c.group.GroupMetadataManager           : [GroupMetadataManager brokerId=0] Finished loading offsets and group metadata from __consumer_offsets-49 in 3 milliseconds for epoch 0, of which 3 milliseconds was spent in the scheduler.
2026-01-30T19:53:45.043+05:30  INFO 41816 --- [adata-manager-0] k.c.group.GroupMetadataManager           : [GroupMetadataManager brokerId=0] Finished loading offsets and group metadata from __consumer_offsets-0 in 3 milliseconds for epoch 0, of which 3 milliseconds was spent in the scheduler.
2026-01-30T19:53:45.043+05:30  INFO 41816 --- [adata-manager-0] k.c.group.GroupMetadataManager           : [GroupMetadataManager brokerId=0] Finished loading offsets and group metadata from __consumer_offsets-29 in 3 milliseconds for epoch 0, of which 3 milliseconds was spent in the scheduler.
2026-01-30T19:53:45.043+05:30  INFO 41816 --- [adata-manager-0] k.c.group.GroupMetadataManager           : [GroupMetadataManager brokerId=0] Finished loading offsets and group metadata from __consumer_offsets-25 in 3 milliseconds for epoch 0, of which 3 milliseconds was spent in the scheduler.
2026-01-30T19:53:45.043+05:30  INFO 41816 --- [adata-manager-0] k.c.group.GroupMetadataManager           : [GroupMetadataManager brokerId=0] Finished loading offsets and group metadata from __consumer_offsets-8 in 3 milliseconds for epoch 0, of which 3 milliseconds was spent in the scheduler.
2026-01-30T19:53:45.043+05:30  INFO 41816 --- [adata-manager-0] k.c.group.GroupMetadataManager           : [GroupMetadataManager brokerId=0] Finished loading offsets and group metadata from __consumer_offsets-37 in 3 milliseconds for epoch 0, of which 3 milliseconds was spent in the scheduler.
2026-01-30T19:53:45.043+05:30  INFO 41816 --- [adata-manager-0] k.c.group.GroupMetadataManager           : [GroupMetadataManager brokerId=0] Finished loading offsets and group metadata from __consumer_offsets-4 in 3 milliseconds for epoch 0, of which 3 milliseconds was spent in the scheduler.
2026-01-30T19:53:45.043+05:30  INFO 41816 --- [adata-manager-0] k.c.group.GroupMetadataManager           : [GroupMetadataManager brokerId=0] Finished loading offsets and group metadata from __consumer_offsets-33 in 3 milliseconds for epoch 0, of which 3 milliseconds was spent in the scheduler.
2026-01-30T19:53:45.043+05:30  INFO 41816 --- [adata-manager-0] k.c.group.GroupMetadataManager           : [GroupMetadataManager brokerId=0] Finished loading offsets and group metadata from __consumer_offsets-15 in 3 milliseconds for epoch 0, of which 3 milliseconds was spent in the scheduler.
2026-01-30T19:53:45.043+05:30  INFO 41816 --- [adata-manager-0] k.c.group.GroupMetadataManager           : [GroupMetadataManager brokerId=0] Finished loading offsets and group metadata from __consumer_offsets-48 in 3 milliseconds for epoch 0, of which 3 milliseconds was spent in the scheduler.
2026-01-30T19:53:45.043+05:30  INFO 41816 --- [adata-manager-0] k.c.group.GroupMetadataManager           : [GroupMetadataManager brokerId=0] Finished loading offsets and group metadata from __consumer_offsets-11 in 3 milliseconds for epoch 0, of which 3 milliseconds was spent in the scheduler.
2026-01-30T19:53:45.043+05:30  INFO 41816 --- [adata-manager-0] k.c.group.GroupMetadataManager           : [GroupMetadataManager brokerId=0] Finished loading offsets and group metadata from __consumer_offsets-44 in 3 milliseconds for epoch 0, of which 3 milliseconds was spent in the scheduler.
2026-01-30T19:53:45.043+05:30  INFO 41816 --- [adata-manager-0] k.c.group.GroupMetadataManager           : [GroupMetadataManager brokerId=0] Finished loading offsets and group metadata from __consumer_offsets-23 in 3 milliseconds for epoch 0, of which 3 milliseconds was spent in the scheduler.
2026-01-30T19:53:45.043+05:30  INFO 41816 --- [adata-manager-0] k.c.group.GroupMetadataManager           : [GroupMetadataManager brokerId=0] Finished loading offsets and group metadata from __consumer_offsets-19 in 3 milliseconds for epoch 0, of which 3 milliseconds was spent in the scheduler.
2026-01-30T19:53:45.043+05:30  INFO 41816 --- [adata-manager-0] k.c.group.GroupMetadataManager           : [GroupMetadataManager brokerId=0] Finished loading offsets and group metadata from __consumer_offsets-32 in 3 milliseconds for epoch 0, of which 3 milliseconds was spent in the scheduler.
2026-01-30T19:53:45.043+05:30  INFO 41816 --- [adata-manager-0] k.c.group.GroupMetadataManager           : [GroupMetadataManager brokerId=0] Finished loading offsets and group metadata from __consumer_offsets-28 in 3 milliseconds for epoch 0, of which 3 milliseconds was spent in the scheduler.
2026-01-30T19:53:45.043+05:30  INFO 41816 --- [adata-manager-0] k.c.group.GroupMetadataManager           : [GroupMetadataManager brokerId=0] Finished loading offsets and group metadata from __consumer_offsets-7 in 3 milliseconds for epoch 0, of which 3 milliseconds was spent in the scheduler.
2026-01-30T19:53:45.043+05:30  INFO 41816 --- [adata-manager-0] k.c.group.GroupMetadataManager           : [GroupMetadataManager brokerId=0] Finished loading offsets and group metadata from __consumer_offsets-40 in 3 milliseconds for epoch 0, of which 3 milliseconds was spent in the scheduler.
2026-01-30T19:53:45.043+05:30  INFO 41816 --- [adata-manager-0] k.c.group.GroupMetadataManager           : [GroupMetadataManager brokerId=0] Finished loading offsets and group metadata from __consumer_offsets-3 in 3 milliseconds for epoch 0, of which 3 milliseconds was spent in the scheduler.
2026-01-30T19:53:45.043+05:30  INFO 41816 --- [adata-manager-0] k.c.group.GroupMetadataManager           : [GroupMetadataManager brokerId=0] Finished loading offsets and group metadata from __consumer_offsets-36 in 3 milliseconds for epoch 0, of which 3 milliseconds was spent in the scheduler.
2026-01-30T19:53:45.043+05:30  INFO 41816 --- [adata-manager-0] k.c.group.GroupMetadataManager           : [GroupMetadataManager brokerId=0] Finished loading offsets and group metadata from __consumer_offsets-47 in 3 milliseconds for epoch 0, of which 3 milliseconds was spent in the scheduler.
2026-01-30T19:53:45.044+05:30  INFO 41816 --- [adata-manager-0] k.c.group.GroupMetadataManager           : [GroupMetadataManager brokerId=0] Finished loading offsets and group metadata from __consumer_offsets-14 in 4 milliseconds for epoch 0, of which 3 milliseconds was spent in the scheduler.
2026-01-30T19:53:45.044+05:30  INFO 41816 --- [adata-manager-0] k.c.group.GroupMetadataManager           : [GroupMetadataManager brokerId=0] Finished loading offsets and group metadata from __consumer_offsets-43 in 4 milliseconds for epoch 0, of which 4 milliseconds was spent in the scheduler.
2026-01-30T19:53:45.044+05:30  INFO 41816 --- [adata-manager-0] k.c.group.GroupMetadataManager           : [GroupMetadataManager brokerId=0] Finished loading offsets and group metadata from __consumer_offsets-10 in 4 milliseconds for epoch 0, of which 4 milliseconds was spent in the scheduler.
2026-01-30T19:53:45.044+05:30  INFO 41816 --- [adata-manager-0] k.c.group.GroupMetadataManager           : [GroupMetadataManager brokerId=0] Finished loading offsets and group metadata from __consumer_offsets-22 in 4 milliseconds for epoch 0, of which 4 milliseconds was spent in the scheduler.
2026-01-30T19:53:45.044+05:30  INFO 41816 --- [adata-manager-0] k.c.group.GroupMetadataManager           : [GroupMetadataManager brokerId=0] Finished loading offsets and group metadata from __consumer_offsets-18 in 4 milliseconds for epoch 0, of which 4 milliseconds was spent in the scheduler.
2026-01-30T19:53:45.044+05:30  INFO 41816 --- [adata-manager-0] k.c.group.GroupMetadataManager           : [GroupMetadataManager brokerId=0] Finished loading offsets and group metadata from __consumer_offsets-31 in 4 milliseconds for epoch 0, of which 4 milliseconds was spent in the scheduler.
2026-01-30T19:53:45.044+05:30  INFO 41816 --- [adata-manager-0] k.c.group.GroupMetadataManager           : [GroupMetadataManager brokerId=0] Finished loading offsets and group metadata from __consumer_offsets-27 in 4 milliseconds for epoch 0, of which 4 milliseconds was spent in the scheduler.
2026-01-30T19:53:45.044+05:30  INFO 41816 --- [adata-manager-0] k.c.group.GroupMetadataManager           : [GroupMetadataManager brokerId=0] Finished loading offsets and group metadata from __consumer_offsets-39 in 4 milliseconds for epoch 0, of which 4 milliseconds was spent in the scheduler.
2026-01-30T19:53:45.044+05:30  INFO 41816 --- [adata-manager-0] k.c.group.GroupMetadataManager           : [GroupMetadataManager brokerId=0] Finished loading offsets and group metadata from __consumer_offsets-6 in 4 milliseconds for epoch 0, of which 4 milliseconds was spent in the scheduler.
2026-01-30T19:53:45.044+05:30  INFO 41816 --- [adata-manager-0] k.c.group.GroupMetadataManager           : [GroupMetadataManager brokerId=0] Finished loading offsets and group metadata from __consumer_offsets-35 in 4 milliseconds for epoch 0, of which 4 milliseconds was spent in the scheduler.
2026-01-30T19:53:45.044+05:30  INFO 41816 --- [adata-manager-0] k.c.group.GroupMetadataManager           : [GroupMetadataManager brokerId=0] Finished loading offsets and group metadata from __consumer_offsets-2 in 4 milliseconds for epoch 0, of which 4 milliseconds was spent in the scheduler.
2026-01-30T19:53:45.130+05:30  INFO 41816 --- [ntainer#0-0-C-1] o.a.k.c.c.internals.ConsumerCoordinator  : [Consumer clientId=consumer-midas-core-group-1, groupId=midas-core-group] Discovered group coordinator localhost:60622 (id: 2147483647 rack: null)
2026-01-30T19:53:45.130+05:30  INFO 41816 --- [ntainer#0-0-C-1] o.a.k.c.c.internals.ConsumerCoordinator  : [Consumer clientId=consumer-midas-core-group-1, groupId=midas-core-group] Request joining group due to: rebalance failed due to 'This is not the correct coordinator.' (NotCoordinatorException)
2026-01-30T19:53:45.130+05:30  INFO 41816 --- [ntainer#0-0-C-1] o.a.k.c.c.internals.ConsumerCoordinator  : [Consumer clientId=consumer-midas-core-group-1, groupId=midas-core-group] (Re-)joining group
2026-01-30T19:53:45.134+05:30  INFO 41816 --- [quest-handler-3] k.coordinator.group.GroupCoordinator     : [GroupCoordinator 0]: Dynamic member with unknown member id joins group midas-core-group in Empty state. Created a new member id consumer-midas-core-group-1-1b58b229-00fd-4246-834e-82209ed7d99c and request the member to rejoin with this id.
2026-01-30T19:53:45.136+05:30  INFO 41816 --- [ntainer#0-0-C-1] o.a.k.c.c.internals.ConsumerCoordinator  : [Consumer clientId=consumer-midas-core-group-1, groupId=midas-core-group] Request joining group due to: need to re-join with the given member-id: consumer-midas-core-group-1-1b58b229-00fd-4246-834e-82209ed7d99c
2026-01-30T19:53:45.136+05:30  INFO 41816 --- [ntainer#0-0-C-1] o.a.k.c.c.internals.ConsumerCoordinator  : [Consumer clientId=consumer-midas-core-group-1, groupId=midas-core-group] Request joining group due to: rebalance failed due to 'The group member needs to have a valid member id before actually entering a consumer group.' (MemberIdRequiredException)
2026-01-30T19:53:45.136+05:30  INFO 41816 --- [ntainer#0-0-C-1] o.a.k.c.c.internals.ConsumerCoordinator  : [Consumer clientId=consumer-midas-core-group-1, groupId=midas-core-group] (Re-)joining group
2026-01-30T19:53:45.138+05:30  INFO 41816 --- [quest-handler-6] k.coordinator.group.GroupCoordinator     : [GroupCoordinator 0]: Preparing to rebalance group midas-core-group in state PreparingRebalance with old generation 0 (__consumer_offsets-2) (reason: Adding new member consumer-midas-core-group-1-1b58b229-00fd-4246-834e-82209ed7d99c with group instance id None; client reason: rebalance failed due to MemberIdRequiredException)
2026-01-30T19:53:45.140+05:30  INFO 41816 --- [cutor-Rebalance] k.coordinator.group.GroupCoordinator     : [GroupCoordinator 0]: Stabilized group midas-core-group generation 1 (__consumer_offsets-2) with 1 members
2026-01-30T19:53:45.141+05:30  INFO 41816 --- [ntainer#0-0-C-1] o.a.k.c.c.internals.ConsumerCoordinator  : [Consumer clientId=consumer-midas-core-group-1, groupId=midas-core-group] Successfully joined group with generation Generation{generationId=1, memberId='consumer-midas-core-group-1-1b58b229-00fd-4246-834e-82209ed7d99c', protocol='range'}
2026-01-30T19:53:45.143+05:30  INFO 41816 --- [ntainer#0-0-C-1] o.a.k.c.c.internals.ConsumerCoordinator  : [Consumer clientId=consumer-midas-core-group-1, groupId=midas-core-group] Finished assignment for group at generation 1: {consumer-midas-core-group-1-1b58b229-00fd-4246-834e-82209ed7d99c=Assignment(partitions=[trader-updates-0])}
2026-01-30T19:53:45.145+05:30  INFO 41816 --- [quest-handler-2] k.coordinator.group.GroupCoordinator     : [GroupCoordinator 0]: Assignment received from leader consumer-midas-core-group-1-1b58b229-00fd-4246-834e-82209ed7d99c for group midas-core-group for generation 1. The group has 1 members, 0 of which are static.
2026-01-30T19:53:45.151+05:30  INFO 41816 --- [ntainer#0-0-C-1] o.a.k.c.c.internals.ConsumerCoordinator  : [Consumer clientId=consumer-midas-core-group-1, groupId=midas-core-group] Successfully synced group in generation Generation{generationId=1, memberId='consumer-midas-core-group-1-1b58b229-00fd-4246-834e-82209ed7d99c', protocol='range'}
2026-01-30T19:53:45.151+05:30  INFO 41816 --- [ntainer#0-0-C-1] o.a.k.c.c.internals.ConsumerCoordinator  : [Consumer clientId=consumer-midas-core-group-1, groupId=midas-core-group] Notifying assignor about the new Assignment(partitions=[trader-updates-0])
2026-01-30T19:53:45.151+05:30  INFO 41816 --- [ntainer#0-0-C-1] o.a.k.c.c.internals.ConsumerCoordinator  : [Consumer clientId=consumer-midas-core-group-1, groupId=midas-core-group] Adding newly assigned partitions: trader-updates-0
2026-01-30T19:53:45.154+05:30  INFO 41816 --- [ntainer#0-0-C-1] o.a.k.c.c.internals.ConsumerCoordinator  : [Consumer clientId=consumer-midas-core-group-1, groupId=midas-core-group] Found no committed offset for partition trader-updates-0
2026-01-30T19:53:45.156+05:30  INFO 41816 --- [ntainer#0-0-C-1] o.a.k.c.c.internals.ConsumerCoordinator  : [Consumer clientId=consumer-midas-core-group-1, groupId=midas-core-group] Found no committed offset for partition trader-updates-0
2026-01-30T19:53:45.159+05:30  INFO 41816 --- [ntainer#0-0-C-1] o.a.k.c.c.internals.SubscriptionState    : [Consumer clientId=consumer-midas-core-group-1, groupId=midas-core-group] Resetting offset for partition trader-updates-0 to position FetchPosition{offset=22, offsetEpoch=Optional.empty, currentLeader=LeaderAndEpoch{leader=Optional[localhost:60622 (id: 0 rack: null)], epoch=0}}.
2026-01-30T19:53:45.166+05:30  INFO 41816 --- [ntainer#0-0-C-1] o.s.k.l.KafkaMessageListenerContainer    : midas-core-group: partitions assigned: [trader-updates-0]
2026-01-30T19:53:46.918+05:30  INFO 41816 --- [           main] com.jpmc.midascore.TaskThreeTests        : ----------------------------------------------------------
2026-01-30T19:53:46.919+05:30  INFO 41816 --- [           main] com.jpmc.midascore.TaskThreeTests        : ----------------------------------------------------------
2026-01-30T19:53:46.919+05:30  INFO 41816 --- [           main] com.jpmc.midascore.TaskThreeTests        : ----------------------------------------------------------
2026-01-30T19:53:47.012+05:30  INFO 41816 --- [           main] com.jpmc.midascore.TaskThreeTests        : WALDORF'S BALANCE: 444
2026-01-30T19:53:47.012+05:30  INFO 41816 --- [           main] com.jpmc.midascore.TaskThreeTests        : WALDORF'S BALANCE (float): 444.55
2026-01-30T19:53:47.012+05:30  INFO 41816 --- [           main] com.jpmc.midascore.TaskThreeTests        : use your debugger to find out what waldorf's balance is after all transactions are processed
2026-01-30T19:53:47.012+05:30  INFO 41816 --- [           main] com.jpmc.midascore.TaskThreeTests        : kill this test once you find the answer
2026-01-30T19:54:07.017+05:30  INFO 41816 --- [           main] com.jpmc.midascore.TaskThreeTests        : ...
2026-01-30T19:54:27.050+05:30  INFO 41816 --- [           main] com.jpmc.midascore.TaskThreeTests        : ...
2026-01-30T19:54:47.057+05:30  INFO 41816 --- [           main] com.jpmc.midascore.TaskThreeTests        : ...
2026-01-30T19:55:07.058+05:30  INFO 41816 --- [           main] com.jpmc.midascore.TaskThreeTests        : ...
2026-01-30T19:55:27.065+05:30  INFO 41816 --- [           main] com.jpmc.midascore.TaskThreeTests        : ...
2026-01-30T19:55:47.068+05:30  INFO 41816 --- [           main] com.jpmc.midascore.TaskThreeTests        : ...
2026-01-30T19:56:07.070+05:30  INFO 41816 --- [           main] com.jpmc.midascore.TaskThreeTests        : ...
2026-01-30T19:56:27.076+05:30  INFO 41816 --- [           main] com.jpmc.midascore.TaskThreeTests        : ...
2026-01-30T19:56:47.079+05:30  INFO 41816 --- [           main] com.jpmc.midascore.TaskThreeTests        : ...
2026-01-30T19:57:07.085+05:30  INFO 41816 --- [           main] com.jpmc.midascore.TaskThreeTests        : ...
2026-01-30T19:57:27.086+05:30  INFO 41816 --- [           main] com.jpmc.midascore.TaskThreeTests        : ...
2026-01-30T19:57:47.092+05:30  INFO 41816 --- [           main] com.jpmc.midascore.TaskThreeTests        : ...
2026-01-30T19:58:07.098+05:30  INFO 41816 --- [           main] com.jpmc.midascore.TaskThreeTests        : ...
2026-01-30T19:58:27.104+05:30  INFO 41816 --- [           main] com.jpmc.midascore.TaskThreeTests        : ...
2026-01-30T19:58:47.111+05:30  INFO 41816 --- [           main] com.jpmc.midascore.TaskThreeTests        : ...
2026-01-30T19:59:07.118+05:30  INFO 41816 --- [           main] com.jpmc.midascore.TaskThreeTests        : ...
2026-01-30T19:59:27.121+05:30  INFO 41816 --- [           main] com.jpmc.midascore.TaskThreeTests        : ...
2026-01-30T19:59:47.128+05:30  INFO 41816 --- [           main] com.jpmc.midascore.TaskThreeTests        : ...
2026-01-30T20:00:07.138+05:30  INFO 41816 --- [           main] com.jpmc.midascore.TaskThreeTests        : ...
2026-01-30T20:00:27.157+05:30  INFO 41816 --- [           main] com.jpmc.midascore.TaskThreeTests        : ...
2026-01-30T20:00:47.163+05:30  INFO 41816 --- [           main] com.jpmc.midascore.TaskThreeTests        : ...
2026-01-30T20:01:07.167+05:30  INFO 41816 --- [           main] com.jpmc.midascore.TaskThreeTests        : ...
2026-01-30T20:01:27.173+05:30  INFO 41816 --- [           main] com.jpmc.midascore.TaskThreeTests        : ...
2026-01-30T20:01:47.181+05:30  INFO 41816 --- [           main] com.jpmc.midascore.TaskThreeTests        : ...
2026-01-30T20:02:07.183+05:30  INFO 41816 --- [           main] com.jpmc.midascore.TaskThreeTests        : ...
2026-01-30T20:02:27.189+05:30  INFO 41816 --- [           main] com.jpmc.midascore.TaskThreeTests        : ...
2026-01-30T20:02:44.776+05:30  INFO 41816 --- [ntainer#0-0-C-1] org.apache.kafka.clients.NetworkClient   : [Consumer clientId=consumer-midas-core-group-1, groupId=midas-core-group] Node -1 disconnected.
2026-01-30T20:02:44.934+05:30  INFO 41816 --- [ad | producer-1] org.apache.kafka.clients.NetworkClient   : [Producer clientId=producer-1] Node -1 disconnected.
2026-01-30T20:02:47.194+05:30  INFO 41816 --- [           main] com.jpmc.midascore.TaskThreeTests        : ...
2026-01-30T20:03:07.199+05:30  INFO 41816 --- [           main] com.jpmc.midascore.TaskThreeTests        : ...
2026-01-30T20:03:27.200+05:30  INFO 41816 --- [           main] com.jpmc.midascore.TaskThreeTests        : ...
2026-01-30T20:03:45.118+05:30  INFO 41816 --- [channel-manager] org.apache.kafka.clients.NetworkClient   : [BrokerToControllerChannelManager id=0 name=forwarding] Node 0 disconnected.
2026-01-30T20:03:47.205+05:30  INFO 41816 --- [           main] com.jpmc.midascore.TaskThreeTests        : ...
2026-01-30T20:04:07.210+05:30  INFO 41816 --- [           main] com.jpmc.midascore.TaskThreeTests        : ...
2026-01-30T20:19:45.216+05:30  INFO 41816 --- [idas-core-group] o.a.k.c.c.internals.ConsumerCoordinator  : [Consumer clientId=consumer-midas-core-group-1, groupId=midas-core-group] Group coordinator localhost:60622 (id: 2147483647 rack: null) is unavailable or invalid due to cause: session timed out without receiving a heartbeat response. isDisconnected: false. Rediscovery will be attempted.
2026-01-30T20:19:45.216+05:30  INFO 41816 --- [idas-core-group] o.a.k.c.c.internals.ConsumerCoordinator  : [Consumer clientId=consumer-midas-core-group-1, groupId=midas-core-group] Requesting disconnect from last known coordinator localhost:60622 (id: 2147483647 rack: null)
2026-01-30T20:19:45.216+05:30  INFO 41816 --- [idas-core-group] org.apache.kafka.clients.NetworkClient   : [Consumer clientId=consumer-midas-core-group-1, groupId=midas-core-group] Client requested disconnect from node 2147483647
2026-01-30T20:19:45.222+05:30  INFO 41816 --- [ntainer#0-0-C-1] o.a.k.c.c.internals.ConsumerCoordinator  : [Consumer clientId=consumer-midas-core-group-1, groupId=midas-core-group] Discovered group coordinator localhost:60622 (id: 2147483647 rack: null)
2026-01-30T20:19:45.223+05:30  INFO 41816 --- [ntainer#0-0-C-1] o.a.k.c.c.internals.ConsumerCoordinator  : [Consumer clientId=consumer-midas-core-group-1, groupId=midas-core-group] Group coordinator localhost:60622 (id: 2147483647 rack: null) is unavailable or invalid due to cause: coordinator unavailable. isDisconnected: false. Rediscovery will be attempted.
2026-01-30T20:19:45.223+05:30  INFO 41816 --- [ntainer#0-0-C-1] o.a.k.c.c.internals.ConsumerCoordinator  : [Consumer clientId=consumer-midas-core-group-1, groupId=midas-core-group] Requesting disconnect from last known coordinator localhost:60622 (id: 2147483647 rack: null)
2026-01-30T20:19:45.339+05:30  INFO 41816 --- [ntainer#0-0-C-1] o.a.k.c.c.internals.ConsumerCoordinator  : [Consumer clientId=consumer-midas-core-group-1, groupId=midas-core-group] Discovered group coordinator localhost:60622 (id: 2147483647 rack: null)
2026-01-30T20:19:52.937+05:30  INFO 41816 --- [           main] com.jpmc.midascore.TaskThreeTests        : ...
2026-01-30T20:20:58.621+05:30  WARN 41816 --- [l-1 housekeeper] com.zaxxer.hikari.pool.HikariPool        : HikariPool-1 - Thread starvation or clock leap detected (housekeeper delta=16m44s529ms).
2026-01-30T20:21:26.647+05:30  INFO 41816 --- [           main] com.jpmc.midascore.TaskThreeTests        : ...
2026-01-30T20:22:11.552+05:30  INFO 41816 --- [           main] com.jpmc.midascore.TaskThreeTests        : ...
2026-01-30T20:22:18.431+05:30  WARN 41816 --- [l-1 housekeeper] com.zaxxer.hikari.pool.HikariPool        : HikariPool-1 - Thread starvation or clock leap detected (housekeeper delta=1m19s815ms).
2026-01-30T20:39:40.342+05:30  INFO 41816 --- [ntainer#0-0-C-1] org.apache.kafka.clients.NetworkClient   : [Consumer clientId=consumer-midas-core-group-1, groupId=midas-core-group] Disconnecting from node 0 due to request timeout.
2026-01-30T20:39:40.343+05:30  INFO 41816 --- [ntainer#0-0-C-1] org.apache.kafka.clients.NetworkClient   : [Consumer clientId=consumer-midas-core-group-1, groupId=midas-core-group] Cancelled in-flight FETCH request with correlation id 1642 due to node 0 being disconnected (elapsed time since creation: 1038164ms, elapsed time since send: 1038164ms, request timeout: 30000ms)
2026-01-30T20:39:40.407+05:30  INFO 41816 --- [idas-core-group] o.a.k.c.c.internals.ConsumerCoordinator  : [Consumer clientId=consumer-midas-core-group-1, groupId=midas-core-group] Group coordinator localhost:60622 (id: 2147483647 rack: null) is unavailable or invalid due to cause: session timed out without receiving a heartbeat response. isDisconnected: false. Rediscovery will be attempted.
2026-01-30T20:39:40.407+05:30  INFO 41816 --- [idas-core-group] o.a.k.c.c.internals.ConsumerCoordinator  : [Consumer clientId=consumer-midas-core-group-1, groupId=midas-core-group] Requesting disconnect from last known coordinator localhost:60622 (id: 2147483647 rack: null)
2026-01-30T20:39:40.409+05:30  INFO 41816 --- [idas-core-group] org.apache.kafka.clients.NetworkClient   : [Consumer clientId=consumer-midas-core-group-1, groupId=midas-core-group] Client requested disconnect from node 2147483647
2026-01-30T20:39:40.408+05:30  INFO 41816 --- [ntainer#0-0-C-1] o.a.kafka.clients.FetchSessionHandler    : [Consumer clientId=consumer-midas-core-group-1, groupId=midas-core-group] Error sending fetch request (sessionId=2081680523, epoch=1373) to node 0:

org.apache.kafka.common.errors.DisconnectException: null

2026-01-30T20:39:40.474+05:30  INFO 41816 --- [ntainer#0-0-C-1] o.a.k.c.c.internals.ConsumerCoordinator  : [Consumer clientId=consumer-midas-core-group-1, groupId=midas-core-group] Discovered group coordinator localhost:60622 (id: 2147483647 rack: null)
2026-01-30T20:40:14.373+05:30  INFO 41816 --- [           main] com.jpmc.midascore.TaskThreeTests        : ...
2026-01-30T20:41:21.082+05:30  WARN 41816 --- [l-1 housekeeper] com.zaxxer.hikari.pool.HikariPool        : HikariPool-1 - Thread starvation or clock leap detected (housekeeper delta=19m2s651ms).
2026-01-30T20:41:49.106+05:30  INFO 41816 --- [           main] com.jpmc.midascore.TaskThreeTests        : ...
2026-01-30T20:57:27.051+05:30  INFO 41816 --- [idas-core-group] o.a.k.c.c.internals.ConsumerCoordinator  : [Consumer clientId=consumer-midas-core-group-1, groupId=midas-core-group] Group coordinator localhost:60622 (id: 2147483647 rack: null) is unavailable or invalid due to cause: session timed out without receiving a heartbeat response. isDisconnected: false. Rediscovery will be attempted.
2026-01-30T20:57:27.052+05:30  INFO 41816 --- [idas-core-group] o.a.k.c.c.internals.ConsumerCoordinator  : [Consumer clientId=consumer-midas-core-group-1, groupId=midas-core-group] Requesting disconnect from last known coordinator localhost:60622 (id: 2147483647 rack: null)
2026-01-30T20:57:27.052+05:30  INFO 41816 --- [idas-core-group] org.apache.kafka.clients.NetworkClient   : [Consumer clientId=consumer-midas-core-group-1, groupId=midas-core-group] Client requested disconnect from node 2147483647
2026-01-30T20:57:27.053+05:30  INFO 41816 --- [ntainer#0-0-C-1] o.a.k.c.c.internals.ConsumerCoordinator  : [Consumer clientId=consumer-midas-core-group-1, groupId=midas-core-group] Discovered group coordinator localhost:60622 (id: 2147483647 rack: null)
2026-01-30T20:57:27.053+05:30  INFO 41816 --- [ntainer#0-0-C-1] o.a.k.c.c.internals.ConsumerCoordinator  : [Consumer clientId=consumer-midas-core-group-1, groupId=midas-core-group] Group coordinator localhost:60622 (id: 2147483647 rack: null) is unavailable or invalid due to cause: coordinator unavailable. isDisconnected: false. Rediscovery will be attempted.
2026-01-30T20:57:27.053+05:30  INFO 41816 --- [ntainer#0-0-C-1] o.a.k.c.c.internals.ConsumerCoordinator  : [Consumer clientId=consumer-midas-core-group-1, groupId=midas-core-group] Requesting disconnect from last known coordinator localhost:60622 (id: 2147483647 rack: null)
2026-01-30T20:57:27.159+05:30  INFO 41816 --- [ntainer#0-0-C-1] o.a.k.c.c.internals.ConsumerCoordinator  : [Consumer clientId=consumer-midas-core-group-1, groupId=midas-core-group] Discovered group coordinator localhost:60622 (id: 2147483647 rack: null)
2026-01-30T20:58:04.393+05:30  INFO 41816 --- [           main] com.jpmc.midascore.TaskThreeTests        : ...
2026-01-30T20:58:11.273+05:30  WARN 41816 --- [l-1 housekeeper] com.zaxxer.hikari.pool.HikariPool        : HikariPool-1 - Thread starvation or clock leap detected (housekeeper delta=16m50s191ms).
2026-01-30T21:14:14.589+05:30  INFO 41816 --- [idas-core-group] o.a.k.c.c.internals.ConsumerCoordinator  : [Consumer clientId=consumer-midas-core-group-1, groupId=midas-core-group] Group coordinator localhost:60622 (id: 2147483647 rack: null) is unavailable or invalid due to cause: session timed out without receiving a heartbeat response. isDisconnected: false. Rediscovery will be attempted.
2026-01-30T21:14:14.589+05:30  INFO 41816 --- [idas-core-group] o.a.k.c.c.internals.ConsumerCoordinator  : [Consumer clientId=consumer-midas-core-group-1, groupId=midas-core-group] Requesting disconnect from last known coordinator localhost:60622 (id: 2147483647 rack: null)
2026-01-30T21:14:14.589+05:30  INFO 41816 --- [idas-core-group] org.apache.kafka.clients.NetworkClient   : [Consumer clientId=consumer-midas-core-group-1, groupId=midas-core-group] Client requested disconnect from node 2147483647
2026-01-30T21:14:14.592+05:30  INFO 41816 --- [ntainer#0-0-C-1] o.a.k.c.c.internals.ConsumerCoordinator  : [Consumer clientId=consumer-midas-core-group-1, groupId=midas-core-group] Discovered group coordinator localhost:60622 (id: 2147483647 rack: null)
2026-01-30T21:14:14.592+05:30  INFO 41816 --- [ntainer#0-0-C-1] o.a.k.c.c.internals.ConsumerCoordinator  : [Consumer clientId=consumer-midas-core-group-1, groupId=midas-core-group] Group coordinator localhost:60622 (id: 2147483647 rack: null) is unavailable or invalid due to cause: coordinator unavailable. isDisconnected: false. Rediscovery will be attempted.
2026-01-30T21:14:14.592+05:30  INFO 41816 --- [ntainer#0-0-C-1] o.a.k.c.c.internals.ConsumerCoordinator  : [Consumer clientId=consumer-midas-core-group-1, groupId=midas-core-group] Requesting disconnect from last known coordinator localhost:60622 (id: 2147483647 rack: null)
2026-01-30T21:14:14.702+05:30  INFO 41816 --- [ntainer#0-0-C-1] o.a.k.c.c.internals.ConsumerCoordinator  : [Consumer clientId=consumer-midas-core-group-1, groupId=midas-core-group] Discovered group coordinator localhost:60622 (id: 2147483647 rack: null)
2026-01-30T21:14:15.060+05:30  INFO 41816 --- [           main] com.jpmc.midascore.TaskThreeTests        : ...
2026-01-30T21:15:21.726+05:30  WARN 41816 --- [l-1 housekeeper] com.zaxxer.hikari.pool.HikariPool        : HikariPool-1 - Thread starvation or clock leap detected (housekeeper delta=17m10s453ms).
2026-01-30T21:15:24.850+05:30  INFO 41816 --- [           main] com.jpmc.midascore.TaskThreeTests        : ...
2026-01-30T21:31:23.639+05:30  INFO 41816 --- [idas-core-group] o.a.k.c.c.internals.ConsumerCoordinator  : [Consumer clientId=consumer-midas-core-group-1, groupId=midas-core-group] Group coordinator localhost:60622 (id: 2147483647 rack: null) is unavailable or invalid due to cause: session timed out without receiving a heartbeat response. isDisconnected: false. Rediscovery will be attempted.
2026-01-30T21:31:23.640+05:30  INFO 41816 --- [idas-core-group] o.a.k.c.c.internals.ConsumerCoordinator  : [Consumer clientId=consumer-midas-core-group-1, groupId=midas-core-group] Requesting disconnect from last known coordinator localhost:60622 (id: 2147483647 rack: null)
2026-01-30T21:31:23.641+05:30  INFO 41816 --- [idas-core-group] org.apache.kafka.clients.NetworkClient   : [Consumer clientId=consumer-midas-core-group-1, groupId=midas-core-group] Client requested disconnect from node 2147483647
2026-01-30T21:31:23.647+05:30  INFO 41816 --- [ntainer#0-0-C-1] o.a.k.c.c.internals.ConsumerCoordinator  : [Consumer clientId=consumer-midas-core-group-1, groupId=midas-core-group] Discovered group coordinator localhost:60622 (id: 2147483647 rack: null)
2026-01-30T21:31:23.648+05:30  INFO 41816 --- [ntainer#0-0-C-1] o.a.k.c.c.internals.ConsumerCoordinator  : [Consumer clientId=consumer-midas-core-group-1, groupId=midas-core-group] Group coordinator localhost:60622 (id: 2147483647 rack: null) is unavailable or invalid due to cause: coordinator unavailable. isDisconnected: false. Rediscovery will be attempted.
2026-01-30T21:31:23.648+05:30  INFO 41816 --- [ntainer#0-0-C-1] o.a.k.c.c.internals.ConsumerCoordinator  : [Consumer clientId=consumer-midas-core-group-1, groupId=midas-core-group] Requesting disconnect from last known coordinator localhost:60622 (id: 2147483647 rack: null)
2026-01-30T21:31:23.755+05:30  INFO 41816 --- [ntainer#0-0-C-1] o.a.k.c.c.internals.ConsumerCoordinator  : [Consumer clientId=consumer-midas-core-group-1, groupId=midas-core-group] Discovered group coordinator localhost:60622 (id: 2147483647 rack: null)
2026-01-30T21:31:59.588+05:30  INFO 41816 --- [           main] com.jpmc.midascore.TaskThreeTests        : ...
2026-01-30T21:32:31.370+05:30  WARN 41816 --- [l-1 housekeeper] com.zaxxer.hikari.pool.HikariPool        : HikariPool-1 - Thread starvation or clock leap detected (housekeeper delta=17m9s644ms).
2026-01-30T21:33:34.317+05:30  INFO 41816 --- [           main] com.jpmc.midascore.TaskThreeTests        : ...
2026-01-30T21:33:51.189+05:30  WARN 41816 --- [l-1 housekeeper] com.zaxxer.hikari.pool.HikariPool        : HikariPool-1 - Thread starvation or clock leap detected (housekeeper delta=1m19s819ms).
2026-01-30T21:33:54.322+05:30  INFO 41816 --- [           main] com.jpmc.midascore.TaskThreeTests        : ...
2026-01-30T21:51:09.332+05:30  INFO 41816 --- [idas-core-group] o.a.k.c.c.internals.ConsumerCoordinator  : [Consumer clientId=consumer-midas-core-group-1, groupId=midas-core-group] Group coordinator localhost:60622 (id: 2147483647 rack: null) is unavailable or invalid due to cause: session timed out without receiving a heartbeat response. isDisconnected: false. Rediscovery will be attempted.
2026-01-30T21:51:09.332+05:30  INFO 41816 --- [idas-core-group] o.a.k.c.c.internals.ConsumerCoordinator  : [Consumer clientId=consumer-midas-core-group-1, groupId=midas-core-group] Requesting disconnect from last known coordinator localhost:60622 (id: 2147483647 rack: null)
2026-01-30T21:51:09.333+05:30  INFO 41816 --- [idas-core-group] org.apache.kafka.clients.NetworkClient   : [Consumer clientId=consumer-midas-core-group-1, groupId=midas-core-group] Client requested disconnect from node 2147483647
2026-01-30T21:51:09.341+05:30  INFO 41816 --- [ntainer#0-0-C-1] o.a.k.c.c.internals.ConsumerCoordinator  : [Consumer clientId=consumer-midas-core-group-1, groupId=midas-core-group] Discovered group coordinator localhost:60622 (id: 2147483647 rack: null)
2026-01-30T21:51:09.341+05:30  INFO 41816 --- [ntainer#0-0-C-1] o.a.k.c.c.internals.ConsumerCoordinator  : [Consumer clientId=consumer-midas-core-group-1, groupId=midas-core-group] Group coordinator localhost:60622 (id: 2147483647 rack: null) is unavailable or invalid due to cause: coordinator unavailable. isDisconnected: false. Rediscovery will be attempted.
2026-01-30T21:51:09.341+05:30  INFO 41816 --- [ntainer#0-0-C-1] o.a.k.c.c.internals.ConsumerCoordinator  : [Consumer clientId=consumer-midas-core-group-1, groupId=midas-core-group] Requesting disconnect from last known coordinator localhost:60622 (id: 2147483647 rack: null)
2026-01-30T21:51:09.446+05:30  INFO 41816 --- [ntainer#0-0-C-1] o.a.k.c.c.internals.ConsumerCoordinator  : [Consumer clientId=consumer-midas-core-group-1, groupId=midas-core-group] Discovered group coordinator localhost:60622 (id: 2147483647 rack: null)
2026-01-30T21:52:16.393+05:30  INFO 41816 --- [           main] com.jpmc.midascore.TaskThreeTests        : ...
2026-01-30T21:52:48.178+05:30  WARN 41816 --- [l-1 housekeeper] com.zaxxer.hikari.pool.HikariPool        : HikariPool-1 - Thread starvation or clock leap detected (housekeeper delta=18m56s989ms).
2026-01-30T21:53:50.116+05:30  INFO 41816 --- [           main] com.jpmc.midascore.TaskThreeTests        : ...
2026-01-30T22:05:12.322+05:30  INFO 41816 --- [idas-core-group] o.a.k.c.c.internals.ConsumerCoordinator  : [Consumer clientId=consumer-midas-core-group-1, groupId=midas-core-group] Group coordinator localhost:60622 (id: 2147483647 rack: null) is unavailable or invalid due to cause: session timed out without receiving a heartbeat response. isDisconnected: false. Rediscovery will be attempted.
2026-01-30T22:05:12.322+05:30  INFO 41816 --- [idas-core-group] o.a.k.c.c.internals.ConsumerCoordinator  : [Consumer clientId=consumer-midas-core-group-1, groupId=midas-core-group] Requesting disconnect from last known coordinator localhost:60622 (id: 2147483647 rack: null)
2026-01-30T22:05:12.323+05:30  INFO 41816 --- [idas-core-group] org.apache.kafka.clients.NetworkClient   : [Consumer clientId=consumer-midas-core-group-1, groupId=midas-core-group] Client requested disconnect from node 2147483647
2026-01-30T22:05:12.325+05:30  INFO 41816 --- [ntainer#0-0-C-1] o.a.k.c.c.internals.ConsumerCoordinator  : [Consumer clientId=consumer-midas-core-group-1, groupId=midas-core-group] Discovered group coordinator localhost:60622 (id: 2147483647 rack: null)
2026-01-30T22:05:12.325+05:30  INFO 41816 --- [ntainer#0-0-C-1] o.a.k.c.c.internals.ConsumerCoordinator  : [Consumer clientId=consumer-midas-core-group-1, groupId=midas-core-group] Group coordinator localhost:60622 (id: 2147483647 rack: null) is unavailable or invalid due to cause: coordinator unavailable. isDisconnected: false. Rediscovery will be attempted.
2026-01-30T22:05:12.325+05:30  INFO 41816 --- [ntainer#0-0-C-1] o.a.k.c.c.internals.ConsumerCoordinator  : [Consumer clientId=consumer-midas-core-group-1, groupId=midas-core-group] Requesting disconnect from last known coordinator localhost:60622 (id: 2147483647 rack: null)
2026-01-30T22:05:12.445+05:30  INFO 41816 --- [ntainer#0-0-C-1] o.a.k.c.c.internals.ConsumerCoordinator  : [Consumer clientId=consumer-midas-core-group-1, groupId=midas-core-group] Discovered group coordinator localhost:60622 (id: 2147483647 rack: null)
2026-01-30T22:22:27.533+05:30  INFO 41816 --- [idas-core-group] o.a.k.c.c.internals.ConsumerCoordinator  : [Consumer clientId=consumer-midas-core-group-1, groupId=midas-core-group] Group coordinator localhost:60622 (id: 2147483647 rack: null) is unavailable or invalid due to cause: session timed out without receiving a heartbeat response. isDisconnected: false. Rediscovery will be attempted.
2026-01-30T22:22:27.533+05:30  INFO 41816 --- [idas-core-group] o.a.k.c.c.internals.ConsumerCoordinator  : [Consumer clientId=consumer-midas-core-group-1, groupId=midas-core-group] Requesting disconnect from last known coordinator localhost:60622 (id: 2147483647 rack: null)
2026-01-30T22:22:27.533+05:30  INFO 41816 --- [idas-core-group] org.apache.kafka.clients.NetworkClient   : [Consumer clientId=consumer-midas-core-group-1, groupId=midas-core-group] Client requested disconnect from node 2147483647
2026-01-30T22:22:27.535+05:30  INFO 41816 --- [ntainer#0-0-C-1] o.a.k.c.c.internals.ConsumerCoordinator  : [Consumer clientId=consumer-midas-core-group-1, groupId=midas-core-group] Discovered group coordinator localhost:60622 (id: 2147483647 rack: null)
2026-01-30T22:22:27.535+05:30  INFO 41816 --- [ntainer#0-0-C-1] o.a.k.c.c.internals.ConsumerCoordinator  : [Consumer clientId=consumer-midas-core-group-1, groupId=midas-core-group] Group coordinator localhost:60622 (id: 2147483647 rack: null) is unavailable or invalid due to cause: coordinator unavailable. isDisconnected: false. Rediscovery will be attempted.
2026-01-30T22:22:27.535+05:30  INFO 41816 --- [ntainer#0-0-C-1] o.a.k.c.c.internals.ConsumerCoordinator  : [Consumer clientId=consumer-midas-core-group-1, groupId=midas-core-group] Requesting disconnect from last known coordinator localhost:60622 (id: 2147483647 rack: null)
2026-01-30T22:22:27.639+05:30  INFO 41816 --- [ntainer#0-0-C-1] o.a.k.c.c.internals.ConsumerCoordinator  : [Consumer clientId=consumer-midas-core-group-1, groupId=midas-core-group] Discovered group coordinator localhost:60622 (id: 2147483647 rack: null)
2026-01-30T22:22:30.932+05:30  WARN 41816 --- [l-1 housekeeper] com.zaxxer.hikari.pool.HikariPool        : HikariPool-1 - Thread starvation or clock leap detected (housekeeper delta=29m42s753ms).
2026-01-30T22:22:34.074+05:30  INFO 41816 --- [           main] com.jpmc.midascore.TaskThreeTests        : ...
2026-01-30T22:24:08.780+05:30  INFO 41816 --- [           main] com.jpmc.midascore.TaskThreeTests        : ...
2026-01-30T22:24:40.557+05:30  WARN 41816 --- [l-1 housekeeper] com.zaxxer.hikari.pool.HikariPool        : HikariPool-1 - Thread starvation or clock leap detected (housekeeper delta=2m9s626ms).
2026-01-30T22:40:18.139+05:30  INFO 41816 --- [idas-core-group] o.a.k.c.c.internals.ConsumerCoordinator  : [Consumer clientId=consumer-midas-core-group-1, groupId=midas-core-group] Group coordinator localhost:60622 (id: 2147483647 rack: null) is unavailable or invalid due to cause: session timed out without receiving a heartbeat response. isDisconnected: false. Rediscovery will be attempted.
2026-01-30T22:40:18.139+05:30  INFO 41816 --- [idas-core-group] o.a.k.c.c.internals.ConsumerCoordinator  : [Consumer clientId=consumer-midas-core-group-1, groupId=midas-core-group] Requesting disconnect from last known coordinator localhost:60622 (id: 2147483647 rack: null)
2026-01-30T22:40:18.139+05:30  INFO 41816 --- [idas-core-group] org.apache.kafka.clients.NetworkClient   : [Consumer clientId=consumer-midas-core-group-1, groupId=midas-core-group] Client requested disconnect from node 2147483647
2026-01-30T22:40:18.142+05:30  INFO 41816 --- [ntainer#0-0-C-1] o.a.k.c.c.internals.ConsumerCoordinator  : [Consumer clientId=consumer-midas-core-group-1, groupId=midas-core-group] Discovered group coordinator localhost:60622 (id: 2147483647 rack: null)
2026-01-30T22:40:18.142+05:30  INFO 41816 --- [ntainer#0-0-C-1] o.a.k.c.c.internals.ConsumerCoordinator  : [Consumer clientId=consumer-midas-core-group-1, groupId=midas-core-group] Group coordinator localhost:60622 (id: 2147483647 rack: null) is unavailable or invalid due to cause: coordinator unavailable. isDisconnected: false. Rediscovery will be attempted.
2026-01-30T22:40:18.142+05:30  INFO 41816 --- [ntainer#0-0-C-1] o.a.k.c.c.internals.ConsumerCoordinator  : [Consumer clientId=consumer-midas-core-group-1, groupId=midas-core-group] Requesting disconnect from last known coordinator localhost:60622 (id: 2147483647 rack: null)
2026-01-30T22:40:18.254+05:30  INFO 41816 --- [ntainer#0-0-C-1] o.a.k.c.c.internals.ConsumerCoordinator  : [Consumer clientId=consumer-midas-core-group-1, groupId=midas-core-group] Discovered group coordinator localhost:60622 (id: 2147483647 rack: null)
2026-01-30T22:40:24.109+05:30  INFO 41816 --- [           main] com.jpmc.midascore.TaskThreeTests        : ...
2026-01-30T22:41:55.674+05:30  WARN 41816 --- [l-1 housekeeper] com.zaxxer.hikari.pool.HikariPool        : HikariPool-1 - Thread starvation or clock leap detected (housekeeper delta=17m15s117ms).
2026-01-30T22:41:58.813+05:30  INFO 41816 --- [           main] com.jpmc.midascore.TaskThreeTests        : ...
2026-01-30T22:57:30.338+05:30  INFO 41816 --- [ntainer#0-0-C-1] org.apache.kafka.clients.NetworkClient   : [Consumer clientId=consumer-midas-core-group-1, groupId=midas-core-group] Disconnecting from node 0 due to request timeout.
2026-01-30T22:57:30.338+05:30  INFO 41816 --- [ntainer#0-0-C-1] org.apache.kafka.clients.NetworkClient   : [Consumer clientId=consumer-midas-core-group-1, groupId=midas-core-group] Cancelled in-flight FETCH request with correlation id 2324 due to node 0 being disconnected (elapsed time since creation: 926008ms, elapsed time since send: 926008ms, request timeout: 30000ms)
2026-01-30T22:57:30.339+05:30  INFO 41816 --- [idas-core-group] o.a.k.c.c.internals.ConsumerCoordinator  : [Consumer clientId=consumer-midas-core-group-1, groupId=midas-core-group] Group coordinator localhost:60622 (id: 2147483647 rack: null) is unavailable or invalid due to cause: session timed out without receiving a heartbeat response. isDisconnected: false. Rediscovery will be attempted.
2026-01-30T22:57:30.339+05:30  INFO 41816 --- [idas-core-group] o.a.k.c.c.internals.ConsumerCoordinator  : [Consumer clientId=consumer-midas-core-group-1, groupId=midas-core-group] Requesting disconnect from last known coordinator localhost:60622 (id: 2147483647 rack: null)
2026-01-30T22:57:30.339+05:30  INFO 41816 --- [idas-core-group] org.apache.kafka.clients.NetworkClient   : [Consumer clientId=consumer-midas-core-group-1, groupId=midas-core-group] Client requested disconnect from node 2147483647
2026-01-30T22:57:30.338+05:30  INFO 41816 --- [ntainer#0-0-C-1] o.a.kafka.clients.FetchSessionHandler    : [Consumer clientId=consumer-midas-core-group-1, groupId=midas-core-group] Error sending fetch request (sessionId=1683867075, epoch=541) to node 0:

org.apache.kafka.common.errors.DisconnectException: null

2026-01-30T22:57:30.442+05:30  INFO 41816 --- [ntainer#0-0-C-1] o.a.k.c.c.internals.ConsumerCoordinator  : [Consumer clientId=consumer-midas-core-group-1, groupId=midas-core-group] Discovered group coordinator localhost:60622 (id: 2147483647 rack: null)
2026-01-30T22:57:44.419+05:30  INFO 41816 --- [           main] com.jpmc.midascore.TaskThreeTests        : ...
2026-01-30T22:58:16.202+05:30  WARN 41816 --- [l-1 housekeeper] com.zaxxer.hikari.pool.HikariPool        : HikariPool-1 - Thread starvation or clock leap detected (housekeeper delta=16m20s528ms).
2026-01-30T22:58:54.247+05:30  INFO 41816 --- [           main] com.jpmc.midascore.TaskThreeTests        : ...
2026-01-30T23:06:12.418+05:30  INFO 41816 --- [idas-core-group] o.a.k.c.c.internals.ConsumerCoordinator  : [Consumer clientId=consumer-midas-core-group-1, groupId=midas-core-group] Group coordinator localhost:60622 (id: 2147483647 rack: null) is unavailable or invalid due to cause: session timed out without receiving a heartbeat response. isDisconnected: false. Rediscovery will be attempted.
2026-01-30T23:06:12.418+05:30  INFO 41816 --- [idas-core-group] o.a.k.c.c.internals.ConsumerCoordinator  : [Consumer clientId=consumer-midas-core-group-1, groupId=midas-core-group] Requesting disconnect from last known coordinator localhost:60622 (id: 2147483647 rack: null)
2026-01-30T23:06:12.418+05:30  INFO 41816 --- [idas-core-group] org.apache.kafka.clients.NetworkClient   : [Consumer clientId=consumer-midas-core-group-1, groupId=midas-core-group] Client requested disconnect from node 2147483647
2026-01-30T23:06:12.421+05:30  INFO 41816 --- [ntainer#0-0-C-1] o.a.k.c.c.internals.ConsumerCoordinator  : [Consumer clientId=consumer-midas-core-group-1, groupId=midas-core-group] Discovered group coordinator localhost:60622 (id: 2147483647 rack: null)
2026-01-30T23:06:12.421+05:30  INFO 41816 --- [ntainer#0-0-C-1] o.a.k.c.c.internals.ConsumerCoordinator  : [Consumer clientId=consumer-midas-core-group-1, groupId=midas-core-group] Group coordinator localhost:60622 (id: 2147483647 rack: null) is unavailable or invalid due to cause: coordinator unavailable. isDisconnected: false. Rediscovery will be attempted.
2026-01-30T23:06:12.421+05:30  INFO 41816 --- [ntainer#0-0-C-1] o.a.k.c.c.internals.ConsumerCoordinator  : [Consumer clientId=consumer-midas-core-group-1, groupId=midas-core-group] Requesting disconnect from last known coordinator localhost:60622 (id: 2147483647 rack: null)
2026-01-30T23:06:12.532+05:30  INFO 41816 --- [ntainer#0-0-C-1] o.a.k.c.c.internals.ConsumerCoordinator  : [Consumer clientId=consumer-midas-core-group-1, groupId=midas-core-group] Discovered group coordinator localhost:60622 (id: 2147483647 rack: null)
2026-01-30T23:06:22.271+05:30  WARN 41816 --- [l-1 housekeeper] com.zaxxer.hikari.pool.HikariPool        : HikariPool-1 - Thread starvation or clock leap detected (housekeeper delta=8m6s69ms).
2026-01-30T23:06:25.406+05:30  INFO 41816 --- [           main] com.jpmc.midascore.TaskThreeTests        : ...
2026-01-30T23:22:10.557+05:30  INFO 41816 --- [idas-core-group] o.a.k.c.c.internals.ConsumerCoordinator  : [Consumer clientId=consumer-midas-core-group-1, groupId=midas-core-group] Group coordinator localhost:60622 (id: 2147483647 rack: null) is unavailable or invalid due to cause: session timed out without receiving a heartbeat response. isDisconnected: false. Rediscovery will be attempted.
2026-01-30T23:22:10.557+05:30  INFO 41816 --- [idas-core-group] o.a.k.c.c.internals.ConsumerCoordinator  : [Consumer clientId=consumer-midas-core-group-1, groupId=midas-core-group] Requesting disconnect from last known coordinator localhost:60622 (id: 2147483647 rack: null)
2026-01-30T23:22:10.557+05:30  INFO 41816 --- [idas-core-group] org.apache.kafka.clients.NetworkClient   : [Consumer clientId=consumer-midas-core-group-1, groupId=midas-core-group] Client requested disconnect from node 2147483647
2026-01-30T23:22:10.560+05:30  INFO 41816 --- [ntainer#0-0-C-1] o.a.k.c.c.internals.ConsumerCoordinator  : [Consumer clientId=consumer-midas-core-group-1, groupId=midas-core-group] Discovered group coordinator localhost:60622 (id: 2147483647 rack: null)
2026-01-30T23:22:10.560+05:30  INFO 41816 --- [ntainer#0-0-C-1] o.a.k.c.c.internals.ConsumerCoordinator  : [Consumer clientId=consumer-midas-core-group-1, groupId=midas-core-group] Group coordinator localhost:60622 (id: 2147483647 rack: null) is unavailable or invalid due to cause: coordinator unavailable. isDisconnected: false. Rediscovery will be attempted.
2026-01-30T23:22:10.560+05:30  INFO 41816 --- [ntainer#0-0-C-1] o.a.k.c.c.internals.ConsumerCoordinator  : [Consumer clientId=consumer-midas-core-group-1, groupId=midas-core-group] Requesting disconnect from last known coordinator localhost:60622 (id: 2147483647 rack: null)
2026-01-30T23:22:10.662+05:30  INFO 41816 --- [ntainer#0-0-C-1] o.a.k.c.c.internals.ConsumerCoordinator  : [Consumer clientId=consumer-midas-core-group-1, groupId=midas-core-group] Discovered group coordinator localhost:60622 (id: 2147483647 rack: null)
2026-01-30T23:22:11.129+05:30  INFO 41816 --- [           main] com.jpmc.midascore.TaskThreeTests        : ...
2026-01-30T23:22:18.002+05:30  WARN 41816 --- [l-1 housekeeper] com.zaxxer.hikari.pool.HikariPool        : HikariPool-1 - Thread starvation or clock leap detected (housekeeper delta=15m55s731ms).
2026-01-30T23:22:56.035+05:30  INFO 41816 --- [           main] com.jpmc.midascore.TaskThreeTests        : ...
2026-01-30T23:24:02.722+05:30  WARN 41816 --- [l-1 housekeeper] com.zaxxer.hikari.pool.HikariPool        : HikariPool-1 - Thread starvation or clock leap detected (housekeeper delta=1m44s720ms).
2026-01-30T23:24:05.845+05:30  INFO 41816 --- [           main] com.jpmc.midascore.TaskThreeTests        : ...
2026-01-30T23:24:50.763+05:30  INFO 41816 --- [           main] com.jpmc.midascore.TaskThreeTests        : ...
2026-01-30T23:24:57.636+05:30  WARN 41816 --- [l-1 housekeeper] com.zaxxer.hikari.pool.HikariPool        : HikariPool-1 - Thread starvation or clock leap detected (housekeeper delta=54s914ms).
2026-01-30T23:41:35.308+05:30  INFO 41816 --- [idas-core-group] o.a.k.c.c.internals.ConsumerCoordinator  : [Consumer clientId=consumer-midas-core-group-1, groupId=midas-core-group] Group coordinator localhost:60622 (id: 2147483647 rack: null) is unavailable or invalid due to cause: session timed out without receiving a heartbeat response. isDisconnected: false. Rediscovery will be attempted.
2026-01-30T23:41:35.308+05:30  INFO 41816 --- [idas-core-group] o.a.k.c.c.internals.ConsumerCoordinator  : [Consumer clientId=consumer-midas-core-group-1, groupId=midas-core-group] Requesting disconnect from last known coordinator localhost:60622 (id: 2147483647 rack: null)
2026-01-30T23:41:35.308+05:30  INFO 41816 --- [idas-core-group] org.apache.kafka.clients.NetworkClient   : [Consumer clientId=consumer-midas-core-group-1, groupId=midas-core-group] Client requested disconnect from node 2147483647
2026-01-30T23:41:35.316+05:30  INFO 41816 --- [ntainer#0-0-C-1] o.a.k.c.c.internals.ConsumerCoordinator  : [Consumer clientId=consumer-midas-core-group-1, groupId=midas-core-group] Discovered group coordinator localhost:60622 (id: 2147483647 rack: null)
2026-01-30T23:41:35.316+05:30  INFO 41816 --- [ntainer#0-0-C-1] o.a.k.c.c.internals.ConsumerCoordinator  : [Consumer clientId=consumer-midas-core-group-1, groupId=midas-core-group] Group coordinator localhost:60622 (id: 2147483647 rack: null) is unavailable or invalid due to cause: coordinator unavailable. isDisconnected: false. Rediscovery will be attempted.
2026-01-30T23:41:35.316+05:30  INFO 41816 --- [ntainer#0-0-C-1] o.a.k.c.c.internals.ConsumerCoordinator  : [Consumer clientId=consumer-midas-core-group-1, groupId=midas-core-group] Requesting disconnect from last known coordinator localhost:60622 (id: 2147483647 rack: null)
2026-01-30T23:41:35.417+05:30  INFO 41816 --- [ntainer#0-0-C-1] o.a.k.c.c.internals.ConsumerCoordinator  : [Consumer clientId=consumer-midas-core-group-1, groupId=midas-core-group] Discovered group coordinator localhost:60622 (id: 2147483647 rack: null)
2026-01-30T23:41:39.925+05:30  INFO 41816 --- [           main] com.jpmc.midascore.TaskThreeTests        : ...
2026-01-30T23:43:11.542+05:30  WARN 41816 --- [l-1 housekeeper] com.zaxxer.hikari.pool.HikariPool        : HikariPool-1 - Thread starvation or clock leap detected (housekeeper delta=18m13s906ms).
2026-01-30T23:43:14.675+05:30  INFO 41816 --- [           main] com.jpmc.midascore.TaskThreeTests        : ...
2026-01-31T00:00:12.579+05:30  INFO 41816 --- [idas-core-group] o.a.k.c.c.internals.ConsumerCoordinator  : [Consumer clientId=consumer-midas-core-group-1, groupId=midas-core-group] Group coordinator localhost:60622 (id: 2147483647 rack: null) is unavailable or invalid due to cause: session timed out without receiving a heartbeat response. isDisconnected: false. Rediscovery will be attempted.
2026-01-31T00:00:12.580+05:30  INFO 41816 --- [idas-core-group] o.a.k.c.c.internals.ConsumerCoordinator  : [Consumer clientId=consumer-midas-core-group-1, groupId=midas-core-group] Requesting disconnect from last known coordinator localhost:60622 (id: 2147483647 rack: null)
2026-01-31T00:00:12.580+05:30  INFO 41816 --- [idas-core-group] org.apache.kafka.clients.NetworkClient   : [Consumer clientId=consumer-midas-core-group-1, groupId=midas-core-group] Client requested disconnect from node 2147483647
2026-01-31T00:00:12.582+05:30  INFO 41816 --- [ntainer#0-0-C-1] o.a.k.c.c.internals.ConsumerCoordinator  : [Consumer clientId=consumer-midas-core-group-1, groupId=midas-core-group] Discovered group coordinator localhost:60622 (id: 2147483647 rack: null)
2026-01-31T00:00:12.582+05:30  INFO 41816 --- [ntainer#0-0-C-1] o.a.k.c.c.internals.ConsumerCoordinator  : [Consumer clientId=consumer-midas-core-group-1, groupId=midas-core-group] Group coordinator localhost:60622 (id: 2147483647 rack: null) is unavailable or invalid due to cause: coordinator unavailable. isDisconnected: false. Rediscovery will be attempted.
2026-01-31T00:00:12.582+05:30  INFO 41816 --- [ntainer#0-0-C-1] o.a.k.c.c.internals.ConsumerCoordinator  : [Consumer clientId=consumer-midas-core-group-1, groupId=midas-core-group] Requesting disconnect from last known coordinator localhost:60622 (id: 2147483647 rack: null)
2026-01-31T00:00:12.692+05:30  INFO 41816 --- [ntainer#0-0-C-1] o.a.k.c.c.internals.ConsumerCoordinator  : [Consumer clientId=consumer-midas-core-group-1, groupId=midas-core-group] Discovered group coordinator localhost:60622 (id: 2147483647 rack: null)
2026-01-31T00:00:13.019+05:30  INFO 41816 --- [           main] com.jpmc.midascore.TaskThreeTests        : ...
2026-01-31T00:00:19.891+05:30  WARN 41816 --- [l-1 housekeeper] com.zaxxer.hikari.pool.HikariPool        : HikariPool-1 - Thread starvation or clock leap detected (housekeeper delta=17m8s349ms).
2026-01-31T00:00:33.021+05:30  INFO 41816 --- [           main] com.jpmc.midascore.TaskThreeTests        : ...
2026-01-31T00:07:12.300+05:30  INFO 41816 --- [idas-core-group] o.a.k.c.c.internals.ConsumerCoordinator  : [Consumer clientId=consumer-midas-core-group-1, groupId=midas-core-group] Group coordinator localhost:60622 (id: 2147483647 rack: null) is unavailable or invalid due to cause: session timed out without receiving a heartbeat response. isDisconnected: false. Rediscovery will be attempted.
2026-01-31T00:07:12.300+05:30  INFO 41816 --- [idas-core-group] o.a.k.c.c.internals.ConsumerCoordinator  : [Consumer clientId=consumer-midas-core-group-1, groupId=midas-core-group] Requesting disconnect from last known coordinator localhost:60622 (id: 2147483647 rack: null)
2026-01-31T00:07:12.300+05:30  INFO 41816 --- [idas-core-group] org.apache.kafka.clients.NetworkClient   : [Consumer clientId=consumer-midas-core-group-1, groupId=midas-core-group] Client requested disconnect from node 2147483647
2026-01-31T00:07:12.310+05:30  INFO 41816 --- [ntainer#0-0-C-1] o.a.k.c.c.internals.ConsumerCoordinator  : [Consumer clientId=consumer-midas-core-group-1, groupId=midas-core-group] Discovered group coordinator localhost:60622 (id: 2147483647 rack: null)
2026-01-31T00:07:12.311+05:30  INFO 41816 --- [ntainer#0-0-C-1] o.a.k.c.c.internals.ConsumerCoordinator  : [Consumer clientId=consumer-midas-core-group-1, groupId=midas-core-group] Group coordinator localhost:60622 (id: 2147483647 rack: null) is unavailable or invalid due to cause: coordinator unavailable. isDisconnected: false. Rediscovery will be attempted.
2026-01-31T00:07:12.311+05:30  INFO 41816 --- [ntainer#0-0-C-1] o.a.k.c.c.internals.ConsumerCoordinator  : [Consumer clientId=consumer-midas-core-group-1, groupId=midas-core-group] Requesting disconnect from last known coordinator localhost:60622 (id: 2147483647 rack: null)
2026-01-31T00:07:12.414+05:30  INFO 41816 --- [ntainer#0-0-C-1] o.a.k.c.c.internals.ConsumerCoordinator  : [Consumer clientId=consumer-midas-core-group-1, groupId=midas-core-group] Discovered group coordinator localhost:60622 (id: 2147483647 rack: null)
2026-01-31T00:22:44.910+05:30  INFO 41816 --- [idas-core-group] o.a.k.c.c.internals.ConsumerCoordinator  : [Consumer clientId=consumer-midas-core-group-1, groupId=midas-core-group] Group coordinator localhost:60622 (id: 2147483647 rack: null) is unavailable or invalid due to cause: session timed out without receiving a heartbeat response. isDisconnected: false. Rediscovery will be attempted.
2026-01-31T00:22:44.910+05:30  INFO 41816 --- [idas-core-group] o.a.k.c.c.internals.ConsumerCoordinator  : [Consumer clientId=consumer-midas-core-group-1, groupId=midas-core-group] Requesting disconnect from last known coordinator localhost:60622 (id: 2147483647 rack: null)
2026-01-31T00:22:44.910+05:30  INFO 41816 --- [idas-core-group] org.apache.kafka.clients.NetworkClient   : [Consumer clientId=consumer-midas-core-group-1, groupId=midas-core-group] Client requested disconnect from node 2147483647
2026-01-31T00:22:44.911+05:30  INFO 41816 --- [ntainer#0-0-C-1] o.a.k.c.c.internals.ConsumerCoordinator  : [Consumer clientId=consumer-midas-core-group-1, groupId=midas-core-group] Discovered group coordinator localhost:60622 (id: 2147483647 rack: null)
2026-01-31T00:22:44.911+05:30  INFO 41816 --- [ntainer#0-0-C-1] o.a.k.c.c.internals.ConsumerCoordinator  : [Consumer clientId=consumer-midas-core-group-1, groupId=midas-core-group] Group coordinator localhost:60622 (id: 2147483647 rack: null) is unavailable or invalid due to cause: coordinator unavailable. isDisconnected: false. Rediscovery will be attempted.
2026-01-31T00:22:44.911+05:30  INFO 41816 --- [ntainer#0-0-C-1] o.a.k.c.c.internals.ConsumerCoordinator  : [Consumer clientId=consumer-midas-core-group-1, groupId=midas-core-group] Requesting disconnect from last known coordinator localhost:60622 (id: 2147483647 rack: null)
2026-01-31T00:22:45.021+05:30  INFO 41816 --- [ntainer#0-0-C-1] o.a.k.c.c.internals.ConsumerCoordinator  : [Consumer clientId=consumer-midas-core-group-1, groupId=midas-core-group] Discovered group coordinator localhost:60622 (id: 2147483647 rack: null)
2026-01-31T00:22:50.670+05:30  WARN 41816 --- [l-1 housekeeper] com.zaxxer.hikari.pool.HikariPool        : HikariPool-1 - Thread starvation or clock leap detected (housekeeper delta=22m30s779ms).
2026-01-31T00:22:53.783+05:30  INFO 41816 --- [           main] com.jpmc.midascore.TaskThreeTests        : ...
2026-01-31T00:24:03.589+05:30  INFO 41816 --- [           main] com.jpmc.midascore.TaskThreeTests        : ...
2026-01-31T00:24:35.390+05:30  WARN 41816 --- [l-1 housekeeper] com.zaxxer.hikari.pool.HikariPool        : HikariPool-1 - Thread starvation or clock leap detected (housekeeper delta=1m44s719ms).
2026-01-31T00:25:13.407+05:30  INFO 41816 --- [           main] com.jpmc.midascore.TaskThreeTests        : ...
2026-01-31T00:42:39.300+05:30  INFO 41816 --- [idas-core-group] o.a.k.c.c.internals.ConsumerCoordinator  : [Consumer clientId=consumer-midas-core-group-1, groupId=midas-core-group] Group coordinator localhost:60622 (id: 2147483647 rack: null) is unavailable or invalid due to cause: session timed out without receiving a heartbeat response. isDisconnected: false. Rediscovery will be attempted.
2026-01-31T00:42:39.300+05:30  INFO 41816 --- [idas-core-group] o.a.k.c.c.internals.ConsumerCoordinator  : [Consumer clientId=consumer-midas-core-group-1, groupId=midas-core-group] Requesting disconnect from last known coordinator localhost:60622 (id: 2147483647 rack: null)
2026-01-31T00:42:39.300+05:30  INFO 41816 --- [idas-core-group] org.apache.kafka.clients.NetworkClient   : [Consumer clientId=consumer-midas-core-group-1, groupId=midas-core-group] Client requested disconnect from node 2147483647
2026-01-31T00:42:39.312+05:30  INFO 41816 --- [ntainer#0-0-C-1] o.a.k.c.c.internals.ConsumerCoordinator  : [Consumer clientId=consumer-midas-core-group-1, groupId=midas-core-group] Discovered group coordinator localhost:60622 (id: 2147483647 rack: null)
2026-01-31T00:42:39.312+05:30  INFO 41816 --- [ntainer#0-0-C-1] o.a.k.c.c.internals.ConsumerCoordinator  : [Consumer clientId=consumer-midas-core-group-1, groupId=midas-core-group] Group coordinator localhost:60622 (id: 2147483647 rack: null) is unavailable or invalid due to cause: coordinator unavailable. isDisconnected: false. Rediscovery will be attempted.
2026-01-31T00:42:39.312+05:30  INFO 41816 --- [ntainer#0-0-C-1] o.a.k.c.c.internals.ConsumerCoordinator  : [Consumer clientId=consumer-midas-core-group-1, groupId=midas-core-group] Requesting disconnect from last known coordinator localhost:60622 (id: 2147483647 rack: null)
2026-01-31T00:42:39.415+05:30  INFO 41816 --- [ntainer#0-0-C-1] o.a.k.c.c.internals.ConsumerCoordinator  : [Consumer clientId=consumer-midas-core-group-1, groupId=midas-core-group] Discovered group coordinator localhost:60622 (id: 2147483647 rack: null)
2026-01-31T00:43:45.229+05:30  WARN 41816 --- [l-1 housekeeper] com.zaxxer.hikari.pool.HikariPool        : HikariPool-1 - Thread starvation or clock leap detected (housekeeper delta=19m9s840ms).
2026-01-31T00:43:48.349+05:30  INFO 41816 --- [           main] com.jpmc.midascore.TaskThreeTests        : ...
2026-01-31T00:45:23.065+05:30  INFO 41816 --- [           main] com.jpmc.midascore.TaskThreeTests        : ...
2026-01-31T01:00:29.553+05:30  INFO 41816 --- [idas-core-group] o.a.k.c.c.internals.ConsumerCoordinator  : [Consumer clientId=consumer-midas-core-group-1, groupId=midas-core-group] Group coordinator localhost:60622 (id: 2147483647 rack: null) is unavailable or invalid due to cause: session timed out without receiving a heartbeat response. isDisconnected: false. Rediscovery will be attempted.
2026-01-31T01:00:29.553+05:30  INFO 41816 --- [idas-core-group] o.a.k.c.c.internals.ConsumerCoordinator  : [Consumer clientId=consumer-midas-core-group-1, groupId=midas-core-group] Requesting disconnect from last known coordinator localhost:60622 (id: 2147483647 rack: null)
2026-01-31T01:00:29.553+05:30  INFO 41816 --- [idas-core-group] org.apache.kafka.clients.NetworkClient   : [Consumer clientId=consumer-midas-core-group-1, groupId=midas-core-group] Client requested disconnect from node 2147483647
2026-01-31T01:00:29.557+05:30  INFO 41816 --- [ntainer#0-0-C-1] o.a.k.c.c.internals.ConsumerCoordinator  : [Consumer clientId=consumer-midas-core-group-1, groupId=midas-core-group] Discovered group coordinator localhost:60622 (id: 2147483647 rack: null)
2026-01-31T01:00:29.557+05:30  INFO 41816 --- [ntainer#0-0-C-1] o.a.k.c.c.internals.ConsumerCoordinator  : [Consumer clientId=consumer-midas-core-group-1, groupId=midas-core-group] Group coordinator localhost:60622 (id: 2147483647 rack: null) is unavailable or invalid due to cause: coordinator unavailable. isDisconnected: false. Rediscovery will be attempted.
2026-01-31T01:00:29.557+05:30  INFO 41816 --- [ntainer#0-0-C-1] o.a.k.c.c.internals.ConsumerCoordinator  : [Consumer clientId=consumer-midas-core-group-1, groupId=midas-core-group] Requesting disconnect from last known coordinator localhost:60622 (id: 2147483647 rack: null)
2026-01-31T01:00:29.668+05:30  INFO 41816 --- [ntainer#0-0-C-1] o.a.k.c.c.internals.ConsumerCoordinator  : [Consumer clientId=consumer-midas-core-group-1, groupId=midas-core-group] Discovered group coordinator localhost:60622 (id: 2147483647 rack: null)
2026-01-31T01:00:30.973+05:30  WARN 41816 --- [l-1 housekeeper] com.zaxxer.hikari.pool.HikariPool        : HikariPool-1 - Thread starvation or clock leap detected (housekeeper delta=16m45s743ms).
2026-01-31T01:01:33.919+05:30  INFO 41816 --- [           main] com.jpmc.midascore.TaskThreeTests        : ...
2026-01-31T01:02:40.642+05:30  WARN 41816 --- [l-1 housekeeper] com.zaxxer.hikari.pool.HikariPool        : HikariPool-1 - Thread starvation or clock leap detected (housekeeper delta=2m9s669ms).
2026-01-31T01:02:43.765+05:30  INFO 41816 --- [           main] com.jpmc.midascore.TaskThreeTests        : ...
2026-01-31T01:08:12.584+05:30  INFO 41816 --- [idas-core-group] o.a.k.c.c.internals.ConsumerCoordinator  : [Consumer clientId=consumer-midas-core-group-1, groupId=midas-core-group] Group coordinator localhost:60622 (id: 2147483647 rack: null) is unavailable or invalid due to cause: session timed out without receiving a heartbeat response. isDisconnected: false. Rediscovery will be attempted.
2026-01-31T01:08:12.585+05:30  INFO 41816 --- [idas-core-group] o.a.k.c.c.internals.ConsumerCoordinator  : [Consumer clientId=consumer-midas-core-group-1, groupId=midas-core-group] Requesting disconnect from last known coordinator localhost:60622 (id: 2147483647 rack: null)
2026-01-31T01:08:12.585+05:30  INFO 41816 --- [idas-core-group] org.apache.kafka.clients.NetworkClient   : [Consumer clientId=consumer-midas-core-group-1, groupId=midas-core-group] Client requested disconnect from node 2147483647
2026-01-31T01:08:12.588+05:30  INFO 41816 --- [ntainer#0-0-C-1] o.a.k.c.c.internals.ConsumerCoordinator  : [Consumer clientId=consumer-midas-core-group-1, groupId=midas-core-group] Discovered group coordinator localhost:60622 (id: 2147483647 rack: null)
2026-01-31T01:08:12.588+05:30  INFO 41816 --- [ntainer#0-0-C-1] o.a.k.c.c.internals.ConsumerCoordinator  : [Consumer clientId=consumer-midas-core-group-1, groupId=midas-core-group] Group coordinator localhost:60622 (id: 2147483647 rack: null) is unavailable or invalid due to cause: coordinator unavailable. isDisconnected: false. Rediscovery will be attempted.
2026-01-31T01:08:12.588+05:30  INFO 41816 --- [ntainer#0-0-C-1] o.a.k.c.c.internals.ConsumerCoordinator  : [Consumer clientId=consumer-midas-core-group-1, groupId=midas-core-group] Requesting disconnect from last known coordinator localhost:60622 (id: 2147483647 rack: null)
2026-01-31T01:08:12.699+05:30  INFO 41816 --- [ntainer#0-0-C-1] o.a.k.c.c.internals.ConsumerCoordinator  : [Consumer clientId=consumer-midas-core-group-1, groupId=midas-core-group] Discovered group coordinator localhost:60622 (id: 2147483647 rack: null)
2026-01-31T01:25:31.394+05:30  INFO 41816 --- [idas-core-group] o.a.k.c.c.internals.ConsumerCoordinator  : [Consumer clientId=consumer-midas-core-group-1, groupId=midas-core-group] Group coordinator localhost:60622 (id: 2147483647 rack: null) is unavailable or invalid due to cause: session timed out without receiving a heartbeat response. isDisconnected: false. Rediscovery will be attempted.
2026-01-31T01:25:31.394+05:30  INFO 41816 --- [idas-core-group] o.a.k.c.c.internals.ConsumerCoordinator  : [Consumer clientId=consumer-midas-core-group-1, groupId=midas-core-group] Requesting disconnect from last known coordinator localhost:60622 (id: 2147483647 rack: null)
2026-01-31T01:25:31.394+05:30  INFO 41816 --- [idas-core-group] org.apache.kafka.clients.NetworkClient   : [Consumer clientId=consumer-midas-core-group-1, groupId=midas-core-group] Client requested disconnect from node 2147483647
2026-01-31T01:25:31.396+05:30  INFO 41816 --- [ntainer#0-0-C-1] o.a.k.c.c.internals.ConsumerCoordinator  : [Consumer clientId=consumer-midas-core-group-1, groupId=midas-core-group] Discovered group coordinator localhost:60622 (id: 2147483647 rack: null)
2026-01-31T01:25:31.396+05:30  INFO 41816 --- [ntainer#0-0-C-1] o.a.k.c.c.internals.ConsumerCoordinator  : [Consumer clientId=consumer-midas-core-group-1, groupId=midas-core-group] Group coordinator localhost:60622 (id: 2147483647 rack: null) is unavailable or invalid due to cause: coordinator unavailable. isDisconnected: false. Rediscovery will be attempted.
2026-01-31T01:25:31.396+05:30  INFO 41816 --- [ntainer#0-0-C-1] o.a.k.c.c.internals.ConsumerCoordinator  : [Consumer clientId=consumer-midas-core-group-1, groupId=midas-core-group] Requesting disconnect from last known coordinator localhost:60622 (id: 2147483647 rack: null)
2026-01-31T01:25:31.501+05:30  INFO 41816 --- [ntainer#0-0-C-1] o.a.k.c.c.internals.ConsumerCoordinator  : [Consumer clientId=consumer-midas-core-group-1, groupId=midas-core-group] Discovered group coordinator localhost:60622 (id: 2147483647 rack: null)
2026-01-31T01:25:35.761+05:30  INFO 41816 --- [           main] com.jpmc.midascore.TaskThreeTests        : ...
2026-01-31T01:26:07.559+05:30  WARN 41816 --- [l-1 housekeeper] com.zaxxer.hikari.pool.HikariPool        : HikariPool-1 - Thread starvation or clock leap detected (housekeeper delta=23m26s918ms).
2026-01-31T01:27:10.502+05:30  INFO 41816 --- [           main] com.jpmc.midascore.TaskThreeTests        : ...
2026-01-31T01:28:17.199+05:30  WARN 41816 --- [l-1 housekeeper] com.zaxxer.hikari.pool.HikariPool        : HikariPool-1 - Thread starvation or clock leap detected (housekeeper delta=2m9s639ms).
2026-01-31T01:28:45.245+05:30  INFO 41816 --- [           main] com.jpmc.midascore.TaskThreeTests        : ...
2026-01-31T01:46:35.290+05:30  INFO 41816 --- [idas-core-group] o.a.k.c.c.internals.ConsumerCoordinator  : [Consumer clientId=consumer-midas-core-group-1, groupId=midas-core-group] Group coordinator localhost:60622 (id: 2147483647 rack: null) is unavailable or invalid due to cause: session timed out without receiving a heartbeat response. isDisconnected: false. Rediscovery will be attempted.
2026-01-31T01:46:35.291+05:30  INFO 41816 --- [idas-core-group] o.a.k.c.c.internals.ConsumerCoordinator  : [Consumer clientId=consumer-midas-core-group-1, groupId=midas-core-group] Requesting disconnect from last known coordinator localhost:60622 (id: 2147483647 rack: null)
2026-01-31T01:46:35.294+05:30  INFO 41816 --- [idas-core-group] org.apache.kafka.clients.NetworkClient   : [Consumer clientId=consumer-midas-core-group-1, groupId=midas-core-group] Client requested disconnect from node 2147483647
2026-01-31T01:46:35.308+05:30  INFO 41816 --- [ntainer#0-0-C-1] o.a.k.c.c.internals.ConsumerCoordinator  : [Consumer clientId=consumer-midas-core-group-1, groupId=midas-core-group] Discovered group coordinator localhost:60622 (id: 2147483647 rack: null)
2026-01-31T01:46:35.309+05:30  INFO 41816 --- [ntainer#0-0-C-1] o.a.k.c.c.internals.ConsumerCoordinator  : [Consumer clientId=consumer-midas-core-group-1, groupId=midas-core-group] Group coordinator localhost:60622 (id: 2147483647 rack: null) is unavailable or invalid due to cause: coordinator unavailable. isDisconnected: false. Rediscovery will be attempted.
2026-01-31T01:46:35.309+05:30  INFO 41816 --- [ntainer#0-0-C-1] o.a.k.c.c.internals.ConsumerCoordinator  : [Consumer clientId=consumer-midas-core-group-1, groupId=midas-core-group] Requesting disconnect from last known coordinator localhost:60622 (id: 2147483647 rack: null)
2026-01-31T01:46:35.413+05:30  INFO 41816 --- [ntainer#0-0-C-1] o.a.k.c.c.internals.ConsumerCoordinator  : [Consumer clientId=consumer-midas-core-group-1, groupId=midas-core-group] Discovered group coordinator localhost:60622 (id: 2147483647 rack: null)
2026-01-31T01:47:40.249+05:30  INFO 41816 --- [           main] com.jpmc.midascore.TaskThreeTests        : ...
2026-01-31T01:47:47.113+05:30  WARN 41816 --- [l-1 housekeeper] com.zaxxer.hikari.pool.HikariPool        : HikariPool-1 - Thread starvation or clock leap detected (housekeeper delta=19m29s914ms).
2026-01-31T02:03:13.838+05:30  INFO 41816 --- [idas-core-group] o.a.k.c.c.internals.ConsumerCoordinator  : [Consumer clientId=consumer-midas-core-group-1, groupId=midas-core-group] Group coordinator localhost:60622 (id: 2147483647 rack: null) is unavailable or invalid due to cause: session timed out without receiving a heartbeat response. isDisconnected: false. Rediscovery will be attempted.
2026-01-31T02:03:13.838+05:30  INFO 41816 --- [idas-core-group] o.a.k.c.c.internals.ConsumerCoordinator  : [Consumer clientId=consumer-midas-core-group-1, groupId=midas-core-group] Requesting disconnect from last known coordinator localhost:60622 (id: 2147483647 rack: null)
2026-01-31T02:03:13.838+05:30  INFO 41816 --- [idas-core-group] org.apache.kafka.clients.NetworkClient   : [Consumer clientId=consumer-midas-core-group-1, groupId=midas-core-group] Client requested disconnect from node 2147483647
2026-01-31T02:03:13.840+05:30  INFO 41816 --- [ntainer#0-0-C-1] o.a.k.c.c.internals.ConsumerCoordinator  : [Consumer clientId=consumer-midas-core-group-1, groupId=midas-core-group] Discovered group coordinator localhost:60622 (id: 2147483647 rack: null)
2026-01-31T02:03:13.840+05:30  INFO 41816 --- [ntainer#0-0-C-1] o.a.k.c.c.internals.ConsumerCoordinator  : [Consumer clientId=consumer-midas-core-group-1, groupId=midas-core-group] Group coordinator localhost:60622 (id: 2147483647 rack: null) is unavailable or invalid due to cause: coordinator unavailable. isDisconnected: false. Rediscovery will be attempted.
2026-01-31T02:03:13.840+05:30  INFO 41816 --- [ntainer#0-0-C-1] o.a.k.c.c.internals.ConsumerCoordinator  : [Consumer clientId=consumer-midas-core-group-1, groupId=midas-core-group] Requesting disconnect from last known coordinator localhost:60622 (id: 2147483647 rack: null)
2026-01-31T02:03:13.946+05:30  INFO 41816 --- [ntainer#0-0-C-1] o.a.k.c.c.internals.ConsumerCoordinator  : [Consumer clientId=consumer-midas-core-group-1, groupId=midas-core-group] Discovered group coordinator localhost:60622 (id: 2147483647 rack: null)
2026-01-31T02:03:50.091+05:30  INFO 41816 --- [           main] com.jpmc.midascore.TaskThreeTests        : ...
2026-01-31T02:04:56.756+05:30  WARN 41816 --- [l-1 housekeeper] com.zaxxer.hikari.pool.HikariPool        : HikariPool-1 - Thread starvation or clock leap detected (housekeeper delta=17m9s643ms).
2026-01-31T02:05:24.803+05:30  INFO 41816 --- [           main] com.jpmc.midascore.TaskThreeTests        : ...
2026-01-31T02:05:44.807+05:30  INFO 41816 --- [           main] com.jpmc.midascore.TaskThreeTests        : ...
2026-01-31T02:09:12.280+05:30  INFO 41816 --- [idas-core-group] o.a.k.c.c.internals.ConsumerCoordinator  : [Consumer clientId=consumer-midas-core-group-1, groupId=midas-core-group] Group coordinator localhost:60622 (id: 2147483647 rack: null) is unavailable or invalid due to cause: session timed out without receiving a heartbeat response. isDisconnected: false. Rediscovery will be attempted.
2026-01-31T02:09:12.280+05:30  INFO 41816 --- [idas-core-group] o.a.k.c.c.internals.ConsumerCoordinator  : [Consumer clientId=consumer-midas-core-group-1, groupId=midas-core-group] Requesting disconnect from last known coordinator localhost:60622 (id: 2147483647 rack: null)
2026-01-31T02:09:12.280+05:30  INFO 41816 --- [idas-core-group] org.apache.kafka.clients.NetworkClient   : [Consumer clientId=consumer-midas-core-group-1, groupId=midas-core-group] Client requested disconnect from node 2147483647
2026-01-31T02:09:12.290+05:30  INFO 41816 --- [ntainer#0-0-C-1] o.a.k.c.c.internals.ConsumerCoordinator  : [Consumer clientId=consumer-midas-core-group-1, groupId=midas-core-group] Discovered group coordinator localhost:60622 (id: 2147483647 rack: null)
2026-01-31T02:09:12.290+05:30  INFO 41816 --- [ntainer#0-0-C-1] o.a.k.c.c.internals.ConsumerCoordinator  : [Consumer clientId=consumer-midas-core-group-1, groupId=midas-core-group] Group coordinator localhost:60622 (id: 2147483647 rack: null) is unavailable or invalid due to cause: coordinator unavailable. isDisconnected: false. Rediscovery will be attempted.
2026-01-31T02:09:12.290+05:30  INFO 41816 --- [ntainer#0-0-C-1] o.a.k.c.c.internals.ConsumerCoordinator  : [Consumer clientId=consumer-midas-core-group-1, groupId=midas-core-group] Requesting disconnect from last known coordinator localhost:60622 (id: 2147483647 rack: null)
2026-01-31T02:09:12.400+05:30  INFO 41816 --- [ntainer#0-0-C-1] o.a.k.c.c.internals.ConsumerCoordinator  : [Consumer clientId=consumer-midas-core-group-1, groupId=midas-core-group] Discovered group coordinator localhost:60622 (id: 2147483647 rack: null)
2026-01-31T02:09:18.134+05:30  WARN 41816 --- [l-1 housekeeper] com.zaxxer.hikari.pool.HikariPool        : HikariPool-1 - Thread starvation or clock leap detected (housekeeper delta=4m21s379ms).
2026-01-31T02:26:52.639+05:30  INFO 41816 --- [idas-core-group] o.a.k.c.c.internals.ConsumerCoordinator  : [Consumer clientId=consumer-midas-core-group-1, groupId=midas-core-group] Group coordinator localhost:60622 (id: 2147483647 rack: null) is unavailable or invalid due to cause: session timed out without receiving a heartbeat response. isDisconnected: false. Rediscovery will be attempted.
2026-01-31T02:26:52.640+05:30  INFO 41816 --- [idas-core-group] o.a.k.c.c.internals.ConsumerCoordinator  : [Consumer clientId=consumer-midas-core-group-1, groupId=midas-core-group] Requesting disconnect from last known coordinator localhost:60622 (id: 2147483647 rack: null)
2026-01-31T02:26:52.640+05:30  INFO 41816 --- [idas-core-group] org.apache.kafka.clients.NetworkClient   : [Consumer clientId=consumer-midas-core-group-1, groupId=midas-core-group] Client requested disconnect from node 2147483647
2026-01-31T02:26:52.647+05:30  INFO 41816 --- [ntainer#0-0-C-1] o.a.k.c.c.internals.ConsumerCoordinator  : [Consumer clientId=consumer-midas-core-group-1, groupId=midas-core-group] Discovered group coordinator localhost:60622 (id: 2147483647 rack: null)
2026-01-31T02:26:52.647+05:30  INFO 41816 --- [ntainer#0-0-C-1] o.a.k.c.c.internals.ConsumerCoordinator  : [Consumer clientId=consumer-midas-core-group-1, groupId=midas-core-group] Group coordinator localhost:60622 (id: 2147483647 rack: null) is unavailable or invalid due to cause: coordinator unavailable. isDisconnected: false. Rediscovery will be attempted.
2026-01-31T02:26:52.647+05:30  INFO 41816 --- [ntainer#0-0-C-1] o.a.k.c.c.internals.ConsumerCoordinator  : [Consumer clientId=consumer-midas-core-group-1, groupId=midas-core-group] Requesting disconnect from last known coordinator localhost:60622 (id: 2147483647 rack: null)
2026-01-31T02:26:52.751+05:30  INFO 41816 --- [ntainer#0-0-C-1] o.a.k.c.c.internals.ConsumerCoordinator  : [Consumer clientId=consumer-midas-core-group-1, groupId=midas-core-group] Discovered group coordinator localhost:60622 (id: 2147483647 rack: null)
2026-01-31T02:27:28.866+05:30  INFO 41816 --- [           main] com.jpmc.midascore.TaskThreeTests        : ...
2026-01-31T02:29:00.446+05:30  WARN 41816 --- [l-1 housekeeper] com.zaxxer.hikari.pool.HikariPool        : HikariPool-1 - Thread starvation or clock leap detected (housekeeper delta=19m42s311ms).
2026-01-31T02:29:03.593+05:30  INFO 41816 --- [           main] com.jpmc.midascore.TaskThreeTests        : ...
2026-01-31T02:47:15.282+05:30  INFO 41816 --- [idas-core-group] o.a.k.c.c.internals.ConsumerCoordinator  : [Consumer clientId=consumer-midas-core-group-1, groupId=midas-core-group] Group coordinator localhost:60622 (id: 2147483647 rack: null) is unavailable or invalid due to cause: session timed out without receiving a heartbeat response. isDisconnected: false. Rediscovery will be attempted.
2026-01-31T02:47:15.282+05:30  INFO 41816 --- [idas-core-group] o.a.k.c.c.internals.ConsumerCoordinator  : [Consumer clientId=consumer-midas-core-group-1, groupId=midas-core-group] Requesting disconnect from last known coordinator localhost:60622 (id: 2147483647 rack: null)
2026-01-31T02:47:15.282+05:30  INFO 41816 --- [idas-core-group] org.apache.kafka.clients.NetworkClient   : [Consumer clientId=consumer-midas-core-group-1, groupId=midas-core-group] Client requested disconnect from node 2147483647
2026-01-31T02:47:15.285+05:30  INFO 41816 --- [ntainer#0-0-C-1] o.a.k.c.c.internals.ConsumerCoordinator  : [Consumer clientId=consumer-midas-core-group-1, groupId=midas-core-group] Discovered group coordinator localhost:60622 (id: 2147483647 rack: null)
2026-01-31T02:47:15.286+05:30  INFO 41816 --- [ntainer#0-0-C-1] o.a.k.c.c.internals.ConsumerCoordinator  : [Consumer clientId=consumer-midas-core-group-1, groupId=midas-core-group] Group coordinator localhost:60622 (id: 2147483647 rack: null) is unavailable or invalid due to cause: coordinator unavailable. isDisconnected: false. Rediscovery will be attempted.
2026-01-31T02:47:15.286+05:30  INFO 41816 --- [ntainer#0-0-C-1] o.a.k.c.c.internals.ConsumerCoordinator  : [Consumer clientId=consumer-midas-core-group-1, groupId=midas-core-group] Requesting disconnect from last known coordinator localhost:60622 (id: 2147483647 rack: null)
2026-01-31T02:47:15.392+05:30  INFO 41816 --- [ntainer#0-0-C-1] o.a.k.c.c.internals.ConsumerCoordinator  : [Consumer clientId=consumer-midas-core-group-1, groupId=midas-core-group] Discovered group coordinator localhost:60622 (id: 2147483647 rack: null)
2026-01-31T02:47:24.910+05:30  INFO 41816 --- [           main] com.jpmc.midascore.TaskThreeTests        : ...
2026-01-31T02:47:31.759+05:30  WARN 41816 --- [l-1 housekeeper] com.zaxxer.hikari.pool.HikariPool        : HikariPool-1 - Thread starvation or clock leap detected (housekeeper delta=18m31s314ms).
2026-01-31T03:03:05.176+05:30  INFO 41816 --- [ntainer#0-0-C-1] org.apache.kafka.clients.NetworkClient   : [Consumer clientId=consumer-midas-core-group-1, groupId=midas-core-group] Disconnecting from node 0 due to request timeout.
2026-01-31T03:03:05.179+05:30  INFO 41816 --- [ntainer#0-0-C-1] org.apache.kafka.clients.NetworkClient   : [Consumer clientId=consumer-midas-core-group-1, groupId=midas-core-group] Cancelled in-flight FETCH request with correlation id 3724 due to node 0 being disconnected (elapsed time since creation: 926072ms, elapsed time since send: 926072ms, request timeout: 30000ms)
2026-01-31T03:03:05.181+05:30  INFO 41816 --- [idas-core-group] o.a.k.c.c.internals.ConsumerCoordinator  : [Consumer clientId=consumer-midas-core-group-1, groupId=midas-core-group] Group coordinator localhost:60622 (id: 2147483647 rack: null) is unavailable or invalid due to cause: session timed out without receiving a heartbeat response. isDisconnected: false. Rediscovery will be attempted.
2026-01-31T03:03:05.182+05:30  INFO 41816 --- [idas-core-group] o.a.k.c.c.internals.ConsumerCoordinator  : [Consumer clientId=consumer-midas-core-group-1, groupId=midas-core-group] Requesting disconnect from last known coordinator localhost:60622 (id: 2147483647 rack: null)
2026-01-31T03:03:05.182+05:30  INFO 41816 --- [idas-core-group] org.apache.kafka.clients.NetworkClient   : [Consumer clientId=consumer-midas-core-group-1, groupId=midas-core-group] Client requested disconnect from node 2147483647
2026-01-31T03:03:05.180+05:30  INFO 41816 --- [ntainer#0-0-C-1] o.a.kafka.clients.FetchSessionHandler    : [Consumer clientId=consumer-midas-core-group-1, groupId=midas-core-group] Error sending fetch request (sessionId=1112455374, epoch=1120) to node 0:

org.apache.kafka.common.errors.DisconnectException: null

2026-01-31T03:03:05.282+05:30  INFO 41816 --- [ntainer#0-0-C-1] o.a.k.c.c.internals.ConsumerCoordinator  : [Consumer clientId=consumer-midas-core-group-1, groupId=midas-core-group] Discovered group coordinator localhost:60622 (id: 2147483647 rack: null)
2026-01-31T03:03:10.682+05:30  INFO 41816 --- [           main] com.jpmc.midascore.TaskThreeTests        : ...
2026-01-31T03:04:42.264+05:30  WARN 41816 --- [l-1 housekeeper] com.zaxxer.hikari.pool.HikariPool        : HikariPool-1 - Thread starvation or clock leap detected (housekeeper delta=17m10s505ms).
2026-01-31T03:04:45.430+05:30  INFO 41816 --- [           main] com.jpmc.midascore.TaskThreeTests        : ...
2026-01-31T03:05:30.345+05:30  INFO 41816 --- [           main] com.jpmc.midascore.TaskThreeTests        : ...
2026-01-31T03:05:37.179+05:30  WARN 41816 --- [l-1 housekeeper] com.zaxxer.hikari.pool.HikariPool        : HikariPool-1 - Thread starvation or clock leap detected (housekeeper delta=54s915ms).
2026-01-31T03:10:12.408+05:30  INFO 41816 --- [idas-core-group] o.a.k.c.c.internals.ConsumerCoordinator  : [Consumer clientId=consumer-midas-core-group-1, groupId=midas-core-group] Group coordinator localhost:60622 (id: 2147483647 rack: null) is unavailable or invalid due to cause: session timed out without receiving a heartbeat response. isDisconnected: false. Rediscovery will be attempted.
2026-01-31T03:10:12.408+05:30  INFO 41816 --- [idas-core-group] o.a.k.c.c.internals.ConsumerCoordinator  : [Consumer clientId=consumer-midas-core-group-1, groupId=midas-core-group] Requesting disconnect from last known coordinator localhost:60622 (id: 2147483647 rack: null)
2026-01-31T03:10:12.408+05:30  INFO 41816 --- [idas-core-group] org.apache.kafka.clients.NetworkClient   : [Consumer clientId=consumer-midas-core-group-1, groupId=midas-core-group] Client requested disconnect from node 2147483647
2026-01-31T03:10:12.414+05:30  INFO 41816 --- [ntainer#0-0-C-1] o.a.k.c.c.internals.ConsumerCoordinator  : [Consumer clientId=consumer-midas-core-group-1, groupId=midas-core-group] Discovered group coordinator localhost:60622 (id: 2147483647 rack: null)
2026-01-31T03:10:12.414+05:30  INFO 41816 --- [ntainer#0-0-C-1] o.a.k.c.c.internals.ConsumerCoordinator  : [Consumer clientId=consumer-midas-core-group-1, groupId=midas-core-group] Group coordinator localhost:60622 (id: 2147483647 rack: null) is unavailable or invalid due to cause: coordinator unavailable. isDisconnected: false. Rediscovery will be attempted.
2026-01-31T03:10:12.414+05:30  INFO 41816 --- [ntainer#0-0-C-1] o.a.k.c.c.internals.ConsumerCoordinator  : [Consumer clientId=consumer-midas-core-group-1, groupId=midas-core-group] Requesting disconnect from last known coordinator localhost:60622 (id: 2147483647 rack: null)
2026-01-31T03:10:12.516+05:30  INFO 41816 --- [ntainer#0-0-C-1] o.a.k.c.c.internals.ConsumerCoordinator  : [Consumer clientId=consumer-midas-core-group-1, groupId=midas-core-group] Discovered group coordinator localhost:60622 (id: 2147483647 rack: null)
2026-01-31T03:27:25.277+05:30  INFO 41816 --- [idas-core-group] o.a.k.c.c.internals.ConsumerCoordinator  : [Consumer clientId=consumer-midas-core-group-1, groupId=midas-core-group] Group coordinator localhost:60622 (id: 2147483647 rack: null) is unavailable or invalid due to cause: session timed out without receiving a heartbeat response. isDisconnected: false. Rediscovery will be attempted.
2026-01-31T03:27:25.280+05:30  INFO 41816 --- [idas-core-group] o.a.k.c.c.internals.ConsumerCoordinator  : [Consumer clientId=consumer-midas-core-group-1, groupId=midas-core-group] Requesting disconnect from last known coordinator localhost:60622 (id: 2147483647 rack: null)
2026-01-31T03:27:25.280+05:30  INFO 41816 --- [idas-core-group] org.apache.kafka.clients.NetworkClient   : [Consumer clientId=consumer-midas-core-group-1, groupId=midas-core-group] Client requested disconnect from node 2147483647
2026-01-31T03:27:25.291+05:30  INFO 41816 --- [ntainer#0-0-C-1] o.a.k.c.c.internals.ConsumerCoordinator  : [Consumer clientId=consumer-midas-core-group-1, groupId=midas-core-group] Discovered group coordinator localhost:60622 (id: 2147483647 rack: null)
2026-01-31T03:27:25.292+05:30  INFO 41816 --- [ntainer#0-0-C-1] o.a.k.c.c.internals.ConsumerCoordinator  : [Consumer clientId=consumer-midas-core-group-1, groupId=midas-core-group] Group coordinator localhost:60622 (id: 2147483647 rack: null) is unavailable or invalid due to cause: coordinator unavailable. isDisconnected: false. Rediscovery will be attempted.
2026-01-31T03:27:25.292+05:30  INFO 41816 --- [ntainer#0-0-C-1] o.a.k.c.c.internals.ConsumerCoordinator  : [Consumer clientId=consumer-midas-core-group-1, groupId=midas-core-group] Requesting disconnect from last known coordinator localhost:60622 (id: 2147483647 rack: null)
2026-01-31T03:27:25.402+05:30  INFO 41816 --- [ntainer#0-0-C-1] o.a.k.c.c.internals.ConsumerCoordinator  : [Consumer clientId=consumer-midas-core-group-1, groupId=midas-core-group] Discovered group coordinator localhost:60622 (id: 2147483647 rack: null)
2026-01-31T03:27:30.367+05:30  INFO 41816 --- [           main] com.jpmc.midascore.TaskThreeTests        : ...
2026-01-31T03:29:01.946+05:30  WARN 41816 --- [l-1 housekeeper] com.zaxxer.hikari.pool.HikariPool        : HikariPool-1 - Thread starvation or clock leap detected (housekeeper delta=23m24s767ms).
2026-01-31T03:29:05.123+05:30  INFO 41816 --- [           main] com.jpmc.midascore.TaskThreeTests        : ...
2026-01-31T03:47:49.433+05:30  INFO 41816 --- [idas-core-group] o.a.k.c.c.internals.ConsumerCoordinator  : [Consumer clientId=consumer-midas-core-group-1, groupId=midas-core-group] Group coordinator localhost:60622 (id: 2147483647 rack: null) is unavailable or invalid due to cause: session timed out without receiving a heartbeat response. isDisconnected: false. Rediscovery will be attempted.
2026-01-31T03:47:49.434+05:30  INFO 41816 --- [idas-core-group] o.a.k.c.c.internals.ConsumerCoordinator  : [Consumer clientId=consumer-midas-core-group-1, groupId=midas-core-group] Requesting disconnect from last known coordinator localhost:60622 (id: 2147483647 rack: null)
2026-01-31T03:47:49.434+05:30  INFO 41816 --- [idas-core-group] org.apache.kafka.clients.NetworkClient   : [Consumer clientId=consumer-midas-core-group-1, groupId=midas-core-group] Client requested disconnect from node 2147483647
2026-01-31T03:47:49.436+05:30  INFO 41816 --- [ntainer#0-0-C-1] o.a.k.c.c.internals.ConsumerCoordinator  : [Consumer clientId=consumer-midas-core-group-1, groupId=midas-core-group] Discovered group coordinator localhost:60622 (id: 2147483647 rack: null)
2026-01-31T03:47:49.436+05:30  INFO 41816 --- [ntainer#0-0-C-1] o.a.k.c.c.internals.ConsumerCoordinator  : [Consumer clientId=consumer-midas-core-group-1, groupId=midas-core-group] Group coordinator localhost:60622 (id: 2147483647 rack: null) is unavailable or invalid due to cause: coordinator unavailable. isDisconnected: false. Rediscovery will be attempted.
2026-01-31T03:47:49.436+05:30  INFO 41816 --- [ntainer#0-0-C-1] o.a.k.c.c.internals.ConsumerCoordinator  : [Consumer clientId=consumer-midas-core-group-1, groupId=midas-core-group] Requesting disconnect from last known coordinator localhost:60622 (id: 2147483647 rack: null)
2026-01-31T03:47:49.546+05:30  INFO 41816 --- [ntainer#0-0-C-1] o.a.k.c.c.internals.ConsumerCoordinator  : [Consumer clientId=consumer-midas-core-group-1, groupId=midas-core-group] Discovered group coordinator localhost:60622 (id: 2147483647 rack: null)
2026-01-31T03:47:52.356+05:30  INFO 41816 --- [           main] com.jpmc.midascore.TaskThreeTests        : ...
2026-01-31T03:48:24.092+05:30  WARN 41816 --- [l-1 housekeeper] com.zaxxer.hikari.pool.HikariPool        : HikariPool-1 - Thread starvation or clock leap detected (housekeeper delta=19m22s145ms).
2026-01-31T03:49:27.115+05:30  INFO 41816 --- [           main] com.jpmc.midascore.TaskThreeTests        : ...
2026-01-31T03:50:33.746+05:30  WARN 41816 --- [l-1 housekeeper] com.zaxxer.hikari.pool.HikariPool        : HikariPool-1 - Thread starvation or clock leap detected (housekeeper delta=2m9s655ms).
2026-01-31T03:50:36.922+05:30  INFO 41816 --- [           main] com.jpmc.midascore.TaskThreeTests        : ...
2026-01-31T04:07:05.508+05:30  INFO 41816 --- [idas-core-group] o.a.k.c.c.internals.ConsumerCoordinator  : [Consumer clientId=consumer-midas-core-group-1, groupId=midas-core-group] Group coordinator localhost:60622 (id: 2147483647 rack: null) is unavailable or invalid due to cause: session timed out without receiving a heartbeat response. isDisconnected: false. Rediscovery will be attempted.
2026-01-31T04:07:05.508+05:30  INFO 41816 --- [idas-core-group] o.a.k.c.c.internals.ConsumerCoordinator  : [Consumer clientId=consumer-midas-core-group-1, groupId=midas-core-group] Requesting disconnect from last known coordinator localhost:60622 (id: 2147483647 rack: null)
2026-01-31T04:07:05.508+05:30  INFO 41816 --- [idas-core-group] org.apache.kafka.clients.NetworkClient   : [Consumer clientId=consumer-midas-core-group-1, groupId=midas-core-group] Client requested disconnect from node 2147483647
2026-01-31T04:07:05.511+05:30  INFO 41816 --- [ntainer#0-0-C-1] o.a.k.c.c.internals.ConsumerCoordinator  : [Consumer clientId=consumer-midas-core-group-1, groupId=midas-core-group] Discovered group coordinator localhost:60622 (id: 2147483647 rack: null)
2026-01-31T04:07:05.511+05:30  INFO 41816 --- [ntainer#0-0-C-1] o.a.k.c.c.internals.ConsumerCoordinator  : [Consumer clientId=consumer-midas-core-group-1, groupId=midas-core-group] Group coordinator localhost:60622 (id: 2147483647 rack: null) is unavailable or invalid due to cause: coordinator unavailable. isDisconnected: false. Rediscovery will be attempted.
2026-01-31T04:07:05.511+05:30  INFO 41816 --- [ntainer#0-0-C-1] o.a.k.c.c.internals.ConsumerCoordinator  : [Consumer clientId=consumer-midas-core-group-1, groupId=midas-core-group] Requesting disconnect from last known coordinator localhost:60622 (id: 2147483647 rack: null)
2026-01-31T04:07:05.617+05:30  INFO 41816 --- [ntainer#0-0-C-1] o.a.k.c.c.internals.ConsumerCoordinator  : [Consumer clientId=consumer-midas-core-group-1, groupId=midas-core-group] Discovered group coordinator localhost:60622 (id: 2147483647 rack: null)
2026-01-31T04:08:12.641+05:30  INFO 41816 --- [           main] com.jpmc.midascore.TaskThreeTests        : ...
2026-01-31T04:08:44.364+05:30  WARN 41816 --- [l-1 housekeeper] com.zaxxer.hikari.pool.HikariPool        : HikariPool-1 - Thread starvation or clock leap detected (housekeeper delta=18m10s618ms).
2026-01-31T04:11:12.305+05:30  INFO 41816 --- [idas-core-group] o.a.k.c.c.internals.ConsumerCoordinator  : [Consumer clientId=consumer-midas-core-group-1, groupId=midas-core-group] Group coordinator localhost:60622 (id: 2147483647 rack: null) is unavailable or invalid due to cause: session timed out without receiving a heartbeat response. isDisconnected: false. Rediscovery will be attempted.
2026-01-31T04:11:12.305+05:30  INFO 41816 --- [idas-core-group] o.a.k.c.c.internals.ConsumerCoordinator  : [Consumer clientId=consumer-midas-core-group-1, groupId=midas-core-group] Requesting disconnect from last known coordinator localhost:60622 (id: 2147483647 rack: null)
2026-01-31T04:11:12.305+05:30  INFO 41816 --- [idas-core-group] org.apache.kafka.clients.NetworkClient   : [Consumer clientId=consumer-midas-core-group-1, groupId=midas-core-group] Client requested disconnect from node 2147483647
2026-01-31T04:11:12.307+05:30  INFO 41816 --- [ntainer#0-0-C-1] o.a.k.c.c.internals.ConsumerCoordinator  : [Consumer clientId=consumer-midas-core-group-1, groupId=midas-core-group] Discovered group coordinator localhost:60622 (id: 2147483647 rack: null)
2026-01-31T04:11:12.307+05:30  INFO 41816 --- [ntainer#0-0-C-1] o.a.k.c.c.internals.ConsumerCoordinator  : [Consumer clientId=consumer-midas-core-group-1, groupId=midas-core-group] Group coordinator localhost:60622 (id: 2147483647 rack: null) is unavailable or invalid due to cause: coordinator unavailable. isDisconnected: false. Rediscovery will be attempted.
2026-01-31T04:11:12.307+05:30  INFO 41816 --- [ntainer#0-0-C-1] o.a.k.c.c.internals.ConsumerCoordinator  : [Consumer clientId=consumer-midas-core-group-1, groupId=midas-core-group] Requesting disconnect from last known coordinator localhost:60622 (id: 2147483647 rack: null)
2026-01-31T04:11:12.418+05:30  INFO 41816 --- [ntainer#0-0-C-1] o.a.k.c.c.internals.ConsumerCoordinator  : [Consumer clientId=consumer-midas-core-group-1, groupId=midas-core-group] Discovered group coordinator localhost:60622 (id: 2147483647 rack: null)
2026-01-31T04:11:15.203+05:30  INFO 41816 --- [           main] com.jpmc.midascore.TaskThreeTests        : ...
2026-01-31T04:26:44.469+05:30  INFO 41816 --- [idas-core-group] o.a.k.c.c.internals.ConsumerCoordinator  : [Consumer clientId=consumer-midas-core-group-1, groupId=midas-core-group] Group coordinator localhost:60622 (id: 2147483647 rack: null) is unavailable or invalid due to cause: session timed out without receiving a heartbeat response. isDisconnected: false. Rediscovery will be attempted.
2026-01-31T04:26:44.469+05:30  INFO 41816 --- [idas-core-group] o.a.k.c.c.internals.ConsumerCoordinator  : [Consumer clientId=consumer-midas-core-group-1, groupId=midas-core-group] Requesting disconnect from last known coordinator localhost:60622 (id: 2147483647 rack: null)
2026-01-31T04:26:44.469+05:30  INFO 41816 --- [idas-core-group] org.apache.kafka.clients.NetworkClient   : [Consumer clientId=consumer-midas-core-group-1, groupId=midas-core-group] Client requested disconnect from node 2147483647
2026-01-31T04:26:44.472+05:30  INFO 41816 --- [ntainer#0-0-C-1] o.a.k.c.c.internals.ConsumerCoordinator  : [Consumer clientId=consumer-midas-core-group-1, groupId=midas-core-group] Discovered group coordinator localhost:60622 (id: 2147483647 rack: null)
2026-01-31T04:26:44.472+05:30  INFO 41816 --- [ntainer#0-0-C-1] o.a.k.c.c.internals.ConsumerCoordinator  : [Consumer clientId=consumer-midas-core-group-1, groupId=midas-core-group] Group coordinator localhost:60622 (id: 2147483647 rack: null) is unavailable or invalid due to cause: coordinator unavailable. isDisconnected: false. Rediscovery will be attempted.
2026-01-31T04:26:44.472+05:30  INFO 41816 --- [ntainer#0-0-C-1] o.a.k.c.c.internals.ConsumerCoordinator  : [Consumer clientId=consumer-midas-core-group-1, groupId=midas-core-group] Requesting disconnect from last known coordinator localhost:60622 (id: 2147483647 rack: null)
2026-01-31T04:26:44.576+05:30  INFO 41816 --- [ntainer#0-0-C-1] o.a.k.c.c.internals.ConsumerCoordinator  : [Consumer clientId=consumer-midas-core-group-1, groupId=midas-core-group] Discovered group coordinator localhost:60622 (id: 2147483647 rack: null)
2026-01-31T04:27:21.842+05:30  WARN 41816 --- [l-1 housekeeper] com.zaxxer.hikari.pool.HikariPool        : HikariPool-1 - Thread starvation or clock leap detected (housekeeper delta=18m37s478ms).
2026-01-31T04:27:25.031+05:30  INFO 41816 --- [           main] com.jpmc.midascore.TaskThreeTests        : ...
2026-01-31T04:28:59.763+05:30  INFO 41816 --- [           main] com.jpmc.midascore.TaskThreeTests        : ...
2026-01-31T04:32:47.448+05:30  INFO 41816 --- [idas-core-group] o.a.k.c.c.internals.ConsumerCoordinator  : [Consumer clientId=consumer-midas-core-group-1, groupId=midas-core-group] Group coordinator localhost:60622 (id: 2147483647 rack: null) is unavailable or invalid due to cause: session timed out without receiving a heartbeat response. isDisconnected: false. Rediscovery will be attempted.
2026-01-31T04:32:47.448+05:30  INFO 41816 --- [idas-core-group] o.a.k.c.c.internals.ConsumerCoordinator  : [Consumer clientId=consumer-midas-core-group-1, groupId=midas-core-group] Requesting disconnect from last known coordinator localhost:60622 (id: 2147483647 rack: null)
2026-01-31T04:32:47.448+05:30  INFO 41816 --- [idas-core-group] org.apache.kafka.clients.NetworkClient   : [Consumer clientId=consumer-midas-core-group-1, groupId=midas-core-group] Client requested disconnect from node 2147483647
2026-01-31T04:32:47.452+05:30  INFO 41816 --- [ntainer#0-0-C-1] o.a.k.c.c.internals.ConsumerCoordinator  : [Consumer clientId=consumer-midas-core-group-1, groupId=midas-core-group] Discovered group coordinator localhost:60622 (id: 2147483647 rack: null)
2026-01-31T04:32:47.452+05:30  INFO 41816 --- [ntainer#0-0-C-1] o.a.k.c.c.internals.ConsumerCoordinator  : [Consumer clientId=consumer-midas-core-group-1, groupId=midas-core-group] Group coordinator localhost:60622 (id: 2147483647 rack: null) is unavailable or invalid due to cause: coordinator unavailable. isDisconnected: false. Rediscovery will be attempted.
2026-01-31T04:32:47.452+05:30  INFO 41816 --- [ntainer#0-0-C-1] o.a.k.c.c.internals.ConsumerCoordinator  : [Consumer clientId=consumer-midas-core-group-1, groupId=midas-core-group] Requesting disconnect from last known coordinator localhost:60622 (id: 2147483647 rack: null)
2026-01-31T04:32:47.558+05:30  INFO 41816 --- [ntainer#0-0-C-1] o.a.k.c.c.internals.ConsumerCoordinator  : [Consumer clientId=consumer-midas-core-group-1, groupId=midas-core-group] Discovered group coordinator localhost:60622 (id: 2147483647 rack: null)
2026-01-31T04:32:47.703+05:30  WARN 41816 --- [l-1 housekeeper] com.zaxxer.hikari.pool.HikariPool        : HikariPool-1 - Thread starvation or clock leap detected (housekeeper delta=5m25s861ms).
2026-01-31T04:48:30.241+05:30  INFO 41816 --- [idas-core-group] o.a.k.c.c.internals.ConsumerCoordinator  : [Consumer clientId=consumer-midas-core-group-1, groupId=midas-core-group] Group coordinator localhost:60622 (id: 2147483647 rack: null) is unavailable or invalid due to cause: session timed out without receiving a heartbeat response. isDisconnected: false. Rediscovery will be attempted.
2026-01-31T04:48:30.241+05:30  INFO 41816 --- [idas-core-group] o.a.k.c.c.internals.ConsumerCoordinator  : [Consumer clientId=consumer-midas-core-group-1, groupId=midas-core-group] Requesting disconnect from last known coordinator localhost:60622 (id: 2147483647 rack: null)
2026-01-31T04:48:30.241+05:30  INFO 41816 --- [idas-core-group] org.apache.kafka.clients.NetworkClient   : [Consumer clientId=consumer-midas-core-group-1, groupId=midas-core-group] Client requested disconnect from node 2147483647
2026-01-31T04:48:30.243+05:30  INFO 41816 --- [ntainer#0-0-C-1] o.a.k.c.c.internals.ConsumerCoordinator  : [Consumer clientId=consumer-midas-core-group-1, groupId=midas-core-group] Discovered group coordinator localhost:60622 (id: 2147483647 rack: null)
2026-01-31T04:48:30.243+05:30  INFO 41816 --- [ntainer#0-0-C-1] o.a.k.c.c.internals.ConsumerCoordinator  : [Consumer clientId=consumer-midas-core-group-1, groupId=midas-core-group] Group coordinator localhost:60622 (id: 2147483647 rack: null) is unavailable or invalid due to cause: coordinator unavailable. isDisconnected: false. Rediscovery will be attempted.
2026-01-31T04:48:30.243+05:30  INFO 41816 --- [ntainer#0-0-C-1] o.a.k.c.c.internals.ConsumerCoordinator  : [Consumer clientId=consumer-midas-core-group-1, groupId=midas-core-group] Requesting disconnect from last known coordinator localhost:60622 (id: 2147483647 rack: null)
2026-01-31T04:48:30.350+05:30  INFO 41816 --- [ntainer#0-0-C-1] o.a.k.c.c.internals.ConsumerCoordinator  : [Consumer clientId=consumer-midas-core-group-1, groupId=midas-core-group] Discovered group coordinator localhost:60622 (id: 2147483647 rack: null)
2026-01-31T04:49:01.414+05:30  INFO 41816 --- [           main] com.jpmc.midascore.TaskThreeTests        : ...
2026-01-31T04:49:43.102+05:30  WARN 41816 --- [l-1 housekeeper] com.zaxxer.hikari.pool.HikariPool        : HikariPool-1 - Thread starvation or clock leap detected (housekeeper delta=16m55s399ms).
2026-01-31T04:50:11.220+05:30  INFO 41816 --- [           main] com.jpmc.midascore.TaskThreeTests        : ...
2026-01-31T05:06:57.491+05:30  INFO 41816 --- [idas-core-group] o.a.k.c.c.internals.ConsumerCoordinator  : [Consumer clientId=consumer-midas-core-group-1, groupId=midas-core-group] Group coordinator localhost:60622 (id: 2147483647 rack: null) is unavailable or invalid due to cause: session timed out without receiving a heartbeat response. isDisconnected: false. Rediscovery will be attempted.
2026-01-31T05:06:57.492+05:30  INFO 41816 --- [idas-core-group] o.a.k.c.c.internals.ConsumerCoordinator  : [Consumer clientId=consumer-midas-core-group-1, groupId=midas-core-group] Requesting disconnect from last known coordinator localhost:60622 (id: 2147483647 rack: null)
2026-01-31T05:06:57.492+05:30  INFO 41816 --- [idas-core-group] org.apache.kafka.clients.NetworkClient   : [Consumer clientId=consumer-midas-core-group-1, groupId=midas-core-group] Client requested disconnect from node 2147483647
2026-01-31T05:06:57.494+05:30  INFO 41816 --- [ntainer#0-0-C-1] o.a.k.c.c.internals.ConsumerCoordinator  : [Consumer clientId=consumer-midas-core-group-1, groupId=midas-core-group] Discovered group coordinator localhost:60622 (id: 2147483647 rack: null)
2026-01-31T05:06:57.494+05:30  INFO 41816 --- [ntainer#0-0-C-1] o.a.k.c.c.internals.ConsumerCoordinator  : [Consumer clientId=consumer-midas-core-group-1, groupId=midas-core-group] Group coordinator localhost:60622 (id: 2147483647 rack: null) is unavailable or invalid due to cause: coordinator unavailable. isDisconnected: false. Rediscovery will be attempted.
2026-01-31T05:06:57.494+05:30  INFO 41816 --- [ntainer#0-0-C-1] o.a.k.c.c.internals.ConsumerCoordinator  : [Consumer clientId=consumer-midas-core-group-1, groupId=midas-core-group] Requesting disconnect from last known coordinator localhost:60622 (id: 2147483647 rack: null)
2026-01-31T05:06:57.604+05:30  INFO 41816 --- [ntainer#0-0-C-1] o.a.k.c.c.internals.ConsumerCoordinator  : [Consumer clientId=consumer-midas-core-group-1, groupId=midas-core-group] Discovered group coordinator localhost:60622 (id: 2147483647 rack: null)
2026-01-31T05:06:58.140+05:30  INFO 41816 --- [           main] com.jpmc.midascore.TaskThreeTests        : ...
2026-01-31T05:07:29.851+05:30  WARN 41816 --- [l-1 housekeeper] com.zaxxer.hikari.pool.HikariPool        : HikariPool-1 - Thread starvation or clock leap detected (housekeeper delta=17m46s749ms).
2026-01-31T05:08:32.893+05:30  INFO 41816 --- [           main] com.jpmc.midascore.TaskThreeTests        : ...
2026-01-31T05:09:39.510+05:30  WARN 41816 --- [l-1 housekeeper] com.zaxxer.hikari.pool.HikariPool        : HikariPool-1 - Thread starvation or clock leap detected (housekeeper delta=2m9s659ms).
2026-01-31T05:09:42.714+05:30  INFO 41816 --- [           main] com.jpmc.midascore.TaskThreeTests        : ...
2026-01-31T05:12:12.238+05:30  INFO 41816 --- [idas-core-group] o.a.k.c.c.internals.ConsumerCoordinator  : [Consumer clientId=consumer-midas-core-group-1, groupId=midas-core-group] Group coordinator localhost:60622 (id: 2147483647 rack: null) is unavailable or invalid due to cause: session timed out without receiving a heartbeat response. isDisconnected: false. Rediscovery will be attempted.
2026-01-31T05:12:12.239+05:30  INFO 41816 --- [idas-core-group] o.a.k.c.c.internals.ConsumerCoordinator  : [Consumer clientId=consumer-midas-core-group-1, groupId=midas-core-group] Requesting disconnect from last known coordinator localhost:60622 (id: 2147483647 rack: null)
2026-01-31T05:12:12.239+05:30  INFO 41816 --- [idas-core-group] org.apache.kafka.clients.NetworkClient   : [Consumer clientId=consumer-midas-core-group-1, groupId=midas-core-group] Client requested disconnect from node 2147483647
2026-01-31T05:12:12.245+05:30  INFO 41816 --- [ntainer#0-0-C-1] o.a.k.c.c.internals.ConsumerCoordinator  : [Consumer clientId=consumer-midas-core-group-1, groupId=midas-core-group] Discovered group coordinator localhost:60622 (id: 2147483647 rack: null)
2026-01-31T05:12:12.245+05:30  INFO 41816 --- [ntainer#0-0-C-1] o.a.k.c.c.internals.ConsumerCoordinator  : [Consumer clientId=consumer-midas-core-group-1, groupId=midas-core-group] Group coordinator localhost:60622 (id: 2147483647 rack: null) is unavailable or invalid due to cause: coordinator unavailable. isDisconnected: false. Rediscovery will be attempted.
2026-01-31T05:12:12.245+05:30  INFO 41816 --- [ntainer#0-0-C-1] o.a.k.c.c.internals.ConsumerCoordinator  : [Consumer clientId=consumer-midas-core-group-1, groupId=midas-core-group] Requesting disconnect from last known coordinator localhost:60622 (id: 2147483647 rack: null)
2026-01-31T05:12:12.350+05:30  INFO 41816 --- [ntainer#0-0-C-1] o.a.k.c.c.internals.ConsumerCoordinator  : [Consumer clientId=consumer-midas-core-group-1, groupId=midas-core-group] Discovered group coordinator localhost:60622 (id: 2147483647 rack: null)
2026-01-31T05:24:32.591+05:30  INFO 41816 --- [idas-core-group] o.a.k.c.c.internals.ConsumerCoordinator  : [Consumer clientId=consumer-midas-core-group-1, groupId=midas-core-group] Group coordinator localhost:60622 (id: 2147483647 rack: null) is unavailable or invalid due to cause: session timed out without receiving a heartbeat response. isDisconnected: false. Rediscovery will be attempted.
2026-01-31T05:24:32.592+05:30  INFO 41816 --- [idas-core-group] o.a.k.c.c.internals.ConsumerCoordinator  : [Consumer clientId=consumer-midas-core-group-1, groupId=midas-core-group] Requesting disconnect from last known coordinator localhost:60622 (id: 2147483647 rack: null)
2026-01-31T05:24:32.592+05:30  INFO 41816 --- [idas-core-group] org.apache.kafka.clients.NetworkClient   : [Consumer clientId=consumer-midas-core-group-1, groupId=midas-core-group] Client requested disconnect from node 2147483647
2026-01-31T05:24:32.593+05:30  INFO 41816 --- [ntainer#0-0-C-1] o.a.k.c.c.internals.ConsumerCoordinator  : [Consumer clientId=consumer-midas-core-group-1, groupId=midas-core-group] Discovered group coordinator localhost:60622 (id: 2147483647 rack: null)
2026-01-31T05:24:32.594+05:30  INFO 41816 --- [ntainer#0-0-C-1] o.a.k.c.c.internals.ConsumerCoordinator  : [Consumer clientId=consumer-midas-core-group-1, groupId=midas-core-group] Group coordinator localhost:60622 (id: 2147483647 rack: null) is unavailable or invalid due to cause: coordinator unavailable. isDisconnected: false. Rediscovery will be attempted.
2026-01-31T05:24:32.594+05:30  INFO 41816 --- [ntainer#0-0-C-1] o.a.k.c.c.internals.ConsumerCoordinator  : [Consumer clientId=consumer-midas-core-group-1, groupId=midas-core-group] Requesting disconnect from last known coordinator localhost:60622 (id: 2147483647 rack: null)
2026-01-31T05:24:32.699+05:30  INFO 41816 --- [ntainer#0-0-C-1] o.a.k.c.c.internals.ConsumerCoordinator  : [Consumer clientId=consumer-midas-core-group-1, groupId=midas-core-group] Discovered group coordinator localhost:60622 (id: 2147483647 rack: null)
2026-01-31T05:24:36.463+05:30  INFO 41816 --- [           main] com.jpmc.midascore.TaskThreeTests        : ...
2026-01-31T05:25:08.190+05:30  WARN 41816 --- [l-1 housekeeper] com.zaxxer.hikari.pool.HikariPool        : HikariPool-1 - Thread starvation or clock leap detected (housekeeper delta=15m28s680ms).
2026-01-31T05:26:11.199+05:30  INFO 41816 --- [           main] com.jpmc.midascore.TaskThreeTests        : ...
2026-01-31T05:27:17.829+05:30  WARN 41816 --- [l-1 housekeeper] com.zaxxer.hikari.pool.HikariPool        : HikariPool-1 - Thread starvation or clock leap detected (housekeeper delta=2m9s638ms).
2026-01-31T05:27:21.032+05:30  INFO 41816 --- [           main] com.jpmc.midascore.TaskThreeTests        : ...
2026-01-31T05:44:54.415+05:30  INFO 41816 --- [idas-core-group] o.a.k.c.c.internals.ConsumerCoordinator  : [Consumer clientId=consumer-midas-core-group-1, groupId=midas-core-group] Group coordinator localhost:60622 (id: 2147483647 rack: null) is unavailable or invalid due to cause: session timed out without receiving a heartbeat response. isDisconnected: false. Rediscovery will be attempted.
2026-01-31T05:44:54.416+05:30  INFO 41816 --- [idas-core-group] o.a.k.c.c.internals.ConsumerCoordinator  : [Consumer clientId=consumer-midas-core-group-1, groupId=midas-core-group] Requesting disconnect from last known coordinator localhost:60622 (id: 2147483647 rack: null)
2026-01-31T05:44:54.416+05:30  INFO 41816 --- [idas-core-group] org.apache.kafka.clients.NetworkClient   : [Consumer clientId=consumer-midas-core-group-1, groupId=midas-core-group] Client requested disconnect from node 2147483647
2026-01-31T05:44:54.420+05:30  INFO 41816 --- [ntainer#0-0-C-1] o.a.k.c.c.internals.ConsumerCoordinator  : [Consumer clientId=consumer-midas-core-group-1, groupId=midas-core-group] Discovered group coordinator localhost:60622 (id: 2147483647 rack: null)
2026-01-31T05:44:54.420+05:30  INFO 41816 --- [ntainer#0-0-C-1] o.a.k.c.c.internals.ConsumerCoordinator  : [Consumer clientId=consumer-midas-core-group-1, groupId=midas-core-group] Group coordinator localhost:60622 (id: 2147483647 rack: null) is unavailable or invalid due to cause: coordinator unavailable. isDisconnected: false. Rediscovery will be attempted.
2026-01-31T05:44:54.420+05:30  INFO 41816 --- [ntainer#0-0-C-1] o.a.k.c.c.internals.ConsumerCoordinator  : [Consumer clientId=consumer-midas-core-group-1, groupId=midas-core-group] Requesting disconnect from last known coordinator localhost:60622 (id: 2147483647 rack: null)
2026-01-31T05:44:54.531+05:30  INFO 41816 --- [ntainer#0-0-C-1] o.a.k.c.c.internals.ConsumerCoordinator  : [Consumer clientId=consumer-midas-core-group-1, groupId=midas-core-group] Discovered group coordinator localhost:60622 (id: 2147483647 rack: null)
2026-01-31T05:45:13.779+05:30  INFO 41816 --- [           main] com.jpmc.midascore.TaskThreeTests        : ...
2026-01-31T06:00:43.194+05:30  INFO 41816 --- [idas-core-group] o.a.k.c.c.internals.ConsumerCoordinator  : [Consumer clientId=consumer-midas-core-group-1, groupId=midas-core-group] Group coordinator localhost:60622 (id: 2147483647 rack: null) is unavailable or invalid due to cause: session timed out without receiving a heartbeat response. isDisconnected: false. Rediscovery will be attempted.
2026-01-31T06:00:43.194+05:30  INFO 41816 --- [idas-core-group] o.a.k.c.c.internals.ConsumerCoordinator  : [Consumer clientId=consumer-midas-core-group-1, groupId=midas-core-group] Requesting disconnect from last known coordinator localhost:60622 (id: 2147483647 rack: null)
2026-01-31T06:00:43.195+05:30  INFO 41816 --- [idas-core-group] org.apache.kafka.clients.NetworkClient   : [Consumer clientId=consumer-midas-core-group-1, groupId=midas-core-group] Client requested disconnect from node 2147483647
2026-01-31T06:00:43.220+05:30  INFO 41816 --- [ntainer#0-0-C-1] o.a.k.c.c.internals.ConsumerCoordinator  : [Consumer clientId=consumer-midas-core-group-1, groupId=midas-core-group] Discovered group coordinator localhost:60622 (id: 2147483647 rack: null)
2026-01-31T06:00:43.221+05:30  INFO 41816 --- [ntainer#0-0-C-1] o.a.k.c.c.internals.ConsumerCoordinator  : [Consumer clientId=consumer-midas-core-group-1, groupId=midas-core-group] Group coordinator localhost:60622 (id: 2147483647 rack: null) is unavailable or invalid due to cause: coordinator unavailable. isDisconnected: false. Rediscovery will be attempted.
2026-01-31T06:00:43.221+05:30  INFO 41816 --- [ntainer#0-0-C-1] o.a.k.c.c.internals.ConsumerCoordinator  : [Consumer clientId=consumer-midas-core-group-1, groupId=midas-core-group] Requesting disconnect from last known coordinator localhost:60622 (id: 2147483647 rack: null)
2026-01-31T06:00:43.323+05:30  INFO 41816 --- [ntainer#0-0-C-1] o.a.k.c.c.internals.ConsumerCoordinator  : [Consumer clientId=consumer-midas-core-group-1, groupId=midas-core-group] Discovered group coordinator localhost:60622 (id: 2147483647 rack: null)
2026-01-31T06:00:45.492+05:30  WARN 41816 --- [l-1 housekeeper] com.zaxxer.hikari.pool.HikariPool        : HikariPool-1 - Thread starvation or clock leap detected (housekeeper delta=33m27s663ms).
2026-01-31T06:01:48.512+05:30  INFO 41816 --- [           main] com.jpmc.midascore.TaskThreeTests        : ...
2026-01-31T06:02:55.104+05:30  WARN 41816 --- [l-1 housekeeper] com.zaxxer.hikari.pool.HikariPool        : HikariPool-1 - Thread starvation or clock leap detected (housekeeper delta=2m9s613ms).
2026-01-31T06:02:58.310+05:30  INFO 41816 --- [           main] com.jpmc.midascore.TaskThreeTests        : ...
2026-01-31T06:13:12.428+05:30  INFO 41816 --- [idas-core-group] o.a.k.c.c.internals.ConsumerCoordinator  : [Consumer clientId=consumer-midas-core-group-1, groupId=midas-core-group] Group coordinator localhost:60622 (id: 2147483647 rack: null) is unavailable or invalid due to cause: session timed out without receiving a heartbeat response. isDisconnected: false. Rediscovery will be attempted.
2026-01-31T06:13:12.428+05:30  INFO 41816 --- [idas-core-group] o.a.k.c.c.internals.ConsumerCoordinator  : [Consumer clientId=consumer-midas-core-group-1, groupId=midas-core-group] Requesting disconnect from last known coordinator localhost:60622 (id: 2147483647 rack: null)
2026-01-31T06:13:12.428+05:30  INFO 41816 --- [idas-core-group] org.apache.kafka.clients.NetworkClient   : [Consumer clientId=consumer-midas-core-group-1, groupId=midas-core-group] Client requested disconnect from node 2147483647
2026-01-31T06:13:12.432+05:30  INFO 41816 --- [ntainer#0-0-C-1] o.a.k.c.c.internals.ConsumerCoordinator  : [Consumer clientId=consumer-midas-core-group-1, groupId=midas-core-group] Discovered group coordinator localhost:60622 (id: 2147483647 rack: null)
2026-01-31T06:13:12.432+05:30  INFO 41816 --- [ntainer#0-0-C-1] o.a.k.c.c.internals.ConsumerCoordinator  : [Consumer clientId=consumer-midas-core-group-1, groupId=midas-core-group] Group coordinator localhost:60622 (id: 2147483647 rack: null) is unavailable or invalid due to cause: coordinator unavailable. isDisconnected: false. Rediscovery will be attempted.
2026-01-31T06:13:12.432+05:30  INFO 41816 --- [ntainer#0-0-C-1] o.a.k.c.c.internals.ConsumerCoordinator  : [Consumer clientId=consumer-midas-core-group-1, groupId=midas-core-group] Requesting disconnect from last known coordinator localhost:60622 (id: 2147483647 rack: null)
2026-01-31T06:13:12.542+05:30  INFO 41816 --- [ntainer#0-0-C-1] o.a.k.c.c.internals.ConsumerCoordinator  : [Consumer clientId=consumer-midas-core-group-1, groupId=midas-core-group] Discovered group coordinator localhost:60622 (id: 2147483647 rack: null)
2026-01-31T06:29:58.393+05:30  INFO 41816 --- [idas-core-group] o.a.k.c.c.internals.ConsumerCoordinator  : [Consumer clientId=consumer-midas-core-group-1, groupId=midas-core-group] Group coordinator localhost:60622 (id: 2147483647 rack: null) is unavailable or invalid due to cause: session timed out without receiving a heartbeat response. isDisconnected: false. Rediscovery will be attempted.
2026-01-31T06:29:58.396+05:30  INFO 41816 --- [idas-core-group] o.a.k.c.c.internals.ConsumerCoordinator  : [Consumer clientId=consumer-midas-core-group-1, groupId=midas-core-group] Requesting disconnect from last known coordinator localhost:60622 (id: 2147483647 rack: null)
2026-01-31T06:29:58.397+05:30  INFO 41816 --- [idas-core-group] org.apache.kafka.clients.NetworkClient   : [Consumer clientId=consumer-midas-core-group-1, groupId=midas-core-group] Client requested disconnect from node 2147483647
2026-01-31T06:29:58.406+05:30  INFO 41816 --- [ntainer#0-0-C-1] o.a.k.c.c.internals.ConsumerCoordinator  : [Consumer clientId=consumer-midas-core-group-1, groupId=midas-core-group] Discovered group coordinator localhost:60622 (id: 2147483647 rack: null)
2026-01-31T06:29:58.407+05:30  INFO 41816 --- [ntainer#0-0-C-1] o.a.k.c.c.internals.ConsumerCoordinator  : [Consumer clientId=consumer-midas-core-group-1, groupId=midas-core-group] Group coordinator localhost:60622 (id: 2147483647 rack: null) is unavailable or invalid due to cause: coordinator unavailable. isDisconnected: false. Rediscovery will be attempted.
2026-01-31T06:29:58.407+05:30  INFO 41816 --- [ntainer#0-0-C-1] o.a.k.c.c.internals.ConsumerCoordinator  : [Consumer clientId=consumer-midas-core-group-1, groupId=midas-core-group] Requesting disconnect from last known coordinator localhost:60622 (id: 2147483647 rack: null)
2026-01-31T06:29:58.509+05:30  INFO 41816 --- [ntainer#0-0-C-1] o.a.k.c.c.internals.ConsumerCoordinator  : [Consumer clientId=consumer-midas-core-group-1, groupId=midas-core-group] Discovered group coordinator localhost:60622 (id: 2147483647 rack: null)
2026-01-31T06:30:34.068+05:30  INFO 41816 --- [           main] com.jpmc.midascore.TaskThreeTests        : ...
2026-01-31T06:30:40.869+05:30  WARN 41816 --- [l-1 housekeeper] com.zaxxer.hikari.pool.HikariPool        : HikariPool-1 - Thread starvation or clock leap detected (housekeeper delta=27m45s765ms).
2026-01-31T06:30:54.078+05:30  INFO 41816 --- [           main] com.jpmc.midascore.TaskThreeTests        : ...
2026-01-31T06:46:23.509+05:30  INFO 41816 --- [idas-core-group] o.a.k.c.c.internals.ConsumerCoordinator  : [Consumer clientId=consumer-midas-core-group-1, groupId=midas-core-group] Group coordinator localhost:60622 (id: 2147483647 rack: null) is unavailable or invalid due to cause: session timed out without receiving a heartbeat response. isDisconnected: false. Rediscovery will be attempted.
2026-01-31T06:46:23.509+05:30  INFO 41816 --- [idas-core-group] o.a.k.c.c.internals.ConsumerCoordinator  : [Consumer clientId=consumer-midas-core-group-1, groupId=midas-core-group] Requesting disconnect from last known coordinator localhost:60622 (id: 2147483647 rack: null)
2026-01-31T06:46:23.510+05:30  INFO 41816 --- [idas-core-group] org.apache.kafka.clients.NetworkClient   : [Consumer clientId=consumer-midas-core-group-1, groupId=midas-core-group] Client requested disconnect from node 2147483647
2026-01-31T06:46:23.517+05:30  INFO 41816 --- [ntainer#0-0-C-1] o.a.k.c.c.internals.ConsumerCoordinator  : [Consumer clientId=consumer-midas-core-group-1, groupId=midas-core-group] Discovered group coordinator localhost:60622 (id: 2147483647 rack: null)
2026-01-31T06:46:23.517+05:30  INFO 41816 --- [ntainer#0-0-C-1] o.a.k.c.c.internals.ConsumerCoordinator  : [Consumer clientId=consumer-midas-core-group-1, groupId=midas-core-group] Group coordinator localhost:60622 (id: 2147483647 rack: null) is unavailable or invalid due to cause: coordinator unavailable. isDisconnected: false. Rediscovery will be attempted.
2026-01-31T06:46:23.517+05:30  INFO 41816 --- [ntainer#0-0-C-1] o.a.k.c.c.internals.ConsumerCoordinator  : [Consumer clientId=consumer-midas-core-group-1, groupId=midas-core-group] Requesting disconnect from last known coordinator localhost:60622 (id: 2147483647 rack: null)
2026-01-31T06:46:23.628+05:30  INFO 41816 --- [ntainer#0-0-C-1] o.a.k.c.c.internals.ConsumerCoordinator  : [Consumer clientId=consumer-midas-core-group-1, groupId=midas-core-group] Discovered group coordinator localhost:60622 (id: 2147483647 rack: null)
2026-01-31T06:46:56.015+05:30  WARN 41816 --- [l-1 housekeeper] com.zaxxer.hikari.pool.HikariPool        : HikariPool-1 - Thread starvation or clock leap detected (housekeeper delta=16m15s145ms).
2026-01-31T06:46:59.226+05:30  INFO 41816 --- [           main] com.jpmc.midascore.TaskThreeTests        : ...
2026-01-31T06:48:33.962+05:30  INFO 41816 --- [           main] com.jpmc.midascore.TaskThreeTests        : ...
2026-01-31T06:49:05.656+05:30  WARN 41816 --- [l-1 housekeeper] com.zaxxer.hikari.pool.HikariPool        : HikariPool-1 - Thread starvation or clock leap detected (housekeeper delta=2m9s641ms).
2026-01-31T07:04:12.547+05:30  INFO 41816 --- [idas-core-group] o.a.k.c.c.internals.ConsumerCoordinator  : [Consumer clientId=consumer-midas-core-group-1, groupId=midas-core-group] Group coordinator localhost:60622 (id: 2147483647 rack: null) is unavailable or invalid due to cause: session timed out without receiving a heartbeat response. isDisconnected: false. Rediscovery will be attempted.
2026-01-31T07:04:12.548+05:30  INFO 41816 --- [idas-core-group] o.a.k.c.c.internals.ConsumerCoordinator  : [Consumer clientId=consumer-midas-core-group-1, groupId=midas-core-group] Requesting disconnect from last known coordinator localhost:60622 (id: 2147483647 rack: null)
2026-01-31T07:04:12.548+05:30  INFO 41816 --- [idas-core-group] org.apache.kafka.clients.NetworkClient   : [Consumer clientId=consumer-midas-core-group-1, groupId=midas-core-group] Client requested disconnect from node 2147483647
2026-01-31T07:04:12.551+05:30  INFO 41816 --- [ntainer#0-0-C-1] o.a.k.c.c.internals.ConsumerCoordinator  : [Consumer clientId=consumer-midas-core-group-1, groupId=midas-core-group] Discovered group coordinator localhost:60622 (id: 2147483647 rack: null)
2026-01-31T07:04:12.551+05:30  INFO 41816 --- [ntainer#0-0-C-1] o.a.k.c.c.internals.ConsumerCoordinator  : [Consumer clientId=consumer-midas-core-group-1, groupId=midas-core-group] Group coordinator localhost:60622 (id: 2147483647 rack: null) is unavailable or invalid due to cause: coordinator unavailable. isDisconnected: false. Rediscovery will be attempted.
2026-01-31T07:04:12.551+05:30  INFO 41816 --- [ntainer#0-0-C-1] o.a.k.c.c.internals.ConsumerCoordinator  : [Consumer clientId=consumer-midas-core-group-1, groupId=midas-core-group] Requesting disconnect from last known coordinator localhost:60622 (id: 2147483647 rack: null)
2026-01-31T07:04:12.663+05:30  INFO 41816 --- [ntainer#0-0-C-1] o.a.k.c.c.internals.ConsumerCoordinator  : [Consumer clientId=consumer-midas-core-group-1, groupId=midas-core-group] Discovered group coordinator localhost:60622 (id: 2147483647 rack: null)
2026-01-31T07:04:45.262+05:30  INFO 41816 --- [           main] com.jpmc.midascore.TaskThreeTests        : ...
2026-01-31T07:14:12.451+05:30  INFO 41816 --- [idas-core-group] o.a.k.c.c.internals.ConsumerCoordinator  : [Consumer clientId=consumer-midas-core-group-1, groupId=midas-core-group] Group coordinator localhost:60622 (id: 2147483647 rack: null) is unavailable or invalid due to cause: session timed out without receiving a heartbeat response. isDisconnected: false. Rediscovery will be attempted.
2026-01-31T07:14:12.451+05:30  INFO 41816 --- [idas-core-group] o.a.k.c.c.internals.ConsumerCoordinator  : [Consumer clientId=consumer-midas-core-group-1, groupId=midas-core-group] Requesting disconnect from last known coordinator localhost:60622 (id: 2147483647 rack: null)
2026-01-31T07:14:12.451+05:30  INFO 41816 --- [idas-core-group] org.apache.kafka.clients.NetworkClient   : [Consumer clientId=consumer-midas-core-group-1, groupId=midas-core-group] Client requested disconnect from node 2147483647
2026-01-31T07:14:12.455+05:30  INFO 41816 --- [ntainer#0-0-C-1] o.a.k.c.c.internals.ConsumerCoordinator  : [Consumer clientId=consumer-midas-core-group-1, groupId=midas-core-group] Discovered group coordinator localhost:60622 (id: 2147483647 rack: null)
2026-01-31T07:14:12.455+05:30  INFO 41816 --- [ntainer#0-0-C-1] o.a.k.c.c.internals.ConsumerCoordinator  : [Consumer clientId=consumer-midas-core-group-1, groupId=midas-core-group] Group coordinator localhost:60622 (id: 2147483647 rack: null) is unavailable or invalid due to cause: coordinator unavailable. isDisconnected: false. Rediscovery will be attempted.
2026-01-31T07:14:12.455+05:30  INFO 41816 --- [ntainer#0-0-C-1] o.a.k.c.c.internals.ConsumerCoordinator  : [Consumer clientId=consumer-midas-core-group-1, groupId=midas-core-group] Requesting disconnect from last known coordinator localhost:60622 (id: 2147483647 rack: null)
2026-01-31T07:14:12.566+05:30  INFO 41816 --- [ntainer#0-0-C-1] o.a.k.c.c.internals.ConsumerCoordinator  : [Consumer clientId=consumer-midas-core-group-1, groupId=midas-core-group] Discovered group coordinator localhost:60622 (id: 2147483647 rack: null)
2026-01-31T07:14:17.147+05:30  WARN 41816 --- [l-1 housekeeper] com.zaxxer.hikari.pool.HikariPool        : HikariPool-1 - Thread starvation or clock leap detected (housekeeper delta=25m11s492ms).
2026-01-31T07:29:45.894+05:30  INFO 41816 --- [idas-core-group] o.a.k.c.c.internals.ConsumerCoordinator  : [Consumer clientId=consumer-midas-core-group-1, groupId=midas-core-group] Group coordinator localhost:60622 (id: 2147483647 rack: null) is unavailable or invalid due to cause: session timed out without receiving a heartbeat response. isDisconnected: false. Rediscovery will be attempted.
2026-01-31T07:29:45.895+05:30  INFO 41816 --- [idas-core-group] o.a.k.c.c.internals.ConsumerCoordinator  : [Consumer clientId=consumer-midas-core-group-1, groupId=midas-core-group] Requesting disconnect from last known coordinator localhost:60622 (id: 2147483647 rack: null)
2026-01-31T07:29:45.895+05:30  INFO 41816 --- [idas-core-group] org.apache.kafka.clients.NetworkClient   : [Consumer clientId=consumer-midas-core-group-1, groupId=midas-core-group] Client requested disconnect from node 2147483647
2026-01-31T07:29:45.897+05:30  INFO 41816 --- [ntainer#0-0-C-1] o.a.k.c.c.internals.ConsumerCoordinator  : [Consumer clientId=consumer-midas-core-group-1, groupId=midas-core-group] Discovered group coordinator localhost:60622 (id: 2147483647 rack: null)
2026-01-31T07:29:45.897+05:30  INFO 41816 --- [ntainer#0-0-C-1] o.a.k.c.c.internals.ConsumerCoordinator  : [Consumer clientId=consumer-midas-core-group-1, groupId=midas-core-group] Group coordinator localhost:60622 (id: 2147483647 rack: null) is unavailable or invalid due to cause: coordinator unavailable. isDisconnected: false. Rediscovery will be attempted.
2026-01-31T07:29:45.897+05:30  INFO 41816 --- [ntainer#0-0-C-1] o.a.k.c.c.internals.ConsumerCoordinator  : [Consumer clientId=consumer-midas-core-group-1, groupId=midas-core-group] Requesting disconnect from last known coordinator localhost:60622 (id: 2147483647 rack: null)
2026-01-31T07:29:46.000+05:30  INFO 41816 --- [ntainer#0-0-C-1] o.a.k.c.c.internals.ConsumerCoordinator  : [Consumer clientId=consumer-midas-core-group-1, groupId=midas-core-group] Discovered group coordinator localhost:60622 (id: 2147483647 rack: null)
2026-01-31T07:29:46.136+05:30  INFO 41816 --- [           main] com.jpmc.midascore.TaskThreeTests        : ...
2026-01-31T07:30:55.955+05:30  INFO 41816 --- [           main] com.jpmc.midascore.TaskThreeTests        : ...
2026-01-31T07:31:27.630+05:30  WARN 41816 --- [l-1 housekeeper] com.zaxxer.hikari.pool.HikariPool        : HikariPool-1 - Thread starvation or clock leap detected (housekeeper delta=17m10s483ms).
2026-01-31T07:42:41.053+05:30  INFO 41816 --- [idas-core-group] o.a.k.c.c.internals.ConsumerCoordinator  : [Consumer clientId=consumer-midas-core-group-1, groupId=midas-core-group] Group coordinator localhost:60622 (id: 2147483647 rack: null) is unavailable or invalid due to cause: session timed out without receiving a heartbeat response. isDisconnected: false. Rediscovery will be attempted.
2026-01-31T07:42:41.053+05:30  INFO 41816 --- [idas-core-group] o.a.k.c.c.internals.ConsumerCoordinator  : [Consumer clientId=consumer-midas-core-group-1, groupId=midas-core-group] Requesting disconnect from last known coordinator localhost:60622 (id: 2147483647 rack: null)
2026-01-31T07:42:41.053+05:30  INFO 41816 --- [idas-core-group] org.apache.kafka.clients.NetworkClient   : [Consumer clientId=consumer-midas-core-group-1, groupId=midas-core-group] Client requested disconnect from node 2147483647
2026-01-31T07:42:41.055+05:30  INFO 41816 --- [ntainer#0-0-C-1] o.a.k.c.c.internals.ConsumerCoordinator  : [Consumer clientId=consumer-midas-core-group-1, groupId=midas-core-group] Discovered group coordinator localhost:60622 (id: 2147483647 rack: null)
2026-01-31T07:42:41.055+05:30  INFO 41816 --- [ntainer#0-0-C-1] o.a.k.c.c.internals.ConsumerCoordinator  : [Consumer clientId=consumer-midas-core-group-1, groupId=midas-core-group] Group coordinator localhost:60622 (id: 2147483647 rack: null) is unavailable or invalid due to cause: coordinator unavailable. isDisconnected: false. Rediscovery will be attempted.
2026-01-31T07:42:41.055+05:30  INFO 41816 --- [ntainer#0-0-C-1] o.a.k.c.c.internals.ConsumerCoordinator  : [Consumer clientId=consumer-midas-core-group-1, groupId=midas-core-group] Requesting disconnect from last known coordinator localhost:60622 (id: 2147483647 rack: null)
2026-01-31T07:42:41.202+05:30  INFO 41816 --- [ntainer#0-0-C-1] o.a.k.c.c.internals.ConsumerCoordinator  : [Consumer clientId=consumer-midas-core-group-1, groupId=midas-core-group] Discovered group coordinator localhost:60622 (id: 2147483647 rack: null)
2026-01-31T07:42:44.358+05:30  INFO 41816 --- [           main] com.jpmc.midascore.TaskThreeTests        : ...
2026-01-31T07:43:01.131+05:30  WARN 41816 --- [l-1 housekeeper] com.zaxxer.hikari.pool.HikariPool        : HikariPool-1 - Thread starvation or clock leap detected (housekeeper delta=11m33s501ms).
2026-01-31T07:43:04.369+05:30  INFO 41816 --- [           main] com.jpmc.midascore.TaskThreeTests        : ...
2026-01-31T07:43:24.375+05:30  INFO 41816 --- [           main] com.jpmc.midascore.TaskThreeTests        : ...
2026-01-31T07:43:44.378+05:30  INFO 41816 --- [           main] com.jpmc.midascore.TaskThreeTests        : ...
2026-01-31T07:44:04.382+05:30  INFO 41816 --- [           main] com.jpmc.midascore.TaskThreeTests        : ...
2026-01-31T07:44:24.387+05:30  INFO 41816 --- [           main] com.jpmc.midascore.TaskThreeTests        : ...
2026-01-31T07:44:44.394+05:30  INFO 41816 --- [           main] com.jpmc.midascore.TaskThreeTests        : ...
2026-01-31T07:45:04.400+05:30  INFO 41816 --- [           main] com.jpmc.midascore.TaskThreeTests        : ...
2026-01-31T07:45:24.404+05:30  INFO 41816 --- [           main] com.jpmc.midascore.TaskThreeTests        : ...
2026-01-31T07:45:44.413+05:30  INFO 41816 --- [           main] com.jpmc.midascore.TaskThreeTests        : ...
2026-01-31T07:46:04.421+05:30  INFO 41816 --- [           main] com.jpmc.midascore.TaskThreeTests        : ...
2026-01-31T07:46:24.427+05:30  INFO 41816 --- [           main] com.jpmc.midascore.TaskThreeTests        : ...
2026-01-31T07:46:44.434+05:30  INFO 41816 --- [           main] com.jpmc.midascore.TaskThreeTests        : ...
2026-01-31T07:47:04.440+05:30  INFO 41816 --- [           main] com.jpmc.midascore.TaskThreeTests        : ...
2026-01-31T07:47:24.445+05:30  INFO 41816 --- [           main] com.jpmc.midascore.TaskThreeTests        : ...
2026-01-31T07:47:44.450+05:30  INFO 41816 --- [           main] com.jpmc.midascore.TaskThreeTests        : ...
2026-01-31T07:48:04.456+05:30  INFO 41816 --- [           main] com.jpmc.midascore.TaskThreeTests        : ...
2026-01-31T07:48:24.458+05:30  INFO 41816 --- [           main] com.jpmc.midascore.TaskThreeTests        : ...
2026-01-31T07:48:44.461+05:30  INFO 41816 --- [           main] com.jpmc.midascore.TaskThreeTests        : ...
2026-01-31T07:49:04.467+05:30  INFO 41816 --- [           main] com.jpmc.midascore.TaskThreeTests        : ...
2026-01-31T07:49:24.472+05:30  INFO 41816 --- [           main] com.jpmc.midascore.TaskThreeTests        : ...
2026-01-31T07:49:44.473+05:30  INFO 41816 --- [           main] com.jpmc.midascore.TaskThreeTests        : ...
2026-01-31T07:50:04.478+05:30  INFO 41816 --- [           main] com.jpmc.midascore.TaskThreeTests        : ...
2026-01-31T07:50:24.483+05:30  INFO 41816 --- [           main] com.jpmc.midascore.TaskThreeTests        : ...
2026-01-31T07:50:44.488+05:30  INFO 41816 --- [           main] com.jpmc.midascore.TaskThreeTests        : ...
2026-01-31T07:51:04.494+05:30  INFO 41816 --- [           main] com.jpmc.midascore.TaskThreeTests        : ...
2026-01-31T07:51:24.500+05:30  INFO 41816 --- [           main] com.jpmc.midascore.TaskThreeTests        : ...
2026-01-31T07:51:44.506+05:30  INFO 41816 --- [           main] com.jpmc.midascore.TaskThreeTests        : ...
2026-01-31T07:52:04.511+05:30  INFO 41816 --- [           main] com.jpmc.midascore.TaskThreeTests        : ...
2026-01-31T07:52:24.513+05:30  INFO 41816 --- [           main] com.jpmc.midascore.TaskThreeTests        : ...
2026-01-31T07:52:44.514+05:30  INFO 41816 --- [           main] com.jpmc.midascore.TaskThreeTests        : ...
2026-01-31T07:53:04.519+05:30  INFO 41816 --- [           main] com.jpmc.midascore.TaskThreeTests        : ...
2026-01-31T07:53:24.524+05:30  INFO 41816 --- [           main] com.jpmc.midascore.TaskThreeTests        : ...
2026-01-31T07:53:44.532+05:30  INFO 41816 --- [           main] com.jpmc.midascore.TaskThreeTests        : ...
2026-01-31T07:54:04.535+05:30  INFO 41816 --- [           main] com.jpmc.midascore.TaskThreeTests        : ...
2026-01-31T07:54:24.541+05:30  INFO 41816 --- [           main] com.jpmc.midascore.TaskThreeTests        : ...
2026-01-31T07:54:44.549+05:30  INFO 41816 --- [           main] com.jpmc.midascore.TaskThreeTests        : ...
2026-01-31T07:55:04.552+05:30  INFO 41816 --- [           main] com.jpmc.midascore.TaskThreeTests        : ...
2026-01-31T07:55:24.556+05:30  INFO 41816 --- [           main] com.jpmc.midascore.TaskThreeTests        : ...
2026-01-31T07:55:44.561+05:30  INFO 41816 --- [           main] com.jpmc.midascore.TaskThreeTests        : ...
2026-01-31T07:56:04.563+05:30  INFO 41816 --- [           main] com.jpmc.midascore.TaskThreeTests        : ...
2026-01-31T07:56:24.569+05:30  INFO 41816 --- [           main] com.jpmc.midascore.TaskThreeTests        : ...
2026-01-31T07:56:44.572+05:30  INFO 41816 --- [           main] com.jpmc.midascore.TaskThreeTests        : ...
2026-01-31T07:57:04.579+05:30  INFO 41816 --- [           main] com.jpmc.midascore.TaskThreeTests        : ...
2026-01-31T07:57:24.585+05:30  INFO 41816 --- [           main] com.jpmc.midascore.TaskThreeTests        : ...
2026-01-31T07:57:44.591+05:30  INFO 41816 --- [           main] com.jpmc.midascore.TaskThreeTests        : ...
2026-01-31T07:58:04.594+05:30  INFO 41816 --- [           main] com.jpmc.midascore.TaskThreeTests        : ...
2026-01-31T07:58:24.604+05:30  INFO 41816 --- [           main] com.jpmc.midascore.TaskThreeTests        : ...
2026-01-31T07:58:44.612+05:30  INFO 41816 --- [           main] com.jpmc.midascore.TaskThreeTests        : ...
2026-01-31T07:59:04.618+05:30  INFO 41816 --- [           main] com.jpmc.midascore.TaskThreeTests        : ...
2026-01-31T07:59:24.623+05:30  INFO 41816 --- [           main] com.jpmc.midascore.TaskThreeTests        : ...
2026-01-31T07:59:44.629+05:30  INFO 41816 --- [           main] com.jpmc.midascore.TaskThreeTests        : ...
2026-01-31T08:00:04.635+05:30  INFO 41816 --- [           main] com.jpmc.midascore.TaskThreeTests        : ...
2026-01-31T08:00:24.641+05:30  INFO 41816 --- [           main] com.jpmc.midascore.TaskThreeTests        : ...
2026-01-31T08:00:44.644+05:30  INFO 41816 --- [           main] com.jpmc.midascore.TaskThreeTests        : ...
2026-01-31T08:01:04.645+05:30  INFO 41816 --- [           main] com.jpmc.midascore.TaskThreeTests        : ...
2026-01-31T08:01:24.653+05:30  INFO 41816 --- [           main] com.jpmc.midascore.TaskThreeTests        : ...
2026-01-31T08:01:44.660+05:30  INFO 41816 --- [           main] com.jpmc.midascore.TaskThreeTests        : ...
2026-01-31T08:02:04.668+05:30  INFO 41816 --- [           main] com.jpmc.midascore.TaskThreeTests        : ...
2026-01-31T08:02:24.673+05:30  INFO 41816 --- [           main] com.jpmc.midascore.TaskThreeTests        : ...
2026-01-31T08:02:44.680+05:30  INFO 41816 --- [           main] com.jpmc.midascore.TaskThreeTests        : ...
2026-01-31T08:03:04.685+05:30  INFO 41816 --- [           main] com.jpmc.midascore.TaskThreeTests        : ...
2026-01-31T08:03:24.688+05:30  INFO 41816 --- [           main] com.jpmc.midascore.TaskThreeTests        : ...
2026-01-31T08:03:44.694+05:30  INFO 41816 --- [           main] com.jpmc.midascore.TaskThreeTests        : ...
2026-01-31T08:04:04.699+05:30  INFO 41816 --- [           main] com.jpmc.midascore.TaskThreeTests        : ...
2026-01-31T08:04:24.705+05:30  INFO 41816 --- [           main] com.jpmc.midascore.TaskThreeTests        : ...
2026-01-31T08:04:44.713+05:30  INFO 41816 --- [           main] com.jpmc.midascore.TaskThreeTests        : ...
2026-01-31T08:05:04.719+05:30  INFO 41816 --- [           main] com.jpmc.midascore.TaskThreeTests        : ...
2026-01-31T08:05:24.726+05:30  INFO 41816 --- [           main] com.jpmc.midascore.TaskThreeTests        : ...
2026-01-31T08:05:44.731+05:30  INFO 41816 --- [           main] com.jpmc.midascore.TaskThreeTests        : ...
2026-01-31T08:06:04.737+05:30  INFO 41816 --- [           main] com.jpmc.midascore.TaskThreeTests        : ...
2026-01-31T08:06:24.741+05:30  INFO 41816 --- [           main] com.jpmc.midascore.TaskThreeTests        : ...
2026-01-31T08:06:44.751+05:30  INFO 41816 --- [           main] com.jpmc.midascore.TaskThreeTests        : ...
2026-01-31T08:06:59.870+05:30  INFO 41816 --- [r-event-handler] o.a.k.image.publisher.SnapshotGenerator  : [SnapshotGenerator id=0] Creating new KRaft snapshot file snapshot 00000000000000007186-0000000001 because we have waited at least 60 minute(s).
2026-01-31T08:06:59.913+05:30  INFO 41816 --- [r-event-handler] o.a.k.image.publisher.SnapshotEmitter    : [SnapshotEmitter id=0] Successfully wrote snapshot 00000000000000007186-0000000001
2026-01-31T08:07:04.754+05:30  INFO 41816 --- [           main] com.jpmc.midascore.TaskThreeTests        : ...
2026-01-31T08:07:24.760+05:30  INFO 41816 --- [           main] com.jpmc.midascore.TaskThreeTests        : ...
2026-01-31T08:07:44.763+05:30  INFO 41816 --- [           main] com.jpmc.midascore.TaskThreeTests        : ...
2026-01-31T08:08:04.766+05:30  INFO 41816 --- [           main] com.jpmc.midascore.TaskThreeTests        : ...
2026-01-31T08:08:24.769+05:30  INFO 41816 --- [           main] com.jpmc.midascore.TaskThreeTests        : ...
2026-01-31T08:08:44.776+05:30  INFO 41816 --- [           main] com.jpmc.midascore.TaskThreeTests        : ...
2026-01-31T08:09:04.782+05:30  INFO 41816 --- [           main] com.jpmc.midascore.TaskThreeTests        : ...
2026-01-31T08:09:24.790+05:30  INFO 41816 --- [           main] com.jpmc.midascore.TaskThreeTests        : ...
2026-01-31T08:09:44.793+05:30  INFO 41816 --- [           main] com.jpmc.midascore.TaskThreeTests        : ...
2026-01-31T08:10:04.797+05:30  INFO 41816 --- [           main] com.jpmc.midascore.TaskThreeTests        : ...
2026-01-31T08:10:24.802+05:30  INFO 41816 --- [           main] com.jpmc.midascore.TaskThreeTests        : ...
2026-01-31T08:10:44.808+05:30  INFO 41816 --- [           main] com.jpmc.midascore.TaskThreeTests        : ...
2026-01-31T08:11:04.811+05:30  INFO 41816 --- [           main] com.jpmc.midascore.TaskThreeTests        : ...
2026-01-31T08:11:24.816+05:30  INFO 41816 --- [           main] com.jpmc.midascore.TaskThreeTests        : ...
2026-01-31T08:11:44.820+05:30  INFO 41816 --- [           main] com.jpmc.midascore.TaskThreeTests        : ...
2026-01-31T08:12:04.826+05:30  INFO 41816 --- [           main] com.jpmc.midascore.TaskThreeTests        : ...
2026-01-31T08:12:24.832+05:30  INFO 41816 --- [           main] com.jpmc.midascore.TaskThreeTests        : ...
2026-01-31T08:12:44.835+05:30  INFO 41816 --- [           main] com.jpmc.midascore.TaskThreeTests        : ...
2026-01-31T08:13:04.838+05:30  INFO 41816 --- [           main] com.jpmc.midascore.TaskThreeTests        : ...
2026-01-31T08:13:24.842+05:30  INFO 41816 --- [           main] com.jpmc.midascore.TaskThreeTests        : ...
2026-01-31T08:13:44.849+05:30  INFO 41816 --- [           main] com.jpmc.midascore.TaskThreeTests        : ...
2026-01-31T08:14:04.856+05:30  INFO 41816 --- [           main] com.jpmc.midascore.TaskThreeTests        : ...
2026-01-31T08:14:24.857+05:30  INFO 41816 --- [           main] com.jpmc.midascore.TaskThreeTests        : ...
2026-01-31T08:14:44.860+05:30  INFO 41816 --- [           main] com.jpmc.midascore.TaskThreeTests        : ...
2026-01-31T08:15:04.864+05:30  INFO 41816 --- [           main] com.jpmc.midascore.TaskThreeTests        : ...
2026-01-31T08:15:24.871+05:30  INFO 41816 --- [           main] com.jpmc.midascore.TaskThreeTests        : ...
2026-01-31T08:15:44.877+05:30  INFO 41816 --- [           main] com.jpmc.midascore.TaskThreeTests        : ...
2026-01-31T08:16:04.882+05:30  INFO 41816 --- [           main] com.jpmc.midascore.TaskThreeTests        : ...
2026-01-31T08:16:24.886+05:30  INFO 41816 --- [           main] com.jpmc.midascore.TaskThreeTests        : ...
2026-01-31T08:16:44.891+05:30  INFO 41816 --- [           main] com.jpmc.midascore.TaskThreeTests        : ...
2026-01-31T08:17:04.894+05:30  INFO 41816 --- [           main] com.jpmc.midascore.TaskThreeTests        : ...
2026-01-31T08:17:24.899+05:30  INFO 41816 --- [           main] com.jpmc.midascore.TaskThreeTests        : ...
2026-01-31T08:17:44.903+05:30  INFO 41816 --- [           main] com.jpmc.midascore.TaskThreeTests        : ...
2026-01-31T08:18:04.907+05:30  INFO 41816 --- [           main] com.jpmc.midascore.TaskThreeTests        : ...
2026-01-31T08:18:24.913+05:30  INFO 41816 --- [           main] com.jpmc.midascore.TaskThreeTests        : ...
2026-01-31T08:18:44.919+05:30  INFO 41816 --- [           main] com.jpmc.midascore.TaskThreeTests        : ...
2026-01-31T08:19:04.922+05:30  INFO 41816 --- [           main] com.jpmc.midascore.TaskThreeTests        : ...
2026-01-31T08:19:24.928+05:30  INFO 41816 --- [           main] com.jpmc.midascore.TaskThreeTests        : ...
2026-01-31T08:19:44.933+05:30  INFO 41816 --- [           main] com.jpmc.midascore.TaskThreeTests        : ...
2026-01-31T08:20:04.938+05:30  INFO 41816 --- [           main] com.jpmc.midascore.TaskThreeTests        : ...
2026-01-31T08:20:24.945+05:30  INFO 41816 --- [           main] com.jpmc.midascore.TaskThreeTests        : ...
2026-01-31T08:20:44.953+05:30  INFO 41816 --- [           main] com.jpmc.midascore.TaskThreeTests        : ...
2026-01-31T08:21:04.958+05:30  INFO 41816 --- [           main] com.jpmc.midascore.TaskThreeTests        : ...
2026-01-31T08:21:24.964+05:30  INFO 41816 --- [           main] com.jpmc.midascore.TaskThreeTests        : ...
2026-01-31T08:21:44.971+05:30  INFO 41816 --- [           main] com.jpmc.midascore.TaskThreeTests        : ...
2026-01-31T08:22:04.976+05:30  INFO 41816 --- [           main] com.jpmc.midascore.TaskThreeTests        : ...
2026-01-31T08:22:24.982+05:30  INFO 41816 --- [           main] com.jpmc.midascore.TaskThreeTests        : ...
2026-01-31T08:22:44.986+05:30  INFO 41816 --- [           main] com.jpmc.midascore.TaskThreeTests        : ...
2026-01-31T08:23:04.992+05:30  INFO 41816 --- [           main] com.jpmc.midascore.TaskThreeTests        : ...
2026-01-31T08:23:24.996+05:30  INFO 41816 --- [           main] com.jpmc.midascore.TaskThreeTests        : ...
2026-01-31T08:23:45.000+05:30  INFO 41816 --- [           main] com.jpmc.midascore.TaskThreeTests        : ...
2026-01-31T08:24:05.003+05:30  INFO 41816 --- [           main] com.jpmc.midascore.TaskThreeTests        : ...
2026-01-31T08:24:25.006+05:30  INFO 41816 --- [           main] com.jpmc.midascore.TaskThreeTests        : ...
2026-01-31T08:24:45.011+05:30  INFO 41816 --- [           main] com.jpmc.midascore.TaskThreeTests        : ...
2026-01-31T08:25:05.016+05:30  INFO 41816 --- [           main] com.jpmc.midascore.TaskThreeTests        : ...
2026-01-31T08:25:25.031+05:30  INFO 41816 --- [           main] com.jpmc.midascore.TaskThreeTests        : ...
2026-01-31T08:25:45.036+05:30  INFO 41816 --- [           main] com.jpmc.midascore.TaskThreeTests        : ...
2026-01-31T08:26:05.039+05:30  INFO 41816 --- [           main] com.jpmc.midascore.TaskThreeTests        : ...
2026-01-31T08:26:25.042+05:30  INFO 41816 --- [           main] com.jpmc.midascore.TaskThreeTests        : ...
2026-01-31T08:26:45.050+05:30  INFO 41816 --- [           main] com.jpmc.midascore.TaskThreeTests        : ...
2026-01-31T08:32:20.261+05:30  INFO 41816 --- [idas-core-group] o.a.k.c.c.internals.ConsumerCoordinator  : [Consumer clientId=consumer-midas-core-group-1, groupId=midas-core-group] Group coordinator localhost:60622 (id: 2147483647 rack: null) is unavailable or invalid due to cause: session timed out without receiving a heartbeat response. isDisconnected: false. Rediscovery will be attempted.
2026-01-31T08:32:20.264+05:30  INFO 41816 --- [idas-core-group] o.a.k.c.c.internals.ConsumerCoordinator  : [Consumer clientId=consumer-midas-core-group-1, groupId=midas-core-group] Requesting disconnect from last known coordinator localhost:60622 (id: 2147483647 rack: null)
2026-01-31T08:32:20.265+05:30  INFO 41816 --- [idas-core-group] org.apache.kafka.clients.NetworkClient   : [Consumer clientId=consumer-midas-core-group-1, groupId=midas-core-group] Client requested disconnect from node 2147483647
2026-01-31T08:32:20.714+05:30  INFO 41816 --- [ntainer#0-0-C-1] o.a.k.c.c.internals.ConsumerCoordinator  : [Consumer clientId=consumer-midas-core-group-1, groupId=midas-core-group] Discovered group coordinator localhost:60622 (id: 2147483647 rack: null)
2026-01-31T08:32:26.804+05:30  WARN 41816 --- [l-1 housekeeper] com.zaxxer.hikari.pool.HikariPool        : HikariPool-1 - Thread starvation or clock leap detected (housekeeper delta=5m55s311ms).
2026-01-31T08:32:30.362+05:30  INFO 41816 --- [           main] com.jpmc.midascore.TaskThreeTests        : ...
2026-01-31T08:32:50.363+05:30  INFO 41816 --- [           main] com.jpmc.midascore.TaskThreeTests        : ...
2026-01-31T08:33:10.370+05:30  INFO 41816 --- [           main] com.jpmc.midascore.TaskThreeTests        : ...
2026-01-31T08:33:30.375+05:30  INFO 41816 --- [           main] com.jpmc.midascore.TaskThreeTests        : ...
2026-01-31T08:33:50.380+05:30  INFO 41816 --- [           main] com.jpmc.midascore.TaskThreeTests        : ...
2026-01-31T08:34:10.385+05:30  INFO 41816 --- [           main] com.jpmc.midascore.TaskThreeTests        : ...
2026-01-31T08:34:30.390+05:30  INFO 41816 --- [           main] com.jpmc.midascore.TaskThreeTests        : ...
2026-01-31T08:34:50.395+05:30  INFO 41816 --- [           main] com.jpmc.midascore.TaskThreeTests        : ...
2026-01-31T08:35:10.400+05:30  INFO 41816 --- [           main] com.jpmc.midascore.TaskThreeTests        : ...
2026-01-31T08:35:30.405+05:30  INFO 41816 --- [           main] com.jpmc.midascore.TaskThreeTests        : ...
2026-01-31T08:35:50.411+05:30  INFO 41816 --- [           main] com.jpmc.midascore.TaskThreeTests        : ...
2026-01-31T08:36:10.416+05:30  INFO 41816 --- [           main] com.jpmc.midascore.TaskThreeTests        : ...
2026-01-31T08:36:30.424+05:30  INFO 41816 --- [           main] com.jpmc.midascore.TaskThreeTests        : ...
2026-01-31T08:36:50.430+05:30  INFO 41816 --- [           main] com.jpmc.midascore.TaskThreeTests        : ...
2026-01-31T08:37:10.436+05:30  INFO 41816 --- [           main] com.jpmc.midascore.TaskThreeTests        : ...
2026-01-31T08:37:30.441+05:30  INFO 41816 --- [           main] com.jpmc.midascore.TaskThreeTests        : ...
2026-01-31T08:37:50.446+05:30  INFO 41816 --- [           main] com.jpmc.midascore.TaskThreeTests        : ...
2026-01-31T08:38:10.457+05:30  INFO 41816 --- [           main] com.jpmc.midascore.TaskThreeTests        : ...
2026-01-31T08:38:30.462+05:30  INFO 41816 --- [           main] com.jpmc.midascore.TaskThreeTests        : ...
2026-01-31T08:38:50.465+05:30  INFO 41816 --- [           main] com.jpmc.midascore.TaskThreeTests        : ...
2026-01-31T08:39:10.470+05:30  INFO 41816 --- [           main] com.jpmc.midascore.TaskThreeTests        : ...
2026-01-31T08:39:30.472+05:30  INFO 41816 --- [           main] com.jpmc.midascore.TaskThreeTests        : ...
2026-01-31T08:39:50.477+05:30  INFO 41816 --- [           main] com.jpmc.midascore.TaskThreeTests        : ...
2026-01-31T08:40:10.479+05:30  INFO 41816 --- [           main] com.jpmc.midascore.TaskThreeTests        : ...
2026-01-31T08:40:30.485+05:30  INFO 41816 --- [           main] com.jpmc.midascore.TaskThreeTests        : ...
2026-01-31T08:40:50.490+05:30  INFO 41816 --- [           main] com.jpmc.midascore.TaskThreeTests        : ...
2026-01-31T08:41:10.492+05:30  INFO 41816 --- [           main] com.jpmc.midascore.TaskThreeTests        : ...
2026-01-31T08:41:30.498+05:30  INFO 41816 --- [           main] com.jpmc.midascore.TaskThreeTests        : ...
2026-01-31T08:41:50.504+05:30  INFO 41816 --- [           main] com.jpmc.midascore.TaskThreeTests        : ...
2026-01-31T08:42:10.513+05:30  INFO 41816 --- [           main] com.jpmc.midascore.TaskThreeTests        : ...
2026-01-31T08:42:30.516+05:30  INFO 41816 --- [           main] com.jpmc.midascore.TaskThreeTests        : ...
2026-01-31T08:42:50.521+05:30  INFO 41816 --- [           main] com.jpmc.midascore.TaskThreeTests        : ...
2026-01-31T08:43:10.526+05:30  INFO 41816 --- [           main] com.jpmc.midascore.TaskThreeTests        : ...
2026-01-31T08:43:30.529+05:30  INFO 41816 --- [           main] com.jpmc.midascore.TaskThreeTests        : ...
2026-01-31T08:43:50.532+05:30  INFO 41816 --- [           main] com.jpmc.midascore.TaskThreeTests        : ...
2026-01-31T08:44:10.538+05:30  INFO 41816 --- [           main] com.jpmc.midascore.TaskThreeTests        : ...
2026-01-31T08:44:30.543+05:30  INFO 41816 --- [           main] com.jpmc.midascore.TaskThreeTests        : ...
2026-01-31T08:44:50.547+05:30  INFO 41816 --- [           main] com.jpmc.midascore.TaskThreeTests        : ...
2026-01-31T08:45:10.553+05:30  INFO 41816 --- [           main] com.jpmc.midascore.TaskThreeTests        : ...
2026-01-31T08:45:30.555+05:30  INFO 41816 --- [           main] com.jpmc.midascore.TaskThreeTests        : ...
2026-01-31T08:45:50.560+05:30  INFO 41816 --- [           main] com.jpmc.midascore.TaskThreeTests        : ...
2026-01-31T08:46:10.563+05:30  INFO 41816 --- [           main] com.jpmc.midascore.TaskThreeTests        : ...
2026-01-31T08:46:30.568+05:30  INFO 41816 --- [           main] com.jpmc.midascore.TaskThreeTests        : ...
2026-01-31T08:46:50.572+05:30  INFO 41816 --- [           main] com.jpmc.midascore.TaskThreeTests        : ...
2026-01-31T08:47:10.578+05:30  INFO 41816 --- [           main] com.jpmc.midascore.TaskThreeTests        : ...
2026-01-31T08:47:30.581+05:30  INFO 41816 --- [           main] com.jpmc.midascore.TaskThreeTests        : ...
2026-01-31T08:47:50.583+05:30  INFO 41816 --- [           main] com.jpmc.midascore.TaskThreeTests        : ...
2026-01-31T08:48:10.588+05:30  INFO 41816 --- [           main] com.jpmc.midascore.TaskThreeTests        : ...
2026-01-31T08:48:30.594+05:30  INFO 41816 --- [           main] com.jpmc.midascore.TaskThreeTests        : ...
2026-01-31T08:48:50.600+05:30  INFO 41816 --- [           main] com.jpmc.midascore.TaskThreeTests        : ...
2026-01-31T08:49:10.602+05:30  INFO 41816 --- [           main] com.jpmc.midascore.TaskThreeTests        : ...
2026-01-31T08:49:30.607+05:30  INFO 41816 --- [           main] com.jpmc.midascore.TaskThreeTests        : ...
2026-01-31T08:49:50.612+05:30  INFO 41816 --- [           main] com.jpmc.midascore.TaskThreeTests        : ...
2026-01-31T08:50:10.616+05:30  INFO 41816 --- [           main] com.jpmc.midascore.TaskThreeTests        : ...
2026-01-31T08:50:30.622+05:30  INFO 41816 --- [           main] com.jpmc.midascore.TaskThreeTests        : ...
2026-01-31T08:50:50.627+05:30  INFO 41816 --- [           main] com.jpmc.midascore.TaskThreeTests        : ...
2026-01-31T08:51:10.629+05:30  INFO 41816 --- [           main] com.jpmc.midascore.TaskThreeTests        : ...
2026-01-31T08:51:30.631+05:30  INFO 41816 --- [           main] com.jpmc.midascore.TaskThreeTests        : ...
2026-01-31T08:51:50.633+05:30  INFO 41816 --- [           main] com.jpmc.midascore.TaskThreeTests        : ...
2026-01-31T08:52:10.639+05:30  INFO 41816 --- [           main] com.jpmc.midascore.TaskThreeTests        : ...
2026-01-31T08:52:30.642+05:30  INFO 41816 --- [           main] com.jpmc.midascore.TaskThreeTests        : ...
2026-01-31T08:52:50.646+05:30  INFO 41816 --- [           main] com.jpmc.midascore.TaskThreeTests        : ...
2026-01-31T08:53:10.649+05:30  INFO 41816 --- [           main] com.jpmc.midascore.TaskThreeTests        : ...
2026-01-31T08:53:30.657+05:30  INFO 41816 --- [           main] com.jpmc.midascore.TaskThreeTests        : ...
2026-01-31T08:53:50.662+05:30  INFO 41816 --- [           main] com.jpmc.midascore.TaskThreeTests        : ...
2026-01-31T08:54:10.669+05:30  INFO 41816 --- [           main] com.jpmc.midascore.TaskThreeTests        : ...
2026-01-31T08:54:30.670+05:30  INFO 41816 --- [           main] com.jpmc.midascore.TaskThreeTests        : ...
2026-01-31T08:54:50.674+05:30  INFO 41816 --- [           main] com.jpmc.midascore.TaskThreeTests        : ...
2026-01-31T08:55:10.680+05:30  INFO 41816 --- [           main] com.jpmc.midascore.TaskThreeTests        : ...
2026-01-31T08:55:30.680+05:30  INFO 41816 --- [           main] com.jpmc.midascore.TaskThreeTests        : ...
2026-01-31T08:55:50.683+05:30  INFO 41816 --- [           main] com.jpmc.midascore.TaskThreeTests        : ...
2026-01-31T08:56:10.686+05:30  INFO 41816 --- [           main] com.jpmc.midascore.TaskThreeTests        : ...
2026-01-31T08:56:30.692+05:30  INFO 41816 --- [           main] com.jpmc.midascore.TaskThreeTests        : ...
2026-01-31T08:56:50.695+05:30  INFO 41816 --- [           main] com.jpmc.midascore.TaskThreeTests        : ...
2026-01-31T08:57:10.700+05:30  INFO 41816 --- [           main] com.jpmc.midascore.TaskThreeTests        : ...
2026-01-31T08:57:30.705+05:30  INFO 41816 --- [           main] com.jpmc.midascore.TaskThreeTests        : ...
2026-01-31T08:57:50.708+05:30  INFO 41816 --- [           main] com.jpmc.midascore.TaskThreeTests        : ...
2026-01-31T08:58:10.717+05:30  INFO 41816 --- [           main] com.jpmc.midascore.TaskThreeTests        : ...
2026-01-31T08:58:30.722+05:30  INFO 41816 --- [           main] com.jpmc.midascore.TaskThreeTests        : ...
2026-01-31T08:58:50.723+05:30  INFO 41816 --- [           main] com.jpmc.midascore.TaskThreeTests        : ...
2026-01-31T08:59:10.728+05:30  INFO 41816 --- [           main] com.jpmc.midascore.TaskThreeTests        : ...
2026-01-31T08:59:30.733+05:30  INFO 41816 --- [           main] com.jpmc.midascore.TaskThreeTests        : ...
2026-01-31T08:59:50.739+05:30  INFO 41816 --- [           main] com.jpmc.midascore.TaskThreeTests        : ...
2026-01-31T09:00:10.743+05:30  INFO 41816 --- [           main] com.jpmc.midascore.TaskThreeTests        : ...
2026-01-31T09:00:30.751+05:30  INFO 41816 --- [           main] com.jpmc.midascore.TaskThreeTests        : ...
2026-01-31T09:00:50.762+05:30  INFO 41816 --- [           main] com.jpmc.midascore.TaskThreeTests        : ...
2026-01-31T09:01:10.767+05:30  INFO 41816 --- [           main] com.jpmc.midascore.TaskThreeTests        : ...
2026-01-31T09:01:30.778+05:30  INFO 41816 --- [           main] com.jpmc.midascore.TaskThreeTests        : ...
2026-01-31T09:01:50.782+05:30  INFO 41816 --- [           main] com.jpmc.midascore.TaskThreeTests        : ...
2026-01-31T09:02:10.792+05:30  INFO 41816 --- [           main] com.jpmc.midascore.TaskThreeTests        : ...
2026-01-31T09:02:30.798+05:30  INFO 41816 --- [           main] com.jpmc.midascore.TaskThreeTests        : ...
2026-01-31T09:02:50.809+05:30  INFO 41816 --- [           main] com.jpmc.midascore.TaskThreeTests        : ...
2026-01-31T09:03:10.815+05:30  INFO 41816 --- [           main] com.jpmc.midascore.TaskThreeTests        : ...
2026-01-31T09:03:30.826+05:30  INFO 41816 --- [           main] com.jpmc.midascore.TaskThreeTests        : ...
2026-01-31T09:03:50.832+05:30  INFO 41816 --- [           main] com.jpmc.midascore.TaskThreeTests        : ...
2026-01-31T09:04:10.842+05:30  INFO 41816 --- [           main] com.jpmc.midascore.TaskThreeTests        : ...
2026-01-31T09:04:30.852+05:30  INFO 41816 --- [           main] com.jpmc.midascore.TaskThreeTests        : ...
2026-01-31T09:04:50.862+05:30  INFO 41816 --- [           main] com.jpmc.midascore.TaskThreeTests        : ...
2026-01-31T09:05:10.864+05:30  INFO 41816 --- [           main] com.jpmc.midascore.TaskThreeTests        : ...
2026-01-31T09:05:30.864+05:30  INFO 41816 --- [           main] com.jpmc.midascore.TaskThreeTests        : ...
2026-01-31T09:05:50.868+05:30  INFO 41816 --- [           main] com.jpmc.midascore.TaskThreeTests        : ...
2026-01-31T09:06:10.880+05:30  INFO 41816 --- [           main] com.jpmc.midascore.TaskThreeTests        : ...
2026-01-31T09:06:30.887+05:30  INFO 41816 --- [           main] com.jpmc.midascore.TaskThreeTests        : ...
2026-01-31T09:06:50.896+05:30  INFO 41816 --- [           main] com.jpmc.midascore.TaskThreeTests        : ...
2026-01-31T09:07:10.899+05:30  INFO 41816 --- [           main] com.jpmc.midascore.TaskThreeTests        : ...
2026-01-31T09:07:30.907+05:30  INFO 41816 --- [           main] com.jpmc.midascore.TaskThreeTests        : ...
2026-01-31T09:07:50.917+05:30  INFO 41816 --- [           main] com.jpmc.midascore.TaskThreeTests        : ...
2026-01-31T09:08:10.924+05:30  INFO 41816 --- [           main] com.jpmc.midascore.TaskThreeTests        : ...
2026-01-31T09:08:30.928+05:30  INFO 41816 --- [           main] com.jpmc.midascore.TaskThreeTests        : ...
